Archive member included to satisfy reference by file (symbol)

/home/fossa/opt/xPacks/@xpack-dev-tools/arm-none-eabi-gcc/9.3.1-1.4.1/.content/bin/../lib/gcc/arm-none-eabi/9.3.1/../../../../arm-none-eabi/lib/thumb/v7-m/nofp/libg_nano.a(lib_a-ctype_.o)
                              ./system/src/newlib/_syscalls.o (symbol from plugin) (_ctype_)
/home/fossa/opt/xPacks/@xpack-dev-tools/arm-none-eabi-gcc/9.3.1-1.4.1/.content/bin/../lib/gcc/arm-none-eabi/9.3.1/../../../../arm-none-eabi/lib/thumb/v7-m/nofp/libg_nano.a(lib_a-errno.o)
                              ./system/src/newlib/_sbrk.o (symbol from plugin) (__errno)
/home/fossa/opt/xPacks/@xpack-dev-tools/arm-none-eabi-gcc/9.3.1-1.4.1/.content/bin/../lib/gcc/arm-none-eabi/9.3.1/../../../../arm-none-eabi/lib/thumb/v7-m/nofp/libg_nano.a(lib_a-exit.o)
                              /home/fossa/opt/xPacks/@xpack-dev-tools/arm-none-eabi-gcc/9.3.1-1.4.1/.content/bin/../lib/gcc/arm-none-eabi/9.3.1/../../../../arm-none-eabi/lib/thumb/v7-m/nofp/crt0.o (exit)
/home/fossa/opt/xPacks/@xpack-dev-tools/arm-none-eabi-gcc/9.3.1-1.4.1/.content/bin/../lib/gcc/arm-none-eabi/9.3.1/../../../../arm-none-eabi/lib/thumb/v7-m/nofp/libg_nano.a(lib_a-findfp.o)
                              ./system/src/newlib/_syscalls.o (symbol from plugin) (__sinit)
/home/fossa/opt/xPacks/@xpack-dev-tools/arm-none-eabi-gcc/9.3.1-1.4.1/.content/bin/../lib/gcc/arm-none-eabi/9.3.1/../../../../arm-none-eabi/lib/thumb/v7-m/nofp/libg_nano.a(lib_a-fwalk.o)
                              /home/fossa/opt/xPacks/@xpack-dev-tools/arm-none-eabi-gcc/9.3.1-1.4.1/.content/bin/../lib/gcc/arm-none-eabi/9.3.1/../../../../arm-none-eabi/lib/thumb/v7-m/nofp/libg_nano.a(lib_a-findfp.o) (_fwalk)
/home/fossa/opt/xPacks/@xpack-dev-tools/arm-none-eabi-gcc/9.3.1-1.4.1/.content/bin/../lib/gcc/arm-none-eabi/9.3.1/../../../../arm-none-eabi/lib/thumb/v7-m/nofp/libg_nano.a(lib_a-impure.o)
                              /home/fossa/opt/xPacks/@xpack-dev-tools/arm-none-eabi-gcc/9.3.1-1.4.1/.content/bin/../lib/gcc/arm-none-eabi/9.3.1/../../../../arm-none-eabi/lib/thumb/v7-m/nofp/libg_nano.a(lib_a-exit.o) (_global_impure_ptr)
/home/fossa/opt/xPacks/@xpack-dev-tools/arm-none-eabi-gcc/9.3.1-1.4.1/.content/bin/../lib/gcc/arm-none-eabi/9.3.1/../../../../arm-none-eabi/lib/thumb/v7-m/nofp/libg_nano.a(lib_a-init.o)
                              /home/fossa/opt/xPacks/@xpack-dev-tools/arm-none-eabi-gcc/9.3.1-1.4.1/.content/bin/../lib/gcc/arm-none-eabi/9.3.1/../../../../arm-none-eabi/lib/thumb/v7-m/nofp/crt0.o (__libc_init_array)
/home/fossa/opt/xPacks/@xpack-dev-tools/arm-none-eabi-gcc/9.3.1-1.4.1/.content/bin/../lib/gcc/arm-none-eabi/9.3.1/../../../../arm-none-eabi/lib/thumb/v7-m/nofp/libg_nano.a(lib_a-lock.o)
                              /home/fossa/opt/xPacks/@xpack-dev-tools/arm-none-eabi-gcc/9.3.1-1.4.1/.content/bin/../lib/gcc/arm-none-eabi/9.3.1/../../../../arm-none-eabi/lib/thumb/v7-m/nofp/libg_nano.a(lib_a-findfp.o) (__retarget_lock_init_recursive)
/home/fossa/opt/xPacks/@xpack-dev-tools/arm-none-eabi-gcc/9.3.1-1.4.1/.content/bin/../lib/gcc/arm-none-eabi/9.3.1/../../../../arm-none-eabi/lib/thumb/v7-m/nofp/libg_nano.a(lib_a-memset.o)
                              /home/fossa/opt/xPacks/@xpack-dev-tools/arm-none-eabi-gcc/9.3.1-1.4.1/.content/bin/../lib/gcc/arm-none-eabi/9.3.1/../../../../arm-none-eabi/lib/thumb/v7-m/nofp/crt0.o (memset)
/home/fossa/opt/xPacks/@xpack-dev-tools/arm-none-eabi-gcc/9.3.1-1.4.1/.content/bin/../lib/gcc/arm-none-eabi/9.3.1/../../../../arm-none-eabi/lib/thumb/v7-m/nofp/libg_nano.a(lib_a-nano-mallocr.o)
                              /home/fossa/opt/xPacks/@xpack-dev-tools/arm-none-eabi-gcc/9.3.1-1.4.1/.content/bin/../lib/gcc/arm-none-eabi/9.3.1/../../../../arm-none-eabi/lib/thumb/v7-m/nofp/libg_nano.a(lib_a-findfp.o) (_malloc_r)
/home/fossa/opt/xPacks/@xpack-dev-tools/arm-none-eabi-gcc/9.3.1-1.4.1/.content/bin/../lib/gcc/arm-none-eabi/9.3.1/../../../../arm-none-eabi/lib/thumb/v7-m/nofp/libg_nano.a(lib_a-sbrkr.o)
                              /home/fossa/opt/xPacks/@xpack-dev-tools/arm-none-eabi-gcc/9.3.1-1.4.1/.content/bin/../lib/gcc/arm-none-eabi/9.3.1/../../../../arm-none-eabi/lib/thumb/v7-m/nofp/libg_nano.a(lib_a-nano-mallocr.o) (_sbrk_r)
/home/fossa/opt/xPacks/@xpack-dev-tools/arm-none-eabi-gcc/9.3.1-1.4.1/.content/bin/../lib/gcc/arm-none-eabi/9.3.1/../../../../arm-none-eabi/lib/thumb/v7-m/nofp/libg_nano.a(lib_a-stdio.o)
                              /home/fossa/opt/xPacks/@xpack-dev-tools/arm-none-eabi-gcc/9.3.1-1.4.1/.content/bin/../lib/gcc/arm-none-eabi/9.3.1/../../../../arm-none-eabi/lib/thumb/v7-m/nofp/libg_nano.a(lib_a-findfp.o) (__sread)
/home/fossa/opt/xPacks/@xpack-dev-tools/arm-none-eabi-gcc/9.3.1-1.4.1/.content/bin/../lib/gcc/arm-none-eabi/9.3.1/../../../../arm-none-eabi/lib/thumb/v7-m/nofp/libg_nano.a(lib_a-writer.o)
[...]
Memory Configuration

Name             Origin             Length             Attributes
RAM              0x0000000020000000 0x0000000000005000 xrw
CCMRAM           0x0000000000000000 0x0000000000000000 xrw
FLASH            0x0000000008000000 0x0000000000020000 xr
FLASHB1          0x0000000000000000 0x0000000000000000 xr
EXTMEMB0         0x0000000000000000 0x0000000000000000 xr
EXTMEMB1         0x0000000000000000 0x0000000000000000 xr
EXTMEMB2         0x0000000000000000 0x0000000000000000 xr
EXTMEMB3         0x0000000000000000 0x0000000000000000 xr
MEMORY_ARRAY     0x0000000000000000 0x0000000000000000 xrw
*default*        0x0000000000000000 0xffffffffffffffff

Linker script and memory map

LOAD /home/fossa/opt/xPacks/@xpack-dev-tools/arm-none-eabi-gcc/9.3.1-1.4.1/.content/bin/../lib/gcc/arm-none-eabi/9.3.1/thumb/v7-m/nofp/crti.o
LOAD /home/fossa/opt/xPacks/@xpack-dev-tools/arm-none-eabi-gcc/9.3.1-1.4.1/.content/bin/../lib/gcc/arm-none-eabi/9.3.1/thumb/v7-m/nofp/crtbegin.o
LOAD /home/fossa/opt/xPacks/@xpack-dev-tools/arm-none-eabi-gcc/9.3.1-1.4.1/.content/bin/../lib/gcc/arm-none-eabi/9.3.1/../../../../arm-none-eabi/lib/thumb/v7-m/nofp/crt0.o
LOAD ./system/src/stm32f1xx/stm32f1xx_hal.o
LOAD /tmp/SSD1327 Demo.elf.1sMBxm.ltrans0.ltrans.o
LOAD /tmp/cc8O6Heo.debug.temp.o
LOAD /tmp/ccmFhVFn.debug.temp.o
LOAD /tmp/ccrL3q0l.debug.temp.o
LOAD /tmp/ccUqpwKl.debug.temp.o
LOAD /tmp/ccSQE35k.debug.temp.o
LOAD /tmp/ccDpJzln.debug.temp.o
LOAD /tmp/ccDGXV7l.debug.temp.o
LOAD /tmp/ccwLNU3k.debug.temp.o
LOAD /tmp/ccGUlnHm.debug.temp.o
LOAD /tmp/cctAYqwn.debug.temp.o
LOAD /tmp/ccKVYpIl.debug.temp.o
LOAD /tmp/cctzGWnl.debug.temp.o
LOAD /tmp/ccJWRf6o.debug.temp.o
LOAD /tmp/ccV7Elqn.debug.temp.o
LOAD /tmp/ccp1519o.debug.temp.o
LOAD /tmp/ccpBOyjl.debug.temp.o
LOAD /tmp/cchr5FNo.debug.temp.o
LOAD /tmp/ccOK9GFo.debug.temp.o
LOAD /tmp/ccAdl3Xl.debug.temp.o
LOAD /tmp/ccP6MNNl.debug.temp.o
LOAD /tmp/ccGqvi0o.debug.temp.o
LOAD /tmp/ccEHZGnn.debug.temp.o
LOAD /tmp/ccRbAG0o.debug.temp.o
LOAD /tmp/cchPzRkl.debug.temp.o
LOAD /tmp/cc9zUOen.debug.temp.o
LOAD /tmp/ccrhxpOo.debug.temp.o
LOAD /tmp/cc6p5CTm.debug.temp.o
LOAD /tmp/cc0hRMjl.debug.temp.o
LOAD /tmp/ccXOsqPm.debug.temp.o
LOAD /tmp/ccBbGG9m.debug.temp.o
LOAD /tmp/ccfg5Wxo.debug.temp.o
LOAD /tmp/ccBLP8Yn.debug.temp.o
LOAD /tmp/cc4lcZSm.debug.temp.o
LOAD /tmp/cckm6ZMn.debug.temp.o
LOAD /tmp/ccgjB8Ko.debug.temp.o
LOAD /tmp/ccoDioJn.debug.temp.o
LOAD /tmp/cc9hn5pm.debug.temp.o
LOAD /tmp/ccgzAd4n.debug.temp.o
LOAD /tmp/ccSjKhxm.debug.temp.o
LOAD /tmp/ccoROZMm.debug.temp.o
LOAD /tmp/cchjoSZn.debug.temp.o
LOAD /tmp/ccJDXHso.debug.temp.o
LOAD /tmp/ccWXs1Bm.debug.temp.o
LOAD /tmp/cc22GMLl.debug.temp.o
LOAD /tmp/ccn565vo.debug.temp.o
LOAD /tmp/ccWOTa8n.debug.temp.o
LOAD /tmp/ccJwEkqo.debug.temp.o
LOAD /tmp/ccGmWzYm.debug.temp.o
LOAD /tmp/ccDWL3im.debug.temp.o
LOAD /tmp/ccfWDk1m.debug.temp.o
LOAD /tmp/ccC7wfNl.debug.temp.o
LOAD /tmp/ccxNKbVl.debug.temp.o
LOAD /tmp/ccm2LPWm.debug.temp.o
LOAD /tmp/ccJaqIpm.debug.temp.o
LOAD /tmp/ccfz6Iwp.debug.temp.o
LOAD /tmp/ccBdYHQo.debug.temp.o
LOAD /tmp/ccncQlGl.debug.temp.o
LOAD /tmp/ccNbO3gm.debug.temp.o
LOAD /tmp/ccuiRNil.debug.temp.o
LOAD /tmp/ccZJ3B8k.debug.temp.o
LOAD /tmp/cckIUJbn.debug.temp.o
LOAD /tmp/cc51LhVl.debug.temp.o
LOAD /tmp/ccyIfmbp.debug.temp.o
LOAD /tmp/ccGV28Hl.debug.temp.o
LOAD /tmp/ccMfbxEn.debug.temp.o
LOAD /tmp/ccnmYz1o.debug.temp.o
LOAD /tmp/ccc7DHKm.debug.temp.o
LOAD /tmp/ccfEcUMm.debug.temp.o
LOAD /tmp/ccy6696n.debug.temp.o
LOAD /tmp/cc1SYrFm.debug.temp.o
LOAD /tmp/cc8dkNZm.debug.temp.o
LOAD /tmp/ccHgSaap.debug.temp.o
LOAD /tmp/ccOs3ntp.debug.temp.o
LOAD /tmp/ccOLdH7o.debug.temp.o
LOAD /tmp/ccBn1mYk.debug.temp.o
LOAD /tmp/ccUos8Hm.debug.temp.o
LOAD /tmp/ccEHeSvo.debug.temp.o
LOAD /tmp/cc9YFLno.debug.temp.o
LOAD /tmp/cc1IR3wl.debug.temp.o
LOAD /tmp/ccFMRNbm.debug.temp.o
LOAD /tmp/ccoDN9on.debug.temp.o
LOAD /tmp/cc5WAA7l.debug.temp.o
LOAD /tmp/ccOjWppo.debug.temp.o
LOAD /tmp/cc0haMup.debug.temp.o
LOAD /tmp/ccyaNa4m.debug.temp.o
LOAD ./system/src/stm32f1xx/stm32f1xx_hal_adc.o
LOAD ./system/src/stm32f1xx/stm32f1xx_hal_adc_ex.o
LOAD ./system/src/stm32f1xx/stm32f1xx_hal_can.o
LOAD ./system/src/stm32f1xx/stm32f1xx_hal_cec.o
LOAD ./system/src/stm32f1xx/stm32f1xx_hal_cortex.o
LOAD ./system/src/stm32f1xx/stm32f1xx_hal_crc.o
LOAD ./system/src/stm32f1xx/stm32f1xx_hal_dac.o
LOAD ./system/src/stm32f1xx/stm32f1xx_hal_dac_ex.o
LOAD ./system/src/stm32f1xx/stm32f1xx_hal_dma.o
LOAD ./system/src/stm32f1xx/stm32f1xx_hal_eth.o
LOAD ./system/src/stm32f1xx/stm32f1xx_hal_flash.o
LOAD ./system/src/stm32f1xx/stm32f1xx_hal_flash_ex.o
LOAD ./system/src/stm32f1xx/stm32f1xx_hal_gpio.o
LOAD ./system/src/stm32f1xx/stm32f1xx_hal_gpio_ex.o
LOAD ./system/src/stm32f1xx/stm32f1xx_hal_hcd.o
LOAD ./system/src/stm32f1xx/stm32f1xx_hal_i2c.o
LOAD ./system/src/stm32f1xx/stm32f1xx_hal_i2s.o
LOAD ./system/src/stm32f1xx/stm32f1xx_hal_irda.o
LOAD ./system/src/stm32f1xx/stm32f1xx_hal_iwdg.o
LOAD ./system/src/stm32f1xx/stm32f1xx_hal_mmc.o
LOAD ./system/src/stm32f1xx/stm32f1xx_hal_nand.o
LOAD ./system/src/stm32f1xx/stm32f1xx_hal_nor.o
LOAD ./system/src/stm32f1xx/stm32f1xx_hal_pccard.o
LOAD ./system/src/stm32f1xx/stm32f1xx_hal_pcd.o
LOAD ./system/src/stm32f1xx/stm32f1xx_hal_pcd_ex.o
LOAD ./system/src/stm32f1xx/stm32f1xx_hal_pwr.o
LOAD ./system/src/stm32f1xx/stm32f1xx_hal_rcc.o
LOAD ./system/src/stm32f1xx/stm32f1xx_hal_rcc_ex.o
LOAD ./system/src/stm32f1xx/stm32f1xx_hal_rtc.o
LOAD ./system/src/stm32f1xx/stm32f1xx_hal_rtc_ex.o
LOAD ./system/src/stm32f1xx/stm32f1xx_hal_sd.o
LOAD ./system/src/stm32f1xx/stm32f1xx_hal_smartcard.o
LOAD ./system/src/stm32f1xx/stm32f1xx_hal_spi.o
LOAD ./system/src/stm32f1xx/stm32f1xx_hal_spi_ex.o
LOAD ./system/src/stm32f1xx/stm32f1xx_hal_sram.o
LOAD ./system/src/stm32f1xx/stm32f1xx_hal_tim.o
LOAD ./system/src/stm32f1xx/stm32f1xx_hal_tim_ex.o
LOAD ./system/src/stm32f1xx/stm32f1xx_hal_uart.o
LOAD ./system/src/stm32f1xx/stm32f1xx_hal_usart.o
LOAD ./system/src/stm32f1xx/stm32f1xx_hal_wwdg.o
LOAD ./system/src/stm32f1xx/stm32f1xx_ll_adc.o
LOAD ./system/src/stm32f1xx/stm32f1xx_ll_crc.o
LOAD ./system/src/stm32f1xx/stm32f1xx_ll_dac.o
LOAD ./system/src/stm32f1xx/stm32f1xx_ll_dma.o
LOAD ./system/src/stm32f1xx/stm32f1xx_ll_exti.o
LOAD ./system/src/stm32f1xx/stm32f1xx_ll_fsmc.o
LOAD ./system/src/stm32f1xx/stm32f1xx_ll_gpio.o
LOAD ./system/src/stm32f1xx/stm32f1xx_ll_i2c.o
LOAD ./system/src/stm32f1xx/stm32f1xx_ll_pwr.o
LOAD ./system/src/stm32f1xx/stm32f1xx_ll_rcc.o
LOAD ./system/src/stm32f1xx/stm32f1xx_ll_rtc.o
LOAD ./system/src/stm32f1xx/stm32f1xx_ll_sdmmc.o
LOAD ./system/src/stm32f1xx/stm32f1xx_ll_spi.o
LOAD ./system/src/stm32f1xx/stm32f1xx_ll_tim.o
LOAD ./system/src/stm32f1xx/stm32f1xx_ll_usart.o
LOAD ./system/src/stm32f1xx/stm32f1xx_ll_usb.o
LOAD ./system/src/stm32f1xx/stm32f1xx_ll_utils.o
LOAD ./system/src/newlib/_cxx.o
LOAD ./system/src/newlib/_exit.o
LOAD ./system/src/newlib/_sbrk.o
LOAD ./system/src/newlib/_startup.o
LOAD ./system/src/newlib/_syscalls.o
LOAD ./system/src/newlib/assert.o
LOAD ./system/src/diag/Trace.o
LOAD ./system/src/diag/trace_impl.o
LOAD ./system/src/cortexm/_initialize_hardware.o
LOAD ./system/src/cortexm/_reset_hardware.o
LOAD ./system/src/cortexm/exception_handlers.o
LOAD ./system/src/cmsis/startup_stm32f103x6.o
LOAD ./system/src/cmsis/system_stm32f1xx.o
LOAD ./src/l2hal/src/l2hal.o
LOAD ./src/l2hal/src/l2hal_aux.o
LOAD ./src/l2hal/src/l2hal_custom.o
LOAD ./src/l2hal/src/l2hal_errors.o
LOAD ./src/l2hal/src/l2hal_systick.o
LOAD ./src/l2hal/mcu_dependent/mcus/stm32f103c8t6/drivers/input/buttons/src/l2hal_stm32f103c8t6_buttons.o
LOAD ./src/l2hal/drivers/input/encoders/src/l2hal_encoders.o
LOAD ./src/l2hal/drivers/input/buttons/src/l2hal_buttons.o
LOAD ./src/l2hal/drivers/display/ssd1327/src/l2hal_ssd1327.o
LOAD ./src/l2hal/drivers/display/ssd1306/src/l2hal_ssd1306.o
LOAD ./src/fmgl/src/fmgl.o
LOAD ./src/fmgl/src/fmgl_private.o
LOAD ./src/fmgl/fonts/src/terminusRegular12.o
LOAD ./src/main.o
LOAD ./src/stm32f1xx_it.o
LOAD /home/fossa/opt/xPacks/@xpack-dev-tools/arm-none-eabi-gcc/9.3.1-1.4.1/.content/bin/../lib/gcc/arm-none-eabi/9.3.1/../../../../arm-none-eabi/lib/thumb/v7-m/nofp/libstdc++_nano.a
LOAD /home/fossa/opt/xPacks/@xpack-dev-tools/arm-none-eabi-gcc/9.3.1-1.4.1/.content/bin/../lib/gcc/arm-none-eabi/9.3.1/../../../../arm-none-eabi/lib/thumb/v7-m/nofp/libm.a
START GROUP
LOAD /home/fossa/opt/xPacks/@xpack-dev-tools/arm-none-eabi-gcc/9.3.1-1.4.1/.content/bin/../lib/gcc/arm-none-eabi/9.3.1/thumb/v7-m/nofp/libgcc.a
LOAD /home/fossa/opt/xPacks/@xpack-dev-tools/arm-none-eabi-gcc/9.3.1-1.4.1/.content/bin/../lib/gcc/arm-none-eabi/9.3.1/../../../../arm-none-eabi/lib/thumb/v7-m/nofp/libg_nano.a
LOAD /home/fossa/opt/xPacks/@xpack-dev-tools/arm-none-eabi-gcc/9.3.1-1.4.1/.content/bin/../lib/gcc/arm-none-eabi/9.3.1/../../../../arm-none-eabi/lib/thumb/v7-m/nofp/libc_nano.a
END GROUP
START GROUP
LOAD /home/fossa/opt/xPacks/@xpack-dev-tools/arm-none-eabi-gcc/9.3.1-1.4.1/.content/bin/../lib/gcc/arm-none-eabi/9.3.1/thumb/v7-m/nofp/libgcc.a
LOAD /home/fossa/opt/xPacks/@xpack-dev-tools/arm-none-eabi-gcc/9.3.1-1.4.1/.content/bin/../lib/gcc/arm-none-eabi/9.3.1/../../../../arm-none-eabi/lib/thumb/v7-m/nofp/libc_nano.a
END GROUP
LOAD /home/fossa/opt/xPacks/@xpack-dev-tools/arm-none-eabi-gcc/9.3.1-1.4.1/.content/bin/../lib/gcc/arm-none-eabi/9.3.1/thumb/v7-m/nofp/crtend.o
LOAD /home/fossa/opt/xPacks/@xpack-dev-tools/arm-none-eabi-gcc/9.3.1-1.4.1/.content/bin/../lib/gcc/arm-none-eabi/9.3.1/thumb/v7-m/nofp/crtn.o
                0x0000000020005000                __stack = (ORIGIN (RAM) + LENGTH (RAM))
                0x0000000020005000                _estack = __stack
                0x0000000000000400                __Main_Stack_Size = 0x400
                [!provide]                        PROVIDE (_Main_Stack_Size = __Main_Stack_Size)
                0x0000000020004c00                __Main_Stack_Limit = (__stack - __Main_Stack_Size)
                [!provide]                        PROVIDE (_Main_Stack_Limit = __Main_Stack_Limit)
                0x0000000000000100                _Minimum_Stack_Size = 0x100
                0x00000000200021d8                PROVIDE (_Heap_Begin = _end_noinit)
                0x0000000020004c00                PROVIDE (_Heap_Limit = (__stack - __Main_Stack_Size))

.isr_vector     0x0000000008000000      0x10c
 FILL mask 0xff
                0x0000000008000000                __vectors_start = ABSOLUTE (.)
                0x0000000008000000                __vectors_start__ = ABSOLUTE (.)
 *(.isr_vector)
 .isr_vector    0x0000000008000000      0x10c ./system/src/cmsis/startup_stm32f103x6.o
                0x0000000008000000                g_pfnVectors
 *(.cfmconfig)
 *(.after_vectors .after_vectors.*)

.inits          0x000000000800010c       0x48
                0x000000000800010c                __data_regions_array_start = .
                0x000000000800010c        0x4 LONG 0x8004b00 LOADADDR (.data)
                0x0000000008000110        0x4 LONG 0x20000000 ADDR (.data)
                0x0000000008000114        0x4 LONG 0x20000068 (ADDR (.data) + SIZEOF (.data))
                0x0000000008000118        0x4 LONG 0x8004b00 LOADADDR (.data_CCMRAM)
                0x000000000800011c        0x4 LONG 0x0 ADDR (.data_CCMRAM)
                0x0000000008000120        0x4 LONG 0x0 (ADDR (.data_CCMRAM) + SIZEOF (.data_CCMRAM))
                0x0000000008000124                __data_regions_array_end = .
                0x0000000008000124                __bss_regions_array_start = .
                0x0000000008000124        0x4 LONG 0x20000068 ADDR (.bss)
                0x0000000008000128        0x4 LONG 0x200021d8 (ADDR (.bss) + SIZEOF (.bss))
                0x000000000800012c        0x4 LONG 0x0 ADDR (.bss_CCMRAM)
                0x0000000008000130        0x4 LONG 0x0 (ADDR (.bss_CCMRAM) + SIZEOF (.bss_CCMRAM))
                0x0000000008000134                __bss_regions_array_end = .
 *(.init)
 .init          0x0000000008000134        0x4 /home/fossa/opt/xPacks/@xpack-dev-tools/arm-none-eabi-gcc/9.3.1-1.4.1/.content/bin/../lib/gcc/arm-none-eabi/9.3.1/thumb/v7-m/nofp/crti.o
                0x0000000008000134                _init
 .init          0x0000000008000138        0x8 /home/fossa/opt/xPacks/@xpack-dev-tools/arm-none-eabi-gcc/9.3.1-1.4.1/.content/bin/../lib/gcc/arm-none-eabi/9.3.1/thumb/v7-m/nofp/crtn.o
 *(.fini)
 .fini          0x0000000008000140        0x4 /home/fossa/opt/xPacks/@xpack-dev-tools/arm-none-eabi-gcc/9.3.1-1.4.1/.content/bin/../lib/gcc/arm-none-eabi/9.3.1/thumb/v7-m/nofp/crti.o
                0x0000000008000140                _fini
 .fini          0x0000000008000144        0x8 /home/fossa/opt/xPacks/@xpack-dev-tools/arm-none-eabi-gcc/9.3.1-1.4.1/.content/bin/../lib/gcc/arm-none-eabi/9.3.1/thumb/v7-m/nofp/crtn.o
                0x000000000800014c                . = ALIGN (0x4)
                0x000000000800014c                PROVIDE (__preinit_array_start = .)
 *(.preinit_array_sysinit .preinit_array_sysinit.*)
 *(.preinit_array_platform .preinit_array_platform.*)
 *(.preinit_array .preinit_array.*)
                0x000000000800014c                PROVIDE (__preinit_array_end = .)
                0x000000000800014c                . = ALIGN (0x4)
                0x000000000800014c                PROVIDE (__init_array_start = .)
 *(SORT_BY_NAME(.init_array.*))
 *(.init_array)
 .init_array    0x000000000800014c        0x4 /home/fossa/opt/xPacks/@xpack-dev-tools/arm-none-eabi-gcc/9.3.1-1.4.1/.content/bin/../lib/gcc/arm-none-eabi/9.3.1/thumb/v7-m/nofp/crtbegin.o
                0x0000000008000150                PROVIDE (__init_array_end = .)
                0x0000000008000150                . = ALIGN (0x4)
                0x0000000008000150                PROVIDE (__fini_array_start = .)
 *(SORT_BY_NAME(.fini_array.*))
 *(.fini_array)
 .fini_array    0x0000000008000150        0x4 /home/fossa/opt/xPacks/@xpack-dev-tools/arm-none-eabi-gcc/9.3.1-1.4.1/.content/bin/../lib/gcc/arm-none-eabi/9.3.1/thumb/v7-m/nofp/crtbegin.o
                0x0000000008000154                PROVIDE (__fini_array_end = .)

.flashtext
 *(.flashtext .flashtext.*)

.text           0x0000000008000154     0x49a4
 *(.text .text.*)
 .text.__do_global_dtors_aux
                0x0000000008000154       0x24 /home/fossa/opt/xPacks/@xpack-dev-tools/arm-none-eabi-gcc/9.3.1-1.4.1/.content/bin/../lib/gcc/arm-none-eabi/9.3.1/thumb/v7-m/nofp/crtbegin.o
 .text.frame_dummy
                0x0000000008000178       0x1c /home/fossa/opt/xPacks/@xpack-dev-tools/arm-none-eabi-gcc/9.3.1-1.4.1/.content/bin/../lib/gcc/arm-none-eabi/9.3.1/thumb/v7-m/nofp/crtbegin.o
 .text          0x0000000008000194       0x7c /home/fossa/opt/xPacks/@xpack-dev-tools/arm-none-eabi-gcc/9.3.1-1.4.1/.content/bin/../lib/gcc/arm-none-eabi/9.3.1/../../../../arm-none-eabi/lib/thumb/v7-m/nofp/crt0.o
                0x0000000008000194                _stack_init
                0x000000000800019c                _mainCRTStartup
                0x000000000800019c                _start
 .text.L2HAL_SSD1327_GetWidth
                0x0000000008000210        0x4 /tmp/SSD1327 Demo.elf.1sMBxm.ltrans0.ltrans.o
 .text.L2HAL_SSD1327_GetHeight
                0x0000000008000214        0x4 /tmp/SSD1327 Demo.elf.1sMBxm.ltrans0.ltrans.o
 .text.L2HAL_SSD1327_SetActiveColor
                0x0000000008000218       0x4c /tmp/SSD1327 Demo.elf.1sMBxm.ltrans0.ltrans.o
 .text.FMGL_FontTerminusRegular12Init
                0x0000000008000264       0x28 /tmp/SSD1327 Demo.elf.1sMBxm.ltrans0.ltrans.o
 .text.FMGL_FontTerminusRegular12GetCharacterWidth
                0x000000000800028c        0x4 /tmp/SSD1327 Demo.elf.1sMBxm.ltrans0.ltrans.o
 .text.FMGL_FontTerminusRegular12GetCharacterRaster
                0x0000000008000290       0x20 /tmp/SSD1327 Demo.elf.1sMBxm.ltrans0.ltrans.o
 .text.FMGL_Priv_IsActiveXBMPixel
                0x00000000080002b0       0x40 /tmp/SSD1327 Demo.elf.1sMBxm.ltrans0.ltrans.o
 .text.FMGL_API_GetDisplayHeight
                0x00000000080002f0        0x8 /tmp/SSD1327 Demo.elf.1sMBxm.ltrans0.ltrans.o
 .text.FMGL_API_GetDisplayWidth
                0x00000000080002f8        0x8 /tmp/SSD1327 Demo.elf.1sMBxm.ltrans0.ltrans.o
 .text.FMGL_API_PushFramebuffer
                0x0000000008000300        0xa /tmp/SSD1327 Demo.elf.1sMBxm.ltrans0.ltrans.o
 .text.FMGL_API_DrawPixel
                0x000000000800030a       0x16 /tmp/SSD1327 Demo.elf.1sMBxm.ltrans0.ltrans.o
 .text.FMGL_API_DrawLineVertical
                0x0000000008000320       0x3c /tmp/SSD1327 Demo.elf.1sMBxm.ltrans0.ltrans.o
 .text.FMGL_API_DrawLineHorizontal
                0x000000000800035c       0x3c /tmp/SSD1327 Demo.elf.1sMBxm.ltrans0.ltrans.o
 .text.FMGL_API_GetActiveColor
                0x0000000008000398       0x20 /tmp/SSD1327 Demo.elf.1sMBxm.ltrans0.ltrans.o
 .text.FMGL_API_SetActiveColor
                0x00000000080003b8       0x1a /tmp/SSD1327 Demo.elf.1sMBxm.ltrans0.ltrans.o
 .text.FMGL_API_DrawRectangleFilled
                0x00000000080003d2      0x114 /tmp/SSD1327 Demo.elf.1sMBxm.ltrans0.ltrans.o
 .text.FMGL_API_FillScreen
                0x00000000080004e6       0x40 /tmp/SSD1327 Demo.elf.1sMBxm.ltrans0.ltrans.o
 .text.FMGL_API_ClearScreen
                0x0000000008000526       0x1c /tmp/SSD1327 Demo.elf.1sMBxm.ltrans0.ltrans.o
 .text.FMGL_API_RenderXBM
                0x0000000008000542       0xfa /tmp/SSD1327 Demo.elf.1sMBxm.ltrans0.ltrans.o
 .text.FMGL_Priv_RenderCharacter
                0x000000000800063c       0x68 /tmp/SSD1327 Demo.elf.1sMBxm.ltrans0.ltrans.o
 .text.FMGL_API_AttachToDriver
                0x00000000080006a4       0x3c /tmp/SSD1327 Demo.elf.1sMBxm.ltrans0.ltrans.o
 .text.L2HAL_SSD1327_InterruptTransferCompleted
                0x00000000080006e0       0x12 /tmp/SSD1327 Demo.elf.1sMBxm.ltrans0.ltrans.o
 .text.L2HAL_SSD1327_GetPixelAddress
                0x00000000080006f2       0x2c /tmp/SSD1327 Demo.elf.1sMBxm.ltrans0.ltrans.o
 .text.L2HAL_SSD1327_DrawPixel
                0x000000000800071e       0x50 /tmp/SSD1327 Demo.elf.1sMBxm.ltrans0.ltrans.o
 .text.L2HAL_SSD1327_GetPixel
                0x000000000800076e       0x8e /tmp/SSD1327 Demo.elf.1sMBxm.ltrans0.ltrans.o
 .text.L2HAL_SSD1327_WaitForTransferCompletion
                0x00000000080007fc        0xc /tmp/SSD1327 Demo.elf.1sMBxm.ltrans0.ltrans.o
 .text.L2HAL_SysTick_Callback
                0x0000000008000808       0x24 /tmp/SSD1327 Demo.elf.1sMBxm.ltrans0.ltrans.o
 .text.HAL_I2C_MemTxCpltCallback
                0x000000000800082c       0x1c /tmp/SSD1327 Demo.elf.1sMBxm.ltrans0.ltrans.o
 .text._trace_write_semihosting_debug
                0x0000000008000848       0x60 /tmp/SSD1327 Demo.elf.1sMBxm.ltrans0.ltrans.o
 .text.trace_write
                0x00000000080008a8        0x8 /tmp/SSD1327 Demo.elf.1sMBxm.ltrans0.ltrans.o
 .text.RCC_Delay
                0x00000000080008b0       0x2c /tmp/SSD1327 Demo.elf.1sMBxm.ltrans0.ltrans.o
 .text.HAL_RCC_GetHCLKFreq
                0x00000000080008dc        0xc /tmp/SSD1327 Demo.elf.1sMBxm.ltrans0.ltrans.o
 .text.HAL_RCC_GetPCLK1Freq
                0x00000000080008e8       0x20 /tmp/SSD1327 Demo.elf.1sMBxm.ltrans0.ltrans.o
 .text.HAL_RCC_GetSysClockFreq
                0x0000000008000908       0x6c /tmp/SSD1327 Demo.elf.1sMBxm.ltrans0.ltrans.o
 .text.I2C_SlaveReceive_BTF
                0x0000000008000974       0x20 /tmp/SSD1327 Demo.elf.1sMBxm.ltrans0.ltrans.o
 .text.I2C_SlaveTransmit_BTF
                0x0000000008000994       0x20 /tmp/SSD1327 Demo.elf.1sMBxm.ltrans0.ltrans.o
 .text.I2C_Master_ADDR
                0x00000000080009b4      0x1da /tmp/SSD1327 Demo.elf.1sMBxm.ltrans0.ltrans.o
 .text.I2C_Master_ADD10
                0x0000000008000b8e        0xc /tmp/SSD1327 Demo.elf.1sMBxm.ltrans0.ltrans.o
 .text.I2C_Master_SB
                0x0000000008000b9a       0x88 /tmp/SSD1327 Demo.elf.1sMBxm.ltrans0.ltrans.o
 .text.I2C_DMAAbort
                0x0000000008000c22       0x54 /tmp/SSD1327 Demo.elf.1sMBxm.ltrans0.ltrans.o
 .text.I2C_Slave_ADDR
                0x0000000008000c76        0xa /tmp/SSD1327 Demo.elf.1sMBxm.ltrans0.ltrans.o
 .text.I2C_SlaveReceive_RXNE
                0x0000000008000c80       0x4e /tmp/SSD1327 Demo.elf.1sMBxm.ltrans0.ltrans.o
 *fill*         0x0000000008000cce        0x2 
 .text.I2C_Slave_AF
                0x0000000008000cd0       0x8c /tmp/SSD1327 Demo.elf.1sMBxm.ltrans0.ltrans.o
 .text.I2C_SlaveTransmit_TXE
                0x0000000008000d5c       0x46 /tmp/SSD1327 Demo.elf.1sMBxm.ltrans0.ltrans.o
 .text.I2C_MasterReceive_BTF
                0x0000000008000da2       0xf4 /tmp/SSD1327 Demo.elf.1sMBxm.ltrans0.ltrans.o
 .text.I2C_MasterReceive_RXNE
                0x0000000008000e96       0xc6 /tmp/SSD1327 Demo.elf.1sMBxm.ltrans0.ltrans.o
 .text.I2C_MasterTransmit_BTF
                0x0000000008000f5c       0x96 /tmp/SSD1327 Demo.elf.1sMBxm.ltrans0.ltrans.o
 .text.I2C_MasterTransmit_TXE
                0x0000000008000ff2      0x142 /tmp/SSD1327 Demo.elf.1sMBxm.ltrans0.ltrans.o
 .text.HAL_DMA_Abort_IT
                0x0000000008001134       0x98 /tmp/SSD1327 Demo.elf.1sMBxm.ltrans0.ltrans.o
 .text.I2C_ITError
                0x00000000080011cc      0x138 /tmp/SSD1327 Demo.elf.1sMBxm.ltrans0.ltrans.o
 .text.I2C_Slave_STOPF
                0x0000000008001304       0xfc /tmp/SSD1327 Demo.elf.1sMBxm.ltrans0.ltrans.o
 .text.HAL_I2C_EV_IRQHandler
                0x0000000008001400      0x168 /tmp/SSD1327 Demo.elf.1sMBxm.ltrans0.ltrans.o
 .text.HAL_I2C_ER_IRQHandler
                0x0000000008001568       0xdc /tmp/SSD1327 Demo.elf.1sMBxm.ltrans0.ltrans.o
 .text.HAL_SYSTICK_Config
                0x0000000008001644       0x2c /tmp/SSD1327 Demo.elf.1sMBxm.ltrans0.ltrans.o
 .text.HAL_GetTick
                0x0000000008001670        0xc /tmp/SSD1327 Demo.elf.1sMBxm.ltrans0.ltrans.o
 .text.I2C_WaitOnFlagUntilTimeout
                0x000000000800167c       0x6c /tmp/SSD1327 Demo.elf.1sMBxm.ltrans0.ltrans.o
 .text.HAL_I2C_IsDeviceReady
                0x00000000080016e8      0x194 /tmp/SSD1327 Demo.elf.1sMBxm.ltrans0.ltrans.o
 .text.L2HAL_SSD1327_DetectDisplayAtAddress
                0x000000000800187c       0x2e /tmp/SSD1327 Demo.elf.1sMBxm.ltrans0.ltrans.o
 .text.L2HAL_SSD1327_DetectDisplay
                0x00000000080018aa       0x3e /tmp/SSD1327 Demo.elf.1sMBxm.ltrans0.ltrans.o
 .text.HAL_Delay
                0x00000000080018e8       0x1e /tmp/SSD1327 Demo.elf.1sMBxm.ltrans0.ltrans.o
 *fill*         0x0000000008001906        0x2 
 .text.HAL_IncTick
                0x0000000008001908       0x10 /tmp/SSD1327 Demo.elf.1sMBxm.ltrans0.ltrans.o
 .text.trace_puts
                0x0000000008001918       0x20 /tmp/SSD1327 Demo.elf.1sMBxm.ltrans0.ltrans.o
 .text.L2HAL_SysTick_Init
                0x0000000008001938       0x14 /tmp/SSD1327 Demo.elf.1sMBxm.ltrans0.ltrans.o
 .text.AUX_Str_Substring
                0x000000000800194c       0x20 /tmp/SSD1327 Demo.elf.1sMBxm.ltrans0.ltrans.o
 .text.AUX_Mem_SafeFree
                0x000000000800196c        0x8 /tmp/SSD1327 Demo.elf.1sMBxm.ltrans0.ltrans.o
 .text.trace_printf
                0x0000000008001974       0x34 /tmp/SSD1327 Demo.elf.1sMBxm.ltrans0.ltrans.o
 .text.SysTick_Handler
                0x00000000080019a8        0xc /tmp/SSD1327 Demo.elf.1sMBxm.ltrans0.ltrans.o
                0x00000000080019a8                SysTick_Handler
 .text.PendSV_Handler
                0x00000000080019b4        0x2 /tmp/SSD1327 Demo.elf.1sMBxm.ltrans0.ltrans.o
                0x00000000080019b4                PendSV_Handler
 .text.DebugMon_Handler
                0x00000000080019b6        0x2 /tmp/SSD1327 Demo.elf.1sMBxm.ltrans0.ltrans.o
                0x00000000080019b6                DebugMon_Handler
 .text.SVC_Handler
                0x00000000080019b8        0x2 /tmp/SSD1327 Demo.elf.1sMBxm.ltrans0.ltrans.o
                0x00000000080019b8                SVC_Handler
 .text.UsageFault_Handler
                0x00000000080019ba        0x2 /tmp/SSD1327 Demo.elf.1sMBxm.ltrans0.ltrans.o
                0x00000000080019ba                UsageFault_Handler
 .text.BusFault_Handler
                0x00000000080019bc        0x2 /tmp/SSD1327 Demo.elf.1sMBxm.ltrans0.ltrans.o
                0x00000000080019bc                BusFault_Handler
 .text.MemManage_Handler
                0x00000000080019be        0x2 /tmp/SSD1327 Demo.elf.1sMBxm.ltrans0.ltrans.o
                0x00000000080019be                MemManage_Handler
 .text.HardFault_Handler
                0x00000000080019c0        0x2 /tmp/SSD1327 Demo.elf.1sMBxm.ltrans0.ltrans.o
                0x00000000080019c0                HardFault_Handler
 .text.NMI_Handler
                0x00000000080019c2        0x2 /tmp/SSD1327 Demo.elf.1sMBxm.ltrans0.ltrans.o
                0x00000000080019c2                NMI_Handler
 .text.I2C1_ER_IRQHandler
                0x00000000080019c4       0x10 /tmp/SSD1327 Demo.elf.1sMBxm.ltrans0.ltrans.o
                0x00000000080019c4                I2C1_ER_IRQHandler
 .text.I2C1_EV_IRQHandler
                0x00000000080019d4       0x10 /tmp/SSD1327 Demo.elf.1sMBxm.ltrans0.ltrans.o
                0x00000000080019d4                I2C1_EV_IRQHandler
 .text.SystemInit
                0x00000000080019e4       0x4c /tmp/SSD1327 Demo.elf.1sMBxm.ltrans0.ltrans.o
                0x00000000080019e4                SystemInit
 .text._exit    0x0000000008001a30       0x20 /tmp/SSD1327 Demo.elf.1sMBxm.ltrans0.ltrans.o
                0x0000000008001a30                _exit
 .text._sbrk    0x0000000008001a50       0x44 /tmp/SSD1327 Demo.elf.1sMBxm.ltrans0.ltrans.o
                0x0000000008001a50                _sbrk
 .text.abort    0x0000000008001a94       0x14 /tmp/SSD1327 Demo.elf.1sMBxm.ltrans0.ltrans.o
                0x0000000008001a94                abort
 .text.assert_failed
                0x0000000008001aa8       0x14 /tmp/SSD1327 Demo.elf.1sMBxm.ltrans0.ltrans.o
 .text.HAL_RCC_OscConfig
                0x0000000008001abc      0x524 /tmp/SSD1327 Demo.elf.1sMBxm.ltrans0.ltrans.o
 .text.HAL_I2C_Mem_Write_IT
                0x0000000008001fe0       0xfc /tmp/SSD1327 Demo.elf.1sMBxm.ltrans0.ltrans.o
 .text.HAL_GPIO_WritePin
                0x00000000080020dc       0x38 /tmp/SSD1327 Demo.elf.1sMBxm.ltrans0.ltrans.o
 .text.HAL_GPIO_Init
                0x0000000008002114      0x3bc /tmp/SSD1327 Demo.elf.1sMBxm.ltrans0.ltrans.o
 .text.L2HAL_Error
                0x00000000080024d0       0x48 /tmp/SSD1327 Demo.elf.1sMBxm.ltrans0.ltrans.o
 .text.FMGL_API_RenderOneLineDumb
                0x0000000008002518       0x84 /tmp/SSD1327 Demo.elf.1sMBxm.ltrans0.ltrans.o
 .text.FMGL_Priv_RenderSubstring
                0x000000000800259c       0x5e /tmp/SSD1327 Demo.elf.1sMBxm.ltrans0.ltrans.o
 .text.FMGL_API_RenderTextWithLineBreaks
                0x00000000080025fa       0xb6 /tmp/SSD1327 Demo.elf.1sMBxm.ltrans0.ltrans.o
 .text.L2HAL_SSD1327_CheckIfFound
                0x00000000080026b0       0x10 /tmp/SSD1327 Demo.elf.1sMBxm.ltrans0.ltrans.o
 .text.L2HAL_SSD1327_WriteData
                0x00000000080026c0       0x40 /tmp/SSD1327 Demo.elf.1sMBxm.ltrans0.ltrans.o
 .text.L2HAL_SSD1327_WriteCommand
                0x0000000008002700       0x44 /tmp/SSD1327 Demo.elf.1sMBxm.ltrans0.ltrans.o
 .text.L2HAL_SSD1327_SetRemap
                0x0000000008002744       0x3c /tmp/SSD1327 Demo.elf.1sMBxm.ltrans0.ltrans.o
 .text.L2HAL_SSD1327_SetRowAddresses
                0x0000000008002780       0x32 /tmp/SSD1327 Demo.elf.1sMBxm.ltrans0.ltrans.o
 .text.L2HAL_SSD1327_SetVerticalOffset
                0x00000000080027b2       0x22 /tmp/SSD1327 Demo.elf.1sMBxm.ltrans0.ltrans.o
 .text.L2HAL_SSD1327_SetStartLine
                0x00000000080027d4       0x22 /tmp/SSD1327 Demo.elf.1sMBxm.ltrans0.ltrans.o
 .text.L2HAL_SSD1327_SetDisplayMode
                0x00000000080027f6       0x28 /tmp/SSD1327 Demo.elf.1sMBxm.ltrans0.ltrans.o
 .text.L2HAL_SSD1327_SetMUXRatio
                0x000000000800281e       0x28 /tmp/SSD1327 Demo.elf.1sMBxm.ltrans0.ltrans.o
 .text.L2HAL_SSD1327_SetVCOMH
                0x0000000008002846       0x20 /tmp/SSD1327 Demo.elf.1sMBxm.ltrans0.ltrans.o
 .text.L2HAL_SSD1327_SetSecondPrechargePeriod
                0x0000000008002866       0x24 /tmp/SSD1327 Demo.elf.1sMBxm.ltrans0.ltrans.o
 .text.L2HAL_SSD1327_SetFunctionB
                0x000000000800288a       0x24 /tmp/SSD1327 Demo.elf.1sMBxm.ltrans0.ltrans.o
 .text.L2HAL_SSD1327_SetPrechargeVoltage
                0x00000000080028ae       0x20 /tmp/SSD1327 Demo.elf.1sMBxm.ltrans0.ltrans.o
 .text.L2HAL_SSD1327_SetRegulator
                0x00000000080028ce       0x22 /tmp/SSD1327 Demo.elf.1sMBxm.ltrans0.ltrans.o
 .text.L2HAL_SSD1327_SetDClockFosc
                0x00000000080028f0       0x2e /tmp/SSD1327 Demo.elf.1sMBxm.ltrans0.ltrans.o
 .text.L2HAL_SSD1327_SetPhasesLenghts
                0x000000000800291e       0x32 /tmp/SSD1327 Demo.elf.1sMBxm.ltrans0.ltrans.o
 .text.L2HAL_SSD1327_LoadDefaultGrayscaleTable
                0x0000000008002950        0xa /tmp/SSD1327 Demo.elf.1sMBxm.ltrans0.ltrans.o
 .text.L2HAL_SSD1327_SetColumnAddress
                0x000000000800295a       0x2e /tmp/SSD1327 Demo.elf.1sMBxm.ltrans0.ltrans.o
 .text.L2HAL_SSD1327_PushFramebuffer
                0x0000000008002988       0x26 /tmp/SSD1327 Demo.elf.1sMBxm.ltrans0.ltrans.o
 .text.L2HAL_SSD1327_SetBrightness
                0x00000000080029ae       0x16 /tmp/SSD1327 Demo.elf.1sMBxm.ltrans0.ltrans.o
 .text.L2HAL_SSD1327_TurnOff
                0x00000000080029c4        0xa /tmp/SSD1327 Demo.elf.1sMBxm.ltrans0.ltrans.o
 .text.L2HAL_SSD1327_TurnOn
                0x00000000080029ce        0xa /tmp/SSD1327 Demo.elf.1sMBxm.ltrans0.ltrans.o
 .text.L2HAL_SSD1327_InitDisplay
                0x00000000080029d8       0xbe /tmp/SSD1327 Demo.elf.1sMBxm.ltrans0.ltrans.o
 *fill*         0x0000000008002a96        0x2 
 .text.HAL_NVIC_EnableIRQ
                0x0000000008002a98       0x2c /tmp/SSD1327 Demo.elf.1sMBxm.ltrans0.ltrans.o
 .text.HAL_NVIC_SetPriority
                0x0000000008002ac4       0x8c /tmp/SSD1327 Demo.elf.1sMBxm.ltrans0.ltrans.o
 .text.HAL_I2C_MspInit
                0x0000000008002b50       0x68 /tmp/SSD1327 Demo.elf.1sMBxm.ltrans0.ltrans.o
 .text.HAL_I2C_Init
                0x0000000008002bb8      0x234 /tmp/SSD1327 Demo.elf.1sMBxm.ltrans0.ltrans.o
 .text.L2HAL_SetupI2C
                0x0000000008002dec       0x58 /tmp/SSD1327 Demo.elf.1sMBxm.ltrans0.ltrans.o
 .text.L2HAL_InitCustomHardware
                0x0000000008002e44        0x8 /tmp/SSD1327 Demo.elf.1sMBxm.ltrans0.ltrans.o
 .text.HAL_InitTick
                0x0000000008002e4c       0x3c /tmp/SSD1327 Demo.elf.1sMBxm.ltrans0.ltrans.o
 .text.HAL_RCC_ClockConfig
                0x0000000008002e88      0x244 /tmp/SSD1327 Demo.elf.1sMBxm.ltrans0.ltrans.o
 .text.L2HAL_SetupClocks
                0x00000000080030cc       0x5c /tmp/SSD1327 Demo.elf.1sMBxm.ltrans0.ltrans.o
 .text.L2HAL_Init
                0x0000000008003128       0x10 /tmp/SSD1327 Demo.elf.1sMBxm.ltrans0.ltrans.o
 .text.main     0x0000000008003138      0x374 /tmp/SSD1327 Demo.elf.1sMBxm.ltrans0.ltrans.o
                0x0000000008003138                main
 .text.Reset_Handler
                0x00000000080034ac       0x48 ./system/src/cmsis/startup_stm32f103x6.o
                0x00000000080034ac                Reset_Handler
 .text.Default_Handler
                0x00000000080034f4        0x2 ./system/src/cmsis/startup_stm32f103x6.o
                0x00000000080034f4                RTC_Alarm_IRQHandler
                0x00000000080034f4                EXTI2_IRQHandler
                0x00000000080034f4                TIM1_CC_IRQHandler
                0x00000000080034f4                PVD_IRQHandler
                0x00000000080034f4                EXTI3_IRQHandler
                0x00000000080034f4                EXTI0_IRQHandler
                0x00000000080034f4                ADC1_2_IRQHandler
                0x00000000080034f4                SPI1_IRQHandler
                0x00000000080034f4                TAMPER_IRQHandler
                0x00000000080034f4                DMA1_Channel4_IRQHandler
                0x00000000080034f4                RTC_IRQHandler
                0x00000000080034f4                DMA1_Channel7_IRQHandler
                0x00000000080034f4                CAN1_RX1_IRQHandler
                0x00000000080034f4                DMA1_Channel6_IRQHandler
                0x00000000080034f4                TIM3_IRQHandler
                0x00000000080034f4                RCC_IRQHandler
                0x00000000080034f4                TIM1_TRG_COM_IRQHandler
                0x00000000080034f4                DMA1_Channel1_IRQHandler
                0x00000000080034f4                Default_Handler
                0x00000000080034f4                EXTI15_10_IRQHandler
                0x00000000080034f4                EXTI9_5_IRQHandler
                0x00000000080034f4                DMA1_Channel5_IRQHandler
                0x00000000080034f4                EXTI4_IRQHandler
                0x00000000080034f4                USB_LP_CAN1_RX0_IRQHandler
                0x00000000080034f4                USB_HP_CAN1_TX_IRQHandler
                0x00000000080034f4                DMA1_Channel3_IRQHandler
                0x00000000080034f4                TIM1_UP_IRQHandler
                0x00000000080034f4                WWDG_IRQHandler
                0x00000000080034f4                TIM2_IRQHandler
                0x00000000080034f4                TIM1_BRK_IRQHandler
                0x00000000080034f4                EXTI1_IRQHandler
                0x00000000080034f4                USART2_IRQHandler
                0x00000000080034f4                DMA1_Channel2_IRQHandler
                0x00000000080034f4                CAN1_SCE_IRQHandler
                0x00000000080034f4                FLASH_IRQHandler
                0x00000000080034f4                USART1_IRQHandler
                0x00000000080034f4                USBWakeUp_IRQHandler
 *fill*         0x00000000080034f6        0x2 
 .text.__errno  0x00000000080034f8        0xc /home/fossa/opt/xPacks/@xpack-dev-tools/arm-none-eabi-gcc/9.3.1-1.4.1/.content/bin/../lib/gcc/arm-none-eabi/9.3.1/../../../../arm-none-eabi/lib/thumb/v7-m/nofp/libg_nano.a(lib_a-errno.o)
                0x00000000080034f8                __errno
 .text.exit     0x0000000008003504       0x28 /home/fossa/opt/xPacks/@xpack-dev-tools/arm-none-eabi-gcc/9.3.1-1.4.1/.content/bin/../lib/gcc/arm-none-eabi/9.3.1/../../../../arm-none-eabi/lib/thumb/v7-m/nofp/libg_nano.a(lib_a-exit.o)
                0x0000000008003504                exit
 .text.__libc_init_array
                0x000000000800352c       0x48 /home/fossa/opt/xPacks/@xpack-dev-tools/arm-none-eabi-gcc/9.3.1-1.4.1/.content/bin/../lib/gcc/arm-none-eabi/9.3.1/../../../../arm-none-eabi/lib/thumb/v7-m/nofp/libg_nano.a(lib_a-init.o)
                0x000000000800352c                __libc_init_array
 .text.__retarget_lock_acquire_recursive
                0x0000000008003574        0x2 /home/fossa/opt/xPacks/@xpack-dev-tools/arm-none-eabi-gcc/9.3.1-1.4.1/.content/bin/../lib/gcc/arm-none-eabi/9.3.1/../../../../arm-none-eabi/lib/thumb/v7-m/nofp/libg_nano.a(lib_a-lock.o)
                0x0000000008003574                __retarget_lock_acquire_recursive
 .text.__retarget_lock_release_recursive
                0x0000000008003576        0x2 /home/fossa/opt/xPacks/@xpack-dev-tools/arm-none-eabi-gcc/9.3.1-1.4.1/.content/bin/../lib/gcc/arm-none-eabi/9.3.1/../../../../arm-none-eabi/lib/thumb/v7-m/nofp/libg_nano.a(lib_a-lock.o)
                0x0000000008003576                __retarget_lock_release_recursive
 .text.memset   0x0000000008003578       0x10 /home/fossa/opt/xPacks/@xpack-dev-tools/arm-none-eabi-gcc/9.3.1-1.4.1/.content/bin/../lib/gcc/arm-none-eabi/9.3.1/../../../../arm-none-eabi/lib/thumb/v7-m/nofp/libg_nano.a(lib_a-memset.o)
                0x0000000008003578                memset
 .text._malloc_r
                0x0000000008003588       0xb4 /home/fossa/opt/xPacks/@xpack-dev-tools/arm-none-eabi-gcc/9.3.1-1.4.1/.content/bin/../lib/gcc/arm-none-eabi/9.3.1/../../../../arm-none-eabi/lib/thumb/v7-m/nofp/libg_nano.a(lib_a-nano-mallocr.o)
                0x0000000008003588                _malloc_r
 .text._sbrk_r  0x000000000800363c       0x20 /home/fossa/opt/xPacks/@xpack-dev-tools/arm-none-eabi-gcc/9.3.1-1.4.1/.content/bin/../lib/gcc/arm-none-eabi/9.3.1/../../../../arm-none-eabi/lib/thumb/v7-m/nofp/libg_nano.a(lib_a-sbrkr.o)
                0x000000000800363c                _sbrk_r
 .text.__malloc_lock
                0x000000000800365c        0xc /home/fossa/opt/xPacks/@xpack-dev-tools/arm-none-eabi-gcc/9.3.1-1.4.1/.content/bin/../lib/gcc/arm-none-eabi/9.3.1/../../../../arm-none-eabi/lib/thumb/v7-m/nofp/libg_nano.a(lib_a-mlock.o)
                0x000000000800365c                __malloc_lock
 .text.__malloc_unlock
                0x0000000008003668        0xc /home/fossa/opt/xPacks/@xpack-dev-tools/arm-none-eabi-gcc/9.3.1-1.4.1/.content/bin/../lib/gcc/arm-none-eabi/9.3.1/../../../../arm-none-eabi/lib/thumb/v7-m/nofp/libg_nano.a(lib_a-mlock.o)
                0x0000000008003668                __malloc_unlock
 .text._free_r  0x0000000008003674       0x98 /home/fossa/opt/xPacks/@xpack-dev-tools/arm-none-eabi-gcc/9.3.1-1.4.1/.content/bin/../lib/gcc/arm-none-eabi/9.3.1/../../../../arm-none-eabi/lib/thumb/v7-m/nofp/libg_nano.a(lib_a-nano-freer.o)
                0x0000000008003674                _free_r
 .text.malloc   0x000000000800370c       0x10 /home/fossa/opt/xPacks/@xpack-dev-tools/arm-none-eabi-gcc/9.3.1-1.4.1/.content/bin/../lib/gcc/arm-none-eabi/9.3.1/../../../../arm-none-eabi/lib/thumb/v7-m/nofp/libg_nano.a(lib_a-malloc.o)
                0x000000000800370c                malloc
 .text.free     0x000000000800371c       0x10 /home/fossa/opt/xPacks/@xpack-dev-tools/arm-none-eabi-gcc/9.3.1-1.4.1/.content/bin/../lib/gcc/arm-none-eabi/9.3.1/../../../../arm-none-eabi/lib/thumb/v7-m/nofp/libg_nano.a(lib_a-malloc.o)
                0x000000000800371c                free
 .text.memcpy   0x000000000800372c       0x1c /home/fossa/opt/xPacks/@xpack-dev-tools/arm-none-eabi-gcc/9.3.1-1.4.1/.content/bin/../lib/gcc/arm-none-eabi/9.3.1/../../../../arm-none-eabi/lib/thumb/v7-m/nofp/libg_nano.a(lib_a-memcpy-stub.o)
                0x000000000800372c                memcpy
 .text          0x0000000008003748       0x10 /home/fossa/opt/xPacks/@xpack-dev-tools/arm-none-eabi-gcc/9.3.1-1.4.1/.content/bin/../lib/gcc/arm-none-eabi/9.3.1/../../../../arm-none-eabi/lib/thumb/v7-m/nofp/libg_nano.a(lib_a-strlen.o)
                0x0000000008003748                strlen
 .text._vsnprintf_r
                0x0000000008003758       0x58 /home/fossa/opt/xPacks/@xpack-dev-tools/arm-none-eabi-gcc/9.3.1-1.4.1/.content/bin/../lib/gcc/arm-none-eabi/9.3.1/../../../../arm-none-eabi/lib/thumb/v7-m/nofp/libg_nano.a(lib_a-vsnprintf.o)
                0x0000000008003758                _vsnprintf_r
                0x0000000008003758                _vsniprintf_r
 .text.vsnprintf
                0x00000000080037b0       0x1c /home/fossa/opt/xPacks/@xpack-dev-tools/arm-none-eabi-gcc/9.3.1-1.4.1/.content/bin/../lib/gcc/arm-none-eabi/9.3.1/../../../../arm-none-eabi/lib/thumb/v7-m/nofp/libg_nano.a(lib_a-vsnprintf.o)
                0x00000000080037b0                vsnprintf
                0x00000000080037b0                vsniprintf
 .text.__ssputs_r
                0x00000000080037cc       0xb6 /home/fossa/opt/xPacks/@xpack-dev-tools/arm-none-eabi-gcc/9.3.1-1.4.1/.content/bin/../lib/gcc/arm-none-eabi/9.3.1/../../../../arm-none-eabi/lib/thumb/v7-m/nofp/libg_nano.a(lib_a-nano-svfprintf.o)
                0x00000000080037cc                __ssputs_r
 *fill*         0x0000000008003882        0x2 
 .text._svfprintf_r
                0x0000000008003884      0x200 /home/fossa/opt/xPacks/@xpack-dev-tools/arm-none-eabi-gcc/9.3.1-1.4.1/.content/bin/../lib/gcc/arm-none-eabi/9.3.1/../../../../arm-none-eabi/lib/thumb/v7-m/nofp/libg_nano.a(lib_a-nano-svfprintf.o)
                0x0000000008003884                _svfprintf_r
                0x0000000008003884                _svfiprintf_r
 .text._printf_common
                0x0000000008003a84       0xde /home/fossa/opt/xPacks/@xpack-dev-tools/arm-none-eabi-gcc/9.3.1-1.4.1/.content/bin/../lib/gcc/arm-none-eabi/9.3.1/../../../../arm-none-eabi/lib/thumb/v7-m/nofp/libg_nano.a(lib_a-nano-vfprintf_i.o)
                0x0000000008003a84                _printf_common
 *fill*         0x0000000008003b62        0x2 
 .text._printf_i
                0x0000000008003b64      0x24c /home/fossa/opt/xPacks/@xpack-dev-tools/arm-none-eabi-gcc/9.3.1-1.4.1/.content/bin/../lib/gcc/arm-none-eabi/9.3.1/../../../../arm-none-eabi/lib/thumb/v7-m/nofp/libg_nano.a(lib_a-nano-vfprintf_i.o)
                0x0000000008003b64                _printf_i
 .text.memchr   0x0000000008003db0       0x1c /home/fossa/opt/xPacks/@xpack-dev-tools/arm-none-eabi-gcc/9.3.1-1.4.1/.content/bin/../lib/gcc/arm-none-eabi/9.3.1/../../../../arm-none-eabi/lib/thumb/v7-m/nofp/libg_nano.a(lib_a-memchr-stub.o)
                0x0000000008003db0                memchr
 .text.memmove  0x0000000008003dcc       0x34 /home/fossa/opt/xPacks/@xpack-dev-tools/arm-none-eabi-gcc/9.3.1-1.4.1/.content/bin/../lib/gcc/arm-none-eabi/9.3.1/../../../../arm-none-eabi/lib/thumb/v7-m/nofp/libg_nano.a(lib_a-memmove.o)
                0x0000000008003dcc                memmove
 .text._realloc_r
                0x0000000008003e00       0x4c /home/fossa/opt/xPacks/@xpack-dev-tools/arm-none-eabi-gcc/9.3.1-1.4.1/.content/bin/../lib/gcc/arm-none-eabi/9.3.1/../../../../arm-none-eabi/lib/thumb/v7-m/nofp/libg_nano.a(lib_a-nano-reallocr.o)
                0x0000000008003e00                _realloc_r
 .text._malloc_usable_size_r
                0x0000000008003e4c       0x10 /home/fossa/opt/xPacks/@xpack-dev-tools/arm-none-eabi-gcc/9.3.1-1.4.1/.content/bin/../lib/gcc/arm-none-eabi/9.3.1/../../../../arm-none-eabi/lib/thumb/v7-m/nofp/libg_nano.a(lib_a-nano-msizer.o)
                0x0000000008003e4c                _malloc_usable_size_r
 *(.rodata .rodata.* .constdata .constdata.*)
 .rodata.HAL_RCC_GetSysClockFreq.str1.4
                0x0000000008003e5c       0x11 /tmp/SSD1327 Demo.elf.1sMBxm.ltrans0.ltrans.o
 *fill*         0x0000000008003e6d        0x3 
 .rodata.trace_puts.str1.4
                0x0000000008003e70        0x2 /tmp/SSD1327 Demo.elf.1sMBxm.ltrans0.ltrans.o
 *fill*         0x0000000008003e72        0x2 
 .rodata.abort.str1.4
                0x0000000008003e74       0x14 /tmp/SSD1327 Demo.elf.1sMBxm.ltrans0.ltrans.o
 .rodata.assert_failed.str1.4
                0x0000000008003e88       0x2b /tmp/SSD1327 Demo.elf.1sMBxm.ltrans0.ltrans.o
 *fill*         0x0000000008003eb3        0x1 
 .rodata.HAL_RCC_OscConfig.str1.4
                0x0000000008003eb4       0x2c /tmp/SSD1327 Demo.elf.1sMBxm.ltrans0.ltrans.o
 .rodata.HAL_I2C_Mem_Write_IT.str1.4
                0x0000000008003ee0       0x2c /tmp/SSD1327 Demo.elf.1sMBxm.ltrans0.ltrans.o
 .rodata.HAL_GPIO_WritePin.str1.4
                0x0000000008003f0c       0x2d /tmp/SSD1327 Demo.elf.1sMBxm.ltrans0.ltrans.o
 *fill*         0x0000000008003f39        0x3 
 .rodata.HAL_NVIC_EnableIRQ.str1.4
                0x0000000008003f3c       0x2f /tmp/SSD1327 Demo.elf.1sMBxm.ltrans0.ltrans.o
 *fill*         0x0000000008003f6b        0x1 
 .rodata.main.str1.4
                0x0000000008003f6c       0x4c /tmp/SSD1327 Demo.elf.1sMBxm.ltrans0.ltrans.o
 .rodata.AHBPrescTable
                0x0000000008003fb8       0x10 /tmp/SSD1327 Demo.elf.1sMBxm.ltrans0.ltrans.o
 .rodata.APBPrescTable
                0x0000000008003fc8        0x8 /tmp/SSD1327 Demo.elf.1sMBxm.ltrans0.ltrans.o
 .rodata.FMGL_FontTerminusRegular12Characters
                0x0000000008003fd0      0xa80 /tmp/SSD1327 Demo.elf.1sMBxm.ltrans0.ltrans.o
 .rodata.FMGL_FontTerminusRegular12_WrongCharacterCode
                0x0000000008004a50        0xc /tmp/SSD1327 Demo.elf.1sMBxm.ltrans0.ltrans.o
 .rodata.__sf_fake_stderr
                0x0000000008004a5c       0x20 /home/fossa/opt/xPacks/@xpack-dev-tools/arm-none-eabi-gcc/9.3.1-1.4.1/.content/bin/../lib/gcc/arm-none-eabi/9.3.1/../../../../arm-none-eabi/lib/thumb/v7-m/nofp/libg_nano.a(lib_a-findfp.o)
                0x0000000008004a5c                __sf_fake_stderr
 .rodata.__sf_fake_stdin
                0x0000000008004a7c       0x20 /home/fossa/opt/xPacks/@xpack-dev-tools/arm-none-eabi-gcc/9.3.1-1.4.1/.content/bin/../lib/gcc/arm-none-eabi/9.3.1/../../../../arm-none-eabi/lib/thumb/v7-m/nofp/libg_nano.a(lib_a-findfp.o)
                0x0000000008004a7c                __sf_fake_stdin
 .rodata.__sf_fake_stdout
                0x0000000008004a9c       0x20 /home/fossa/opt/xPacks/@xpack-dev-tools/arm-none-eabi-gcc/9.3.1-1.4.1/.content/bin/../lib/gcc/arm-none-eabi/9.3.1/../../../../arm-none-eabi/lib/thumb/v7-m/nofp/libg_nano.a(lib_a-findfp.o)
                0x0000000008004a9c                __sf_fake_stdout
 .rodata._global_impure_ptr
                0x0000000008004abc        0x4 /home/fossa/opt/xPacks/@xpack-dev-tools/arm-none-eabi-gcc/9.3.1-1.4.1/.content/bin/../lib/gcc/arm-none-eabi/9.3.1/../../../../arm-none-eabi/lib/thumb/v7-m/nofp/libg_nano.a(lib_a-impure.o)
                0x0000000008004abc                _global_impure_ptr
 .rodata._svfprintf_r.str1.1
                0x0000000008004ac0       0x11 /home/fossa/opt/xPacks/@xpack-dev-tools/arm-none-eabi-gcc/9.3.1-1.4.1/.content/bin/../lib/gcc/arm-none-eabi/9.3.1/../../../../arm-none-eabi/lib/thumb/v7-m/nofp/libg_nano.a(lib_a-nano-svfprintf.o)
 .rodata._printf_i.str1.1
                0x0000000008004ad1       0x22 /home/fossa/opt/xPacks/@xpack-dev-tools/arm-none-eabi-gcc/9.3.1-1.4.1/.content/bin/../lib/gcc/arm-none-eabi/9.3.1/../../../../arm-none-eabi/lib/thumb/v7-m/nofp/libg_nano.a(lib_a-nano-vfprintf_i.o)
 *(vtable)
 *(.eh_frame*)
 *fill*         0x0000000008004af3        0x1 
 .eh_frame      0x0000000008004af4        0x0 /home/fossa/opt/xPacks/@xpack-dev-tools/arm-none-eabi-gcc/9.3.1-1.4.1/.content/bin/../lib/gcc/arm-none-eabi/9.3.1/thumb/v7-m/nofp/crtbegin.o
 .eh_frame      0x0000000008004af4        0x4 /home/fossa/opt/xPacks/@xpack-dev-tools/arm-none-eabi-gcc/9.3.1-1.4.1/.content/bin/../lib/gcc/arm-none-eabi/9.3.1/thumb/v7-m/nofp/crtend.o
 *(.glue_7)
 .glue_7        0x0000000008004af8        0x0 linker stubs
 *(.glue_7t)
 .glue_7t       0x0000000008004af8        0x0 linker stubs

.vfp11_veneer   0x0000000008004af8        0x0
 .vfp11_veneer  0x0000000008004af8        0x0 linker stubs

.v4_bx          0x0000000008004af8        0x0
 .v4_bx         0x0000000008004af8        0x0 linker stubs

.iplt           0x0000000008004af8        0x0
 .iplt          0x0000000008004af8        0x0 /home/fossa/opt/xPacks/@xpack-dev-tools/arm-none-eabi-gcc/9.3.1-1.4.1/.content/bin/../lib/gcc/arm-none-eabi/9.3.1/thumb/v7-m/nofp/crtbegin.o

.ARM.extab
 *(.ARM.extab* .gnu.linkonce.armextab.*)
                0x0000000008004af8                . = ALIGN (0x4)
                0x0000000008004af8                __exidx_start = .

.ARM.exidx      0x0000000008004af8        0x8
 *(.ARM.exidx* .gnu.linkonce.armexidx.*)
 .ARM.exidx     0x0000000008004af8        0x8 /home/fossa/opt/xPacks/@xpack-dev-tools/arm-none-eabi-gcc/9.3.1-1.4.1/.content/bin/../lib/gcc/arm-none-eabi/9.3.1/../../../../arm-none-eabi/lib/thumb/v7-m/nofp/crt0.o
                                         0x10 (size before relaxing)
                0x0000000008004b00                __exidx_end = .

.rel.dyn        0x0000000008004b00        0x0
 .rel.iplt      0x0000000008004b00        0x0 /home/fossa/opt/xPacks/@xpack-dev-tools/arm-none-eabi-gcc/9.3.1-1.4.1/.content/bin/../lib/gcc/arm-none-eabi/9.3.1/thumb/v7-m/nofp/crtbegin.o
                0x0000000008004b00                . = ALIGN (0x4)
                0x0000000008004b00                _etext = .
                0x0000000008004b00                __etext = .

.data_CCMRAM    0x0000000000000000        0x0 load address 0x0000000008004b00
 FILL mask 0xff
 *(.data.CCMRAM .data.CCMRAM.*)
                0x0000000000000000                . = ALIGN (0x4)
                0x0000000008004b00                _sidata = LOADADDR (.data)

.data           0x0000000020000000       0x68 load address 0x0000000008004b00
 FILL mask 0xff
                0x0000000020000000                _sdata = .
                0x0000000020000000                __data_start__ = .
 *(.data_begin .data_begin.*)
 *(.data .data.*)
 .data.SystemCoreClock
                0x0000000020000000        0x4 /tmp/SSD1327 Demo.elf.1sMBxm.ltrans0.ltrans.o
 .data._impure_ptr
                0x0000000020000004        0x4 /home/fossa/opt/xPacks/@xpack-dev-tools/arm-none-eabi-gcc/9.3.1-1.4.1/.content/bin/../lib/gcc/arm-none-eabi/9.3.1/../../../../arm-none-eabi/lib/thumb/v7-m/nofp/libg_nano.a(lib_a-impure.o)
                0x0000000020000004                _impure_ptr
 .data.impure_data
                0x0000000020000008       0x60 /home/fossa/opt/xPacks/@xpack-dev-tools/arm-none-eabi-gcc/9.3.1-1.4.1/.content/bin/../lib/gcc/arm-none-eabi/9.3.1/../../../../arm-none-eabi/lib/thumb/v7-m/nofp/libg_nano.a(lib_a-impure.o)
 *(.data_end .data_end.*)
                0x0000000020000068                . = ALIGN (0x4)
                0x0000000020000068                _edata = .
                0x0000000020000068                __data_end__ = .

.igot.plt       0x0000000020000068        0x0 load address 0x0000000008004b68
 .igot.plt      0x0000000020000068        0x0 /home/fossa/opt/xPacks/@xpack-dev-tools/arm-none-eabi-gcc/9.3.1-1.4.1/.content/bin/../lib/gcc/arm-none-eabi/9.3.1/thumb/v7-m/nofp/crtbegin.o

.bss_CCMRAM     0x0000000000000000        0x0
 *(.bss.CCMRAM .bss.CCMRAM.*)

.bss            0x0000000020000068     0x2170
                0x0000000020000068                __bss_start__ = .
                0x0000000020000068                _sbss = .
 *(.bss_begin .bss_begin.*)
 *(.bss .bss.*)
 .bss.completed.8914
                0x0000000020000068        0x1 /home/fossa/opt/xPacks/@xpack-dev-tools/arm-none-eabi-gcc/9.3.1-1.4.1/.content/bin/../lib/gcc/arm-none-eabi/9.3.1/thumb/v7-m/nofp/crtbegin.o
 *fill*         0x0000000020000069        0x3 
 .bss.object.8919
                0x000000002000006c       0x18 /home/fossa/opt/xPacks/@xpack-dev-tools/arm-none-eabi-gcc/9.3.1-1.4.1/.content/bin/../lib/gcc/arm-none-eabi/9.3.1/thumb/v7-m/nofp/crtbegin.o
 .bss.FMGL_FontTerminusRegular12
                0x0000000020000084        0xc /tmp/SSD1327 Demo.elf.1sMBxm.ltrans0.ltrans.o
 .bss.I2CHandle
                0x0000000020000090       0x54 /tmp/SSD1327 Demo.elf.1sMBxm.ltrans0.ltrans.o
 .bss.L2HAL_SSD1327_Context
                0x00000000200000e4     0x200c /tmp/SSD1327 Demo.elf.1sMBxm.ltrans0.ltrans.o
 .bss.L2HAL_SysTick_Context
                0x00000000200020f0        0x8 /tmp/SSD1327 Demo.elf.1sMBxm.ltrans0.ltrans.o
 .bss.buf.5729  0x00000000200020f8       0x80 /tmp/SSD1327 Demo.elf.1sMBxm.ltrans0.ltrans.o
 .bss.current_heap_end.4485
                0x0000000020002178        0x4 /tmp/SSD1327 Demo.elf.1sMBxm.ltrans0.ltrans.o
 .bss.fmglContext
                0x000000002000217c       0x28 /tmp/SSD1327 Demo.elf.1sMBxm.ltrans0.ltrans.o
 .bss.fontSettings
                0x00000000200021a4       0x18 /tmp/SSD1327 Demo.elf.1sMBxm.ltrans0.ltrans.o
 .bss.uwTick    0x00000000200021bc        0x4 /tmp/SSD1327 Demo.elf.1sMBxm.ltrans0.ltrans.o
 .bss.__malloc_free_list
                0x00000000200021c0        0x4 /home/fossa/opt/xPacks/@xpack-dev-tools/arm-none-eabi-gcc/9.3.1-1.4.1/.content/bin/../lib/gcc/arm-none-eabi/9.3.1/../../../../arm-none-eabi/lib/thumb/v7-m/nofp/libg_nano.a(lib_a-nano-mallocr.o)
                0x00000000200021c0                __malloc_free_list
 .bss.__malloc_sbrk_start
                0x00000000200021c4        0x4 /home/fossa/opt/xPacks/@xpack-dev-tools/arm-none-eabi-gcc/9.3.1-1.4.1/.content/bin/../lib/gcc/arm-none-eabi/9.3.1/../../../../arm-none-eabi/lib/thumb/v7-m/nofp/libg_nano.a(lib_a-nano-mallocr.o)
                0x00000000200021c4                __malloc_sbrk_start
 *(COMMON)
 COMMON         0x00000000200021c8        0x4 /tmp/SSD1327 Demo.elf.1sMBxm.ltrans0.ltrans.o
                0x00000000200021c8                errno
 COMMON         0x00000000200021cc        0x9 /home/fossa/opt/xPacks/@xpack-dev-tools/arm-none-eabi-gcc/9.3.1-1.4.1/.content/bin/../lib/gcc/arm-none-eabi/9.3.1/../../../../arm-none-eabi/lib/thumb/v7-m/nofp/libg_nano.a(lib_a-lock.o)
                0x00000000200021cc                __lock___atexit_recursive_mutex
                0x00000000200021cd                __lock___arc4random_mutex
                0x00000000200021ce                __lock___env_recursive_mutex
                0x00000000200021cf                __lock___sinit_recursive_mutex
                0x00000000200021d0                __lock___malloc_recursive_mutex
                0x00000000200021d1                __lock___at_quick_exit_mutex
                0x00000000200021d2                __lock___dd_hash_mutex
                0x00000000200021d3                __lock___tz_mutex
                0x00000000200021d4                __lock___sfp_recursive_mutex
 *(.bss_end .bss_end.*)
                0x00000000200021d8                . = ALIGN (0x4)
 *fill*         0x00000000200021d5        0x3 
                0x00000000200021d8                __bss_end__ = .
                0x00000000200021d8                _ebss = .

.noinit_CCMRAM
 *(.noinit.CCMRAM .noinit.CCMRAM.*)

.noinit         0x00000000200021d8        0x0
                0x00000000200021d8                _noinit = .
 *(.noinit .noinit.*)
                0x00000000200021d8                . = ALIGN (0x4)
                0x00000000200021d8                _end_noinit = .
                [!provide]                        PROVIDE (end = _end_noinit)
                [!provide]                        PROVIDE (_end = _end_noinit)
                [!provide]                        PROVIDE (__end = _end_noinit)
                [!provide]                        PROVIDE (__end__ = _end_noinit)

._check_stack   0x00000000200021d8      0x100
                0x00000000200022d8                . = (. + _Minimum_Stack_Size)
 *fill*         0x00000000200021d8      0x100 

.b1text
 *(.b1text)
 *(.b1rodata)
 *(.b1rodata.*)

.eb0text
 *(.eb0text)
 *(.eb0rodata)
 *(.eb0rodata.*)

.eb1text
 *(.eb1text)
 *(.eb1rodata)
 *(.eb1rodata.*)

.eb2text
 *(.eb2text)
 *(.eb2rodata)
 *(.eb2rodata.*)

.eb3text
 *(.eb3text)
 *(.eb3rodata)
 *(.eb3rodata.*)

.stab
 *(.stab)

.stabstr
 *(.stabstr)

.stab.excl
 *(.stab.excl)

.stab.exclstr
 *(.stab.exclstr)

.stab.index
 *(.stab.index)

.stab.indexstr
 *(.stab.indexstr)

.comment        0x0000000000000000       0x43
 *(.comment)
 .comment       0x0000000000000000       0x43 /tmp/SSD1327 Demo.elf.1sMBxm.ltrans0.ltrans.o
                                         0x44 (size before relaxing)

.ARM.attributes
                0x0000000000000000       0x29
 .ARM.attributes
                0x0000000000000000       0x1d /home/fossa/opt/xPacks/@xpack-dev-tools/arm-none-eabi-gcc/9.3.1-1.4.1/.content/bin/../lib/gcc/arm-none-eabi/9.3.1/thumb/v7-m/nofp/crti.o
 .ARM.attributes
                0x000000000000001d       0x2d /home/fossa/opt/xPacks/@xpack-dev-tools/arm-none-eabi-gcc/9.3.1-1.4.1/.content/bin/../lib/gcc/arm-none-eabi/9.3.1/thumb/v7-m/nofp/crtbegin.o
 .ARM.attributes
                0x000000000000004a       0x1b /home/fossa/opt/xPacks/@xpack-dev-tools/arm-none-eabi-gcc/9.3.1-1.4.1/.content/bin/../lib/gcc/arm-none-eabi/9.3.1/../../../../arm-none-eabi/lib/thumb/v7-m/nofp/crt0.o
 .ARM.attributes
                0x0000000000000065       0x2b /tmp/SSD1327 Demo.elf.1sMBxm.ltrans0.ltrans.o
 .ARM.attributes
                0x0000000000000090       0x21 ./system/src/cmsis/startup_stm32f103x6.o
 .ARM.attributes
                0x00000000000000b1       0x2d /home/fossa/opt/xPacks/@xpack-dev-tools/arm-none-eabi-gcc/9.3.1-1.4.1/.content/bin/../lib/gcc/arm-none-eabi/9.3.1/../../../../arm-none-eabi/lib/thumb/v7-m/nofp/libg_nano.a(lib_a-errno.o)
 .ARM.attributes
                0x00000000000000de       0x2d /home/fossa/opt/xPacks/@xpack-dev-tools/arm-none-eabi-gcc/9.3.1-1.4.1/.content/bin/../lib/gcc/arm-none-eabi/9.3.1/../../../../arm-none-eabi/lib/thumb/v7-m/nofp/libg_nano.a(lib_a-exit.o)
 .ARM.attributes
                0x000000000000010b       0x2d /home/fossa/opt/xPacks/@xpack-dev-tools/arm-none-eabi-gcc/9.3.1-1.4.1/.content/bin/../lib/gcc/arm-none-eabi/9.3.1/../../../../arm-none-eabi/lib/thumb/v7-m/nofp/libg_nano.a(lib_a-findfp.o)
 .ARM.attributes
                0x0000000000000138       0x2d /home/fossa/opt/xPacks/@xpack-dev-tools/arm-none-eabi-gcc/9.3.1-1.4.1/.content/bin/../lib/gcc/arm-none-eabi/9.3.1/../../../../arm-none-eabi/lib/thumb/v7-m/nofp/libg_nano.a(lib_a-impure.o)
 .ARM.attributes
                0x0000000000000165       0x2d /home/fossa/opt/xPacks/@xpack-dev-tools/arm-none-eabi-gcc/9.3.1-1.4.1/.content/bin/../lib/gcc/arm-none-eabi/9.3.1/../../../../arm-none-eabi/lib/thumb/v7-m/nofp/libg_nano.a(lib_a-init.o)
 .ARM.attributes
                0x0000000000000192       0x2d /home/fossa/opt/xPacks/@xpack-dev-tools/arm-none-eabi-gcc/9.3.1-1.4.1/.content/bin/../lib/gcc/arm-none-eabi/9.3.1/../../../../arm-none-eabi/lib/thumb/v7-m/nofp/libg_nano.a(lib_a-lock.o)
 .ARM.attributes
                0x00000000000001bf       0x2d /home/fossa/opt/xPacks/@xpack-dev-tools/arm-none-eabi-gcc/9.3.1-1.4.1/.content/bin/../lib/gcc/arm-none-eabi/9.3.1/../../../../arm-none-eabi/lib/thumb/v7-m/nofp/libg_nano.a(lib_a-memset.o)
 .ARM.attributes
                0x00000000000001ec       0x2d /home/fossa/opt/xPacks/@xpack-dev-tools/arm-none-eabi-gcc/9.3.1-1.4.1/.content/bin/../lib/gcc/arm-none-eabi/9.3.1/../../../../arm-none-eabi/lib/thumb/v7-m/nofp/libg_nano.a(lib_a-nano-mallocr.o)
 .ARM.attributes
                0x0000000000000219       0x2d /home/fossa/opt/xPacks/@xpack-dev-tools/arm-none-eabi-gcc/9.3.1-1.4.1/.content/bin/../lib/gcc/arm-none-eabi/9.3.1/../../../../arm-none-eabi/lib/thumb/v7-m/nofp/libg_nano.a(lib_a-sbrkr.o)
 .ARM.attributes
                0x0000000000000246       0x2d /home/fossa/opt/xPacks/@xpack-dev-tools/arm-none-eabi-gcc/9.3.1-1.4.1/.content/bin/../lib/gcc/arm-none-eabi/9.3.1/../../../../arm-none-eabi/lib/thumb/v7-m/nofp/libg_nano.a(lib_a-mlock.o)
 .ARM.attributes
                0x0000000000000273       0x2d /home/fossa/opt/xPacks/@xpack-dev-tools/arm-none-eabi-gcc/9.3.1-1.4.1/.content/bin/../lib/gcc/arm-none-eabi/9.3.1/../../../../arm-none-eabi/lib/thumb/v7-m/nofp/libg_nano.a(lib_a-nano-freer.o)
 .ARM.attributes
                0x00000000000002a0       0x2d /home/fossa/opt/xPacks/@xpack-dev-tools/arm-none-eabi-gcc/9.3.1-1.4.1/.content/bin/../lib/gcc/arm-none-eabi/9.3.1/../../../../arm-none-eabi/lib/thumb/v7-m/nofp/libg_nano.a(lib_a-malloc.o)
 .ARM.attributes
                0x00000000000002cd       0x2d /home/fossa/opt/xPacks/@xpack-dev-tools/arm-none-eabi-gcc/9.3.1-1.4.1/.content/bin/../lib/gcc/arm-none-eabi/9.3.1/../../../../arm-none-eabi/lib/thumb/v7-m/nofp/libg_nano.a(lib_a-memcpy-stub.o)
 .ARM.attributes
                0x00000000000002fa       0x17 /home/fossa/opt/xPacks/@xpack-dev-tools/arm-none-eabi-gcc/9.3.1-1.4.1/.content/bin/../lib/gcc/arm-none-eabi/9.3.1/../../../../arm-none-eabi/lib/thumb/v7-m/nofp/libg_nano.a(lib_a-strlen.o)
 .ARM.attributes
                0x0000000000000311       0x2d /home/fossa/opt/xPacks/@xpack-dev-tools/arm-none-eabi-gcc/9.3.1-1.4.1/.content/bin/../lib/gcc/arm-none-eabi/9.3.1/../../../../arm-none-eabi/lib/thumb/v7-m/nofp/libg_nano.a(lib_a-vsnprintf.o)
 .ARM.attributes
                0x000000000000033e       0x2d /home/fossa/opt/xPacks/@xpack-dev-tools/arm-none-eabi-gcc/9.3.1-1.4.1/.content/bin/../lib/gcc/arm-none-eabi/9.3.1/../../../../arm-none-eabi/lib/thumb/v7-m/nofp/libg_nano.a(lib_a-nano-svfprintf.o)
 .ARM.attributes
                0x000000000000036b       0x2d /home/fossa/opt/xPacks/@xpack-dev-tools/arm-none-eabi-gcc/9.3.1-1.4.1/.content/bin/../lib/gcc/arm-none-eabi/9.3.1/../../../../arm-none-eabi/lib/thumb/v7-m/nofp/libg_nano.a(lib_a-nano-vfprintf_i.o)
 .ARM.attributes
                0x0000000000000398       0x2d /home/fossa/opt/xPacks/@xpack-dev-tools/arm-none-eabi-gcc/9.3.1-1.4.1/.content/bin/../lib/gcc/arm-none-eabi/9.3.1/../../../../arm-none-eabi/lib/thumb/v7-m/nofp/libg_nano.a(lib_a-memchr-stub.o)
 .ARM.attributes
                0x00000000000003c5       0x2d /home/fossa/opt/xPacks/@xpack-dev-tools/arm-none-eabi-gcc/9.3.1-1.4.1/.content/bin/../lib/gcc/arm-none-eabi/9.3.1/../../../../arm-none-eabi/lib/thumb/v7-m/nofp/libg_nano.a(lib_a-memmove.o)
 .ARM.attributes
                0x00000000000003f2       0x2d /home/fossa/opt/xPacks/@xpack-dev-tools/arm-none-eabi-gcc/9.3.1-1.4.1/.content/bin/../lib/gcc/arm-none-eabi/9.3.1/../../../../arm-none-eabi/lib/thumb/v7-m/nofp/libg_nano.a(lib_a-nano-reallocr.o)
 .ARM.attributes
                0x000000000000041f       0x2d /home/fossa/opt/xPacks/@xpack-dev-tools/arm-none-eabi-gcc/9.3.1-1.4.1/.content/bin/../lib/gcc/arm-none-eabi/9.3.1/../../../../arm-none-eabi/lib/thumb/v7-m/nofp/libg_nano.a(lib_a-nano-msizer.o)
 .ARM.attributes
                0x000000000000044c       0x2d /home/fossa/opt/xPacks/@xpack-dev-tools/arm-none-eabi-gcc/9.3.1-1.4.1/.content/bin/../lib/gcc/arm-none-eabi/9.3.1/thumb/v7-m/nofp/crtend.o
 .ARM.attributes
                0x0000000000000479       0x1d /home/fossa/opt/xPacks/@xpack-dev-tools/arm-none-eabi-gcc/9.3.1-1.4.1/.content/bin/../lib/gcc/arm-none-eabi/9.3.1/thumb/v7-m/nofp/crtn.o

.debug
 *(.debug)

.line
 *(.line)

.debug_srcinfo
 *(.debug_srcinfo)

.debug_sfnames
 *(.debug_sfnames)

.debug_aranges  0x0000000000000000      0x4f0
 *(.debug_aranges)
 .debug_aranges
                0x0000000000000000      0x4c8 /tmp/SSD1327 Demo.elf.1sMBxm.ltrans0.ltrans.o
 .debug_aranges
                0x00000000000004c8       0x28 ./system/src/cmsis/startup_stm32f103x6.o

.debug_pubnames
 *(.debug_pubnames)

.debug_info     0x0000000000000000    0x1d676
 *(.debug_info .gnu.linkonce.wi.*)
 .debug_info    0x0000000000000000     0x45a4 /tmp/SSD1327 Demo.elf.1sMBxm.ltrans0.ltrans.o
 .debug_info    0x00000000000045a4      0xe9a /tmp/cc8O6Heo.debug.temp.o
                0x00000000000045a4                stm32f1xx_hal.c.8e5032c1
 .debug_info    0x000000000000543e     0x1213 /tmp/ccDpJzln.debug.temp.o
                0x000000000000543e                stm32f1xx_hal_cortex.c.1d593bf9
 .debug_info    0x0000000000006651      0xf6b /tmp/cctAYqwn.debug.temp.o
                0x0000000000006651                stm32f1xx_hal_dma.c.e2ec7e7c
 .debug_info    0x00000000000075bc      0xd6b /tmp/cctzGWnl.debug.temp.o
                0x00000000000075bc                stm32f1xx_hal_flash.c.c83c7e23
 .debug_info    0x0000000000008327      0xe9d /tmp/ccV7Elqn.debug.temp.o
                0x0000000000008327                stm32f1xx_hal_gpio.c.d07baefa
 .debug_info    0x00000000000091c4     0x2362 /tmp/cchr5FNo.debug.temp.o
                0x00000000000091c4                stm32f1xx_hal_i2c.c.b8c2c5f1
 .debug_info    0x000000000000b526      0xfda /tmp/cc0hRMjl.debug.temp.o
                0x000000000000b526                stm32f1xx_hal_rcc.c.ea451428
 .debug_info    0x000000000000c500      0x988 /tmp/ccZJ3B8k.debug.temp.o
                0x000000000000c500                g_exit.c.e123f4cb
 .debug_info    0x000000000000ce88      0x993 /tmp/cckIUJbn.debug.temp.o
                0x000000000000ce88                g_sbrk.c.ecc92328
 .debug_info    0x000000000000d81b      0x24b /tmp/cc51LhVl.debug.temp.o
                0x000000000000d81b                g_startup.c.219c4935
 .debug_info    0x000000000000da66     0x164c /tmp/ccyIfmbp.debug.temp.o
                0x000000000000da66                g_syscalls.c.3bbb96a8
 .debug_info    0x000000000000f0b2      0x9ff /tmp/ccGV28Hl.debug.temp.o
                0x000000000000f0b2                assert.c.c15b8ad7
 .debug_info    0x000000000000fab1      0xa4e /tmp/ccMfbxEn.debug.temp.o
                0x000000000000fab1                Trace.c.44c8af35
 .debug_info    0x00000000000104ff      0x32c /tmp/ccnmYz1o.debug.temp.o
                0x00000000000104ff                trace_impl.c.de69227b
 .debug_info    0x000000000001082b      0xf20 /tmp/ccy6696n.debug.temp.o
                0x000000000001082b                exception_handlers.c.b3939049
 .debug_info    0x000000000001174b      0x3e8 /tmp/cc1SYrFm.debug.temp.o
                0x000000000001174b                system_stm32f1xx.c.50c927b3
 .debug_info    0x0000000000011b33     0x11b6 /tmp/cc8dkNZm.debug.temp.o
                0x0000000000011b33                l2hal.c.2035c787
 .debug_info    0x0000000000012ce9      0x1e2 /tmp/ccHgSaap.debug.temp.o
                0x0000000000012ce9                l2hal_aux.c.b04ea8a2
 .debug_info    0x0000000000012ecb     0x1311 /tmp/ccOs3ntp.debug.temp.o
                0x0000000000012ecb                l2hal_custom.c.6d724ca3
 .debug_info    0x00000000000141dc      0xbbe /tmp/ccOLdH7o.debug.temp.o
                0x00000000000141dc                l2hal_errors.c.80315bc7
 .debug_info    0x0000000000014d9a      0xaa2 /tmp/ccBn1mYk.debug.temp.o
                0x0000000000014d9a                l2hal_systick.c.ae0643f0
 .debug_info    0x000000000001583c     0x1610 /tmp/cc1IR3wl.debug.temp.o
                0x000000000001583c                l2hal_ssd1327.c.1e5c37be
 .debug_info    0x0000000000016e4c     0x133d /tmp/ccoDN9on.debug.temp.o
                0x0000000000016e4c                fmgl.c.8f2b4bc3
 .debug_info    0x0000000000018189      0xdd9 /tmp/cc5WAA7l.debug.temp.o
                0x0000000000018189                fmgl_private.c.8f7fd165
 .debug_info    0x0000000000018f62      0xada /tmp/ccOjWppo.debug.temp.o
                0x0000000000018f62                terminusRegular12.c.75889111
 .debug_info    0x0000000000019a3c     0x1e44 /tmp/cc0haMup.debug.temp.o
                0x0000000000019a3c                main.c.8f5f0c38
 .debug_info    0x000000000001b880     0x1dd4 /tmp/ccyaNa4m.debug.temp.o
                0x000000000001b880                stm32f1xx_it.c.65539070
 .debug_info    0x000000000001d654       0x22 ./system/src/cmsis/startup_stm32f103x6.o

.debug_abbrev   0x0000000000000000     0x3f6f
 *(.debug_abbrev)
 .debug_abbrev  0x0000000000000000      0x1db /tmp/SSD1327 Demo.elf.1sMBxm.ltrans0.ltrans.o
 .debug_abbrev  0x00000000000001db      0x2c3 /tmp/cc8O6Heo.debug.temp.o
 .debug_abbrev  0x000000000000049e      0x31f /tmp/ccDpJzln.debug.temp.o
 .debug_abbrev  0x00000000000007bd      0x28e /tmp/cctAYqwn.debug.temp.o
 .debug_abbrev  0x0000000000000a4b      0x2ae /tmp/cctzGWnl.debug.temp.o
 .debug_abbrev  0x0000000000000cf9      0x27c /tmp/ccV7Elqn.debug.temp.o
 .debug_abbrev  0x0000000000000f75      0x285 /tmp/cchr5FNo.debug.temp.o
 .debug_abbrev  0x00000000000011fa      0x2a4 /tmp/cc0hRMjl.debug.temp.o
 .debug_abbrev  0x000000000000149e      0x1eb /tmp/ccZJ3B8k.debug.temp.o
 .debug_abbrev  0x0000000000001689      0x1ea /tmp/cckIUJbn.debug.temp.o
 .debug_abbrev  0x0000000000001873       0xe6 /tmp/cc51LhVl.debug.temp.o
 .debug_abbrev  0x0000000000001959      0x354 /tmp/ccyIfmbp.debug.temp.o
 .debug_abbrev  0x0000000000001cad      0x1ed /tmp/ccGV28Hl.debug.temp.o
 .debug_abbrev  0x0000000000001e9a      0x236 /tmp/ccMfbxEn.debug.temp.o
 .debug_abbrev  0x00000000000020d0      0x12f /tmp/ccnmYz1o.debug.temp.o
 .debug_abbrev  0x00000000000021ff      0x2d2 /tmp/ccy6696n.debug.temp.o
 .debug_abbrev  0x00000000000024d1      0x132 /tmp/cc1SYrFm.debug.temp.o
 .debug_abbrev  0x0000000000002603      0x276 /tmp/cc8dkNZm.debug.temp.o
 .debug_abbrev  0x0000000000002879       0xe7 /tmp/ccHgSaap.debug.temp.o
 .debug_abbrev  0x0000000000002960      0x27b /tmp/ccOs3ntp.debug.temp.o
 .debug_abbrev  0x0000000000002bdb      0x225 /tmp/ccOLdH7o.debug.temp.o
 .debug_abbrev  0x0000000000002e00      0x24b /tmp/ccBn1mYk.debug.temp.o
 .debug_abbrev  0x000000000000304b      0x2e5 /tmp/cc1IR3wl.debug.temp.o
 .debug_abbrev  0x0000000000003330      0x2b4 /tmp/ccoDN9on.debug.temp.o
 .debug_abbrev  0x00000000000035e4      0x235 /tmp/cc5WAA7l.debug.temp.o
 .debug_abbrev  0x0000000000003819      0x234 /tmp/ccOjWppo.debug.temp.o
 .debug_abbrev  0x0000000000003a4d      0x287 /tmp/cc0haMup.debug.temp.o
 .debug_abbrev  0x0000000000003cd4      0x289 /tmp/ccyaNa4m.debug.temp.o
 .debug_abbrev  0x0000000000003f5d       0x12 ./system/src/cmsis/startup_stm32f103x6.o

.debug_line     0x0000000000000000     0xd881
 *(.debug_line)
 .debug_line    0x0000000000000000     0x4879 /tmp/SSD1327 Demo.elf.1sMBxm.ltrans0.ltrans.o
 .debug_line    0x0000000000004879      0x578 /tmp/cc8O6Heo.debug.temp.o
 .debug_line    0x0000000000004df1      0x57f /tmp/ccDpJzln.debug.temp.o
 .debug_line    0x0000000000005370      0x57c /tmp/cctAYqwn.debug.temp.o
 .debug_line    0x00000000000058ec      0x57e /tmp/cctzGWnl.debug.temp.o
 .debug_line    0x0000000000005e6a      0x57d /tmp/ccV7Elqn.debug.temp.o
 .debug_line    0x00000000000063e7      0x57c /tmp/cchr5FNo.debug.temp.o
 .debug_line    0x0000000000006963      0x57c /tmp/cc0hRMjl.debug.temp.o
 .debug_line    0x0000000000006edf      0x392 /tmp/ccZJ3B8k.debug.temp.o
 .debug_line    0x0000000000007271      0x34a /tmp/cckIUJbn.debug.temp.o
 .debug_line    0x00000000000075bb      0x347 /tmp/cc51LhVl.debug.temp.o
 .debug_line    0x0000000000007902      0x49b /tmp/ccyIfmbp.debug.temp.o
 .debug_line    0x0000000000007d9d      0x3c4 /tmp/ccGV28Hl.debug.temp.o
 .debug_line    0x0000000000008161      0x3ce /tmp/ccMfbxEn.debug.temp.o
 .debug_line    0x000000000000852f      0x439 /tmp/ccnmYz1o.debug.temp.o
 .debug_line    0x0000000000008968      0x4bc /tmp/ccy6696n.debug.temp.o
 .debug_line    0x0000000000008e24      0x2ed /tmp/cc1SYrFm.debug.temp.o
 .debug_line    0x0000000000009111      0x7f3 /tmp/cc8dkNZm.debug.temp.o
 .debug_line    0x0000000000009904      0x293 /tmp/ccHgSaap.debug.temp.o
 .debug_line    0x0000000000009b97      0x7dc /tmp/ccOs3ntp.debug.temp.o
 .debug_line    0x000000000000a373      0x597 /tmp/ccOLdH7o.debug.temp.o
 .debug_line    0x000000000000a90a      0x5d4 /tmp/ccBn1mYk.debug.temp.o
 .debug_line    0x000000000000aede      0x686 /tmp/cc1IR3wl.debug.temp.o
 .debug_line    0x000000000000b564      0x5ff /tmp/ccoDN9on.debug.temp.o
 .debug_line    0x000000000000bb63      0x607 /tmp/cc5WAA7l.debug.temp.o
 .debug_line    0x000000000000c16a      0x631 /tmp/ccOjWppo.debug.temp.o
 .debug_line    0x000000000000c79b      0x823 /tmp/cc0haMup.debug.temp.o
 .debug_line    0x000000000000cfbe      0x83d /tmp/ccyaNa4m.debug.temp.o
 .debug_line    0x000000000000d7fb       0x86 ./system/src/cmsis/startup_stm32f103x6.o

.debug_frame    0x0000000000000000     0x14fc
 *(.debug_frame)
 .debug_frame   0x0000000000000000      0xf68 /tmp/SSD1327 Demo.elf.1sMBxm.ltrans0.ltrans.o
 .debug_frame   0x0000000000000f68       0x20 /home/fossa/opt/xPacks/@xpack-dev-tools/arm-none-eabi-gcc/9.3.1-1.4.1/.content/bin/../lib/gcc/arm-none-eabi/9.3.1/../../../../arm-none-eabi/lib/thumb/v7-m/nofp/libg_nano.a(lib_a-errno.o)
 .debug_frame   0x0000000000000f88       0x28 /home/fossa/opt/xPacks/@xpack-dev-tools/arm-none-eabi-gcc/9.3.1-1.4.1/.content/bin/../lib/gcc/arm-none-eabi/9.3.1/../../../../arm-none-eabi/lib/thumb/v7-m/nofp/libg_nano.a(lib_a-exit.o)
 .debug_frame   0x0000000000000fb0      0x14c /home/fossa/opt/xPacks/@xpack-dev-tools/arm-none-eabi-gcc/9.3.1-1.4.1/.content/bin/../lib/gcc/arm-none-eabi/9.3.1/../../../../arm-none-eabi/lib/thumb/v7-m/nofp/libg_nano.a(lib_a-findfp.o)
 .debug_frame   0x00000000000010fc       0x2c /home/fossa/opt/xPacks/@xpack-dev-tools/arm-none-eabi-gcc/9.3.1-1.4.1/.content/bin/../lib/gcc/arm-none-eabi/9.3.1/../../../../arm-none-eabi/lib/thumb/v7-m/nofp/libg_nano.a(lib_a-init.o)
 .debug_frame   0x0000000000001128       0xb0 /home/fossa/opt/xPacks/@xpack-dev-tools/arm-none-eabi-gcc/9.3.1-1.4.1/.content/bin/../lib/gcc/arm-none-eabi/9.3.1/../../../../arm-none-eabi/lib/thumb/v7-m/nofp/libg_nano.a(lib_a-lock.o)
 .debug_frame   0x00000000000011d8       0x20 /home/fossa/opt/xPacks/@xpack-dev-tools/arm-none-eabi-gcc/9.3.1-1.4.1/.content/bin/../lib/gcc/arm-none-eabi/9.3.1/../../../../arm-none-eabi/lib/thumb/v7-m/nofp/libg_nano.a(lib_a-memset.o)
 .debug_frame   0x00000000000011f8       0x30 /home/fossa/opt/xPacks/@xpack-dev-tools/arm-none-eabi-gcc/9.3.1-1.4.1/.content/bin/../lib/gcc/arm-none-eabi/9.3.1/../../../../arm-none-eabi/lib/thumb/v7-m/nofp/libg_nano.a(lib_a-nano-mallocr.o)
 .debug_frame   0x0000000000001228       0x2c /home/fossa/opt/xPacks/@xpack-dev-tools/arm-none-eabi-gcc/9.3.1-1.4.1/.content/bin/../lib/gcc/arm-none-eabi/9.3.1/../../../../arm-none-eabi/lib/thumb/v7-m/nofp/libg_nano.a(lib_a-sbrkr.o)
 .debug_frame   0x0000000000001254       0x30 /home/fossa/opt/xPacks/@xpack-dev-tools/arm-none-eabi-gcc/9.3.1-1.4.1/.content/bin/../lib/gcc/arm-none-eabi/9.3.1/../../../../arm-none-eabi/lib/thumb/v7-m/nofp/libg_nano.a(lib_a-mlock.o)
 .debug_frame   0x0000000000001284       0x38 /home/fossa/opt/xPacks/@xpack-dev-tools/arm-none-eabi-gcc/9.3.1-1.4.1/.content/bin/../lib/gcc/arm-none-eabi/9.3.1/../../../../arm-none-eabi/lib/thumb/v7-m/nofp/libg_nano.a(lib_a-nano-freer.o)
 .debug_frame   0x00000000000012bc       0x30 /home/fossa/opt/xPacks/@xpack-dev-tools/arm-none-eabi-gcc/9.3.1-1.4.1/.content/bin/../lib/gcc/arm-none-eabi/9.3.1/../../../../arm-none-eabi/lib/thumb/v7-m/nofp/libg_nano.a(lib_a-malloc.o)
 .debug_frame   0x00000000000012ec       0x28 /home/fossa/opt/xPacks/@xpack-dev-tools/arm-none-eabi-gcc/9.3.1-1.4.1/.content/bin/../lib/gcc/arm-none-eabi/9.3.1/../../../../arm-none-eabi/lib/thumb/v7-m/nofp/libg_nano.a(lib_a-memcpy-stub.o)
 .debug_frame   0x0000000000001314       0x4c /home/fossa/opt/xPacks/@xpack-dev-tools/arm-none-eabi-gcc/9.3.1-1.4.1/.content/bin/../lib/gcc/arm-none-eabi/9.3.1/../../../../arm-none-eabi/lib/thumb/v7-m/nofp/libg_nano.a(lib_a-vsnprintf.o)
 .debug_frame   0x0000000000001360       0x90 /home/fossa/opt/xPacks/@xpack-dev-tools/arm-none-eabi-gcc/9.3.1-1.4.1/.content/bin/../lib/gcc/arm-none-eabi/9.3.1/../../../../arm-none-eabi/lib/thumb/v7-m/nofp/libg_nano.a(lib_a-nano-svfprintf.o)
 .debug_frame   0x00000000000013f0       0x60 /home/fossa/opt/xPacks/@xpack-dev-tools/arm-none-eabi-gcc/9.3.1-1.4.1/.content/bin/../lib/gcc/arm-none-eabi/9.3.1/../../../../arm-none-eabi/lib/thumb/v7-m/nofp/libg_nano.a(lib_a-nano-vfprintf_i.o)
 .debug_frame   0x0000000000001450       0x28 /home/fossa/opt/xPacks/@xpack-dev-tools/arm-none-eabi-gcc/9.3.1-1.4.1/.content/bin/../lib/gcc/arm-none-eabi/9.3.1/../../../../arm-none-eabi/lib/thumb/v7-m/nofp/libg_nano.a(lib_a-memchr-stub.o)
 .debug_frame   0x0000000000001478       0x28 /home/fossa/opt/xPacks/@xpack-dev-tools/arm-none-eabi-gcc/9.3.1-1.4.1/.content/bin/../lib/gcc/arm-none-eabi/9.3.1/../../../../arm-none-eabi/lib/thumb/v7-m/nofp/libg_nano.a(lib_a-memmove.o)
 .debug_frame   0x00000000000014a0       0x3c /home/fossa/opt/xPacks/@xpack-dev-tools/arm-none-eabi-gcc/9.3.1-1.4.1/.content/bin/../lib/gcc/arm-none-eabi/9.3.1/../../../../arm-none-eabi/lib/thumb/v7-m/nofp/libg_nano.a(lib_a-nano-reallocr.o)
 .debug_frame   0x00000000000014dc       0x20 /home/fossa/opt/xPacks/@xpack-dev-tools/arm-none-eabi-gcc/9.3.1-1.4.1/.content/bin/../lib/gcc/arm-none-eabi/9.3.1/../../../../arm-none-eabi/lib/thumb/v7-m/nofp/libg_nano.a(lib_a-nano-msizer.o)

.debug_str      0x0000000000000000    0x6e2cb
 *(.debug_str)
 .debug_str     0x0000000000000000      0x15f /tmp/SSD1327 Demo.elf.1sMBxm.ltrans0.ltrans.o
                                        0x1cd (size before relaxing)
 .debug_str     0x000000000000015f    0x65ff9 /tmp/cc8O6Heo.debug.temp.o
                                      0x66422 (size before relaxing)
 .debug_str     0x0000000000066158      0x31a /tmp/ccDpJzln.debug.temp.o
                                      0x663bc (size before relaxing)
 .debug_str     0x0000000000066472      0x3cb /tmp/cctAYqwn.debug.temp.o
                                      0x6614e (size before relaxing)
 .debug_str     0x000000000006683d      0x285 /tmp/cctzGWnl.debug.temp.o
                                      0x66049 (size before relaxing)
 .debug_str     0x0000000000066ac2      0x37f /tmp/ccV7Elqn.debug.temp.o
                                      0x6613d (size before relaxing)
 .debug_str     0x0000000000066e41      0xcdf /tmp/cchr5FNo.debug.temp.o
                                      0x66c33 (size before relaxing)
 .debug_str     0x0000000000067b20      0x351 /tmp/cc0hRMjl.debug.temp.o
                                      0x6616b (size before relaxing)
 .debug_str     0x0000000000067e71     0x10ef /tmp/ccZJ3B8k.debug.temp.o
                                       0x7c3a (size before relaxing)
 .debug_str     0x0000000000068f60      0x4ed /tmp/cckIUJbn.debug.temp.o
                                       0x6ffe (size before relaxing)
 .debug_str     0x000000000006944d      0x217 /tmp/cc51LhVl.debug.temp.o
                                       0x6388 (size before relaxing)
 .debug_str     0x0000000000069664     0x25ae /tmp/ccyIfmbp.debug.temp.o
                                       0xb6be (size before relaxing)
 .debug_str     0x000000000006bc12       0xd1 /tmp/ccGV28Hl.debug.temp.o
                                       0x86ff (size before relaxing)
 .debug_str     0x000000000006bce3      0x158 /tmp/ccMfbxEn.debug.temp.o
                                       0x83a4 (size before relaxing)
 .debug_str     0x000000000006be3b       0xae /tmp/ccnmYz1o.debug.temp.o
                                      0x57dc4 (size before relaxing)
 .debug_str     0x000000000006bee9      0x1d5 /tmp/ccy6696n.debug.temp.o
                                      0x59359 (size before relaxing)
 .debug_str     0x000000000006c0be       0x76 /tmp/cc1SYrFm.debug.temp.o
                                      0x549fb (size before relaxing)
 .debug_str     0x000000000006c134      0xe44 /tmp/cc8dkNZm.debug.temp.o
                                      0x67100 (size before relaxing)
 .debug_str     0x000000000006cf78       0x83 /tmp/ccHgSaap.debug.temp.o
                                       0x416d (size before relaxing)
 .debug_str     0x000000000006cffb       0x7e /tmp/ccOs3ntp.debug.temp.o
                                      0x67333 (size before relaxing)
 .debug_str     0x000000000006d079       0x3c /tmp/ccOLdH7o.debug.temp.o
                                      0x65ed5 (size before relaxing)
 .debug_str     0x000000000006d0b5       0xe4 /tmp/ccBn1mYk.debug.temp.o
                                      0x65f08 (size before relaxing)
 .debug_str     0x000000000006d199      0x807 /tmp/cc1IR3wl.debug.temp.o
                                      0x674f4 (size before relaxing)
 .debug_str     0x000000000006d9a0      0x536 /tmp/ccoDN9on.debug.temp.o
                                      0x66526 (size before relaxing)
 .debug_str     0x000000000006ded6       0xa9 /tmp/cc5WAA7l.debug.temp.o
                                      0x66265 (size before relaxing)
 .debug_str     0x000000000006df7f      0x210 /tmp/ccOjWppo.debug.temp.o
                                      0x66125 (size before relaxing)
 .debug_str     0x000000000006e18f       0x90 /tmp/cc0haMup.debug.temp.o
                                      0x6734a (size before relaxing)
 .debug_str     0x000000000006e21f       0x28 /tmp/ccyaNa4m.debug.temp.o
                                      0x6738e (size before relaxing)
 .debug_str     0x000000000006e247       0x84 ./system/src/cmsis/startup_stm32f103x6.o

.debug_loc      0x0000000000000000     0x4b05
 *(.debug_loc)
 .debug_loc     0x0000000000000000     0x4b05 /tmp/SSD1327 Demo.elf.1sMBxm.ltrans0.ltrans.o

.debug_macinfo
 *(.debug_macinfo)

.debug_weaknames
 *(.debug_weaknames)

.debug_funcnames
 *(.debug_funcnames)

.debug_typenames
 *(.debug_typenames)

.debug_varnames
 *(.debug_varnames)
OUTPUT(SSD1327 Demo.elf elf32-littlearm)
LOAD linker stubs

.debug_ranges   0x0000000000000000      0x610
 .debug_ranges  0x0000000000000000      0x5f0 /tmp/SSD1327 Demo.elf.1sMBxm.ltrans0.ltrans.o
 .debug_ranges  0x00000000000005f0       0x20 ./system/src/cmsis/startup_stm32f103x6.o

.debug_macro    0x0000000000000000    0x17e00
 .debug_macro   0x0000000000000000      0x2df /tmp/cc8O6Heo.debug.temp.o
 .debug_macro   0x00000000000002df      0xab4 /tmp/cc8O6Heo.debug.temp.o
 .debug_macro   0x0000000000000d93      0x18e /tmp/cc8O6Heo.debug.temp.o
 .debug_macro   0x0000000000000f21       0x2e /tmp/cc8O6Heo.debug.temp.o
 .debug_macro   0x0000000000000f4f       0x22 /tmp/cc8O6Heo.debug.temp.o
 .debug_macro   0x0000000000000f71       0x22 /tmp/cc8O6Heo.debug.temp.o
 .debug_macro   0x0000000000000f93       0x8e /tmp/cc8O6Heo.debug.temp.o
 .debug_macro   0x0000000000001021       0x51 /tmp/cc8O6Heo.debug.temp.o
 .debug_macro   0x0000000000001072      0x103 /tmp/cc8O6Heo.debug.temp.o
 .debug_macro   0x0000000000001175       0x6a /tmp/cc8O6Heo.debug.temp.o
 .debug_macro   0x00000000000011df      0x1df /tmp/cc8O6Heo.debug.temp.o
 .debug_macro   0x00000000000013be       0x35 /tmp/cc8O6Heo.debug.temp.o
 .debug_macro   0x00000000000013f3       0x34 /tmp/cc8O6Heo.debug.temp.o
 .debug_macro   0x0000000000001427      0xb8e /tmp/cc8O6Heo.debug.temp.o
 .debug_macro   0x0000000000001fb5     0xe6e1 /tmp/cc8O6Heo.debug.temp.o
 .debug_macro   0x0000000000010696       0x43 /tmp/cc8O6Heo.debug.temp.o
 .debug_macro   0x00000000000106d9       0x6a /tmp/cc8O6Heo.debug.temp.o
 .debug_macro   0x0000000000010743       0x18 /tmp/cc8O6Heo.debug.temp.o
 .debug_macro   0x000000000001075b       0x35 /tmp/cc8O6Heo.debug.temp.o
 .debug_macro   0x0000000000010790       0x34 /tmp/cc8O6Heo.debug.temp.o
 .debug_macro   0x00000000000107c4       0x16 /tmp/cc8O6Heo.debug.temp.o
 .debug_macro   0x00000000000107da       0x97 /tmp/cc8O6Heo.debug.temp.o
 .debug_macro   0x0000000000010871      0x339 /tmp/cc8O6Heo.debug.temp.o
 .debug_macro   0x0000000000010baa       0xfd /tmp/cc8O6Heo.debug.temp.o
 .debug_macro   0x0000000000010ca7       0x10 /tmp/cc8O6Heo.debug.temp.o
 .debug_macro   0x0000000000010cb7       0x16 /tmp/cc8O6Heo.debug.temp.o
 .debug_macro   0x0000000000010ccd       0x43 /tmp/cc8O6Heo.debug.temp.o
 .debug_macro   0x0000000000010d10       0x34 /tmp/cc8O6Heo.debug.temp.o
 .debug_macro   0x0000000000010d44       0x10 /tmp/cc8O6Heo.debug.temp.o
 .debug_macro   0x0000000000010d54       0x58 /tmp/cc8O6Heo.debug.temp.o
 .debug_macro   0x0000000000010dac      0x182 /tmp/cc8O6Heo.debug.temp.o
 .debug_macro   0x0000000000010f2e       0x10 /tmp/cc8O6Heo.debug.temp.o
 .debug_macro   0x0000000000010f3e       0x1c /tmp/cc8O6Heo.debug.temp.o
 .debug_macro   0x0000000000010f5a       0x52 /tmp/cc8O6Heo.debug.temp.o
 .debug_macro   0x0000000000010fac       0x22 /tmp/cc8O6Heo.debug.temp.o
 .debug_macro   0x0000000000010fce       0x10 /tmp/cc8O6Heo.debug.temp.o
 .debug_macro   0x0000000000010fde       0x40 /tmp/cc8O6Heo.debug.temp.o
 .debug_macro   0x000000000001101e       0xd5 /tmp/cc8O6Heo.debug.temp.o
 .debug_macro   0x00000000000110f3       0x1c /tmp/cc8O6Heo.debug.temp.o
 .debug_macro   0x000000000001110f       0x3d /tmp/cc8O6Heo.debug.temp.o
 .debug_macro   0x000000000001114c       0x16 /tmp/cc8O6Heo.debug.temp.o
 .debug_macro   0x0000000000011162      0x16f /tmp/cc8O6Heo.debug.temp.o
 .debug_macro   0x00000000000112d1       0x57 /tmp/cc8O6Heo.debug.temp.o
 .debug_macro   0x0000000000011328      0x5c2 /tmp/cc8O6Heo.debug.temp.o
 .debug_macro   0x00000000000118ea      0x1b8 /tmp/cc8O6Heo.debug.temp.o
 .debug_macro   0x0000000000011aa2      0x1cb /tmp/cc8O6Heo.debug.temp.o
 .debug_macro   0x0000000000011c6d      0x11e /tmp/cc8O6Heo.debug.temp.o
 .debug_macro   0x0000000000011d8b      0x1b3 /tmp/cc8O6Heo.debug.temp.o
 .debug_macro   0x0000000000011f3e       0x27 /tmp/cc8O6Heo.debug.temp.o
 .debug_macro   0x0000000000011f65      0x1bc /tmp/cc8O6Heo.debug.temp.o
 .debug_macro   0x0000000000012121       0x34 /tmp/cc8O6Heo.debug.temp.o
 .debug_macro   0x0000000000012155       0x3c /tmp/cc8O6Heo.debug.temp.o
 .debug_macro   0x0000000000012191       0x57 /tmp/cc8O6Heo.debug.temp.o
 .debug_macro   0x00000000000121e8       0x8c /tmp/cc8O6Heo.debug.temp.o
 .debug_macro   0x0000000000012274      0x185 /tmp/cc8O6Heo.debug.temp.o
 .debug_macro   0x00000000000123f9      0x264 /tmp/cc8O6Heo.debug.temp.o
 .debug_macro   0x000000000001265d       0x69 /tmp/cc8O6Heo.debug.temp.o
 .debug_macro   0x00000000000126c6      0x2bb /tmp/ccDpJzln.debug.temp.o
 .debug_macro   0x0000000000012981      0x2bb /tmp/cctAYqwn.debug.temp.o
 .debug_macro   0x0000000000012c3c      0x2bb /tmp/cctzGWnl.debug.temp.o
 .debug_macro   0x0000000000012ef7      0x32b /tmp/ccV7Elqn.debug.temp.o
 .debug_macro   0x0000000000013222      0x2fb /tmp/cchr5FNo.debug.temp.o
 .debug_macro   0x000000000001351d      0x2cd /tmp/cc0hRMjl.debug.temp.o
 .debug_macro   0x00000000000137ea      0x1ae /tmp/ccZJ3B8k.debug.temp.o
 .debug_macro   0x0000000000013998      0x10e /tmp/ccZJ3B8k.debug.temp.o
 .debug_macro   0x0000000000013aa6       0x8d /tmp/ccZJ3B8k.debug.temp.o
 .debug_macro   0x0000000000013b33       0x35 /tmp/ccZJ3B8k.debug.temp.o
 .debug_macro   0x0000000000013b68      0x163 /tmp/cckIUJbn.debug.temp.o
 .debug_macro   0x0000000000013ccb      0x174 /tmp/cckIUJbn.debug.temp.o
 .debug_macro   0x0000000000013e3f       0x10 /tmp/cckIUJbn.debug.temp.o
 .debug_macro   0x0000000000013e4f      0x23b /tmp/cckIUJbn.debug.temp.o
 .debug_macro   0x000000000001408a      0x174 /tmp/cc51LhVl.debug.temp.o
 .debug_macro   0x00000000000141fe      0x2dd /tmp/ccyIfmbp.debug.temp.o
 .debug_macro   0x00000000000144db       0x10 /tmp/ccyIfmbp.debug.temp.o
 .debug_macro   0x00000000000144eb       0x10 /tmp/ccyIfmbp.debug.temp.o
 .debug_macro   0x00000000000144fb       0x10 /tmp/ccyIfmbp.debug.temp.o
 .debug_macro   0x000000000001450b       0x35 /tmp/ccyIfmbp.debug.temp.o
 .debug_macro   0x0000000000014540      0x12c /tmp/ccyIfmbp.debug.temp.o
 .debug_macro   0x000000000001466c      0x22a /tmp/ccyIfmbp.debug.temp.o
 .debug_macro   0x0000000000014896       0x10 /tmp/ccyIfmbp.debug.temp.o
 .debug_macro   0x00000000000148a6       0x1c /tmp/ccyIfmbp.debug.temp.o
 .debug_macro   0x00000000000148c2       0x10 /tmp/ccyIfmbp.debug.temp.o
 .debug_macro   0x00000000000148d2       0x16 /tmp/ccyIfmbp.debug.temp.o
 .debug_macro   0x00000000000148e8       0xce /tmp/ccyIfmbp.debug.temp.o
 .debug_macro   0x00000000000149b6      0x241 /tmp/ccyIfmbp.debug.temp.o
 .debug_macro   0x0000000000014bf7       0x16 /tmp/ccyIfmbp.debug.temp.o
 .debug_macro   0x0000000000014c0d       0x3a /tmp/ccyIfmbp.debug.temp.o
 .debug_macro   0x0000000000014c47      0x11f /tmp/ccyIfmbp.debug.temp.o
 .debug_macro   0x0000000000014d66      0x189 /tmp/ccyIfmbp.debug.temp.o
 .debug_macro   0x0000000000014eef       0x16 /tmp/ccyIfmbp.debug.temp.o
 .debug_macro   0x0000000000014f05       0x22 /tmp/ccyIfmbp.debug.temp.o
 .debug_macro   0x0000000000014f27      0x1d9 /tmp/ccGV28Hl.debug.temp.o
 .debug_macro   0x0000000000015100       0x1c /tmp/ccGV28Hl.debug.temp.o
 .debug_macro   0x000000000001511c      0x1f5 /tmp/ccMfbxEn.debug.temp.o
 .debug_macro   0x0000000000015311       0x4c /tmp/ccMfbxEn.debug.temp.o
 .debug_macro   0x000000000001535d      0x1eb /tmp/ccnmYz1o.debug.temp.o
 .debug_macro   0x0000000000015548       0x10 /tmp/ccnmYz1o.debug.temp.o
 .debug_macro   0x0000000000015558       0xcf /tmp/ccnmYz1o.debug.temp.o
 .debug_macro   0x0000000000015627       0x20 /tmp/ccnmYz1o.debug.temp.o
 .debug_macro   0x0000000000015647       0xbe /tmp/ccnmYz1o.debug.temp.o
 .debug_macro   0x0000000000015705      0x258 /tmp/ccy6696n.debug.temp.o
 .debug_macro   0x000000000001595d       0x3b /tmp/ccy6696n.debug.temp.o
 .debug_macro   0x0000000000015998       0x10 /tmp/ccy6696n.debug.temp.o
 .debug_macro   0x00000000000159a8       0xcb /tmp/cc1SYrFm.debug.temp.o
 .debug_macro   0x0000000000015a73      0x38d /tmp/cc8dkNZm.debug.temp.o
 .debug_macro   0x0000000000015e00       0x22 /tmp/cc8dkNZm.debug.temp.o
 .debug_macro   0x0000000000015e22       0x22 /tmp/cc8dkNZm.debug.temp.o
 .debug_macro   0x0000000000015e44      0x136 /tmp/cc8dkNZm.debug.temp.o
 .debug_macro   0x0000000000015f7a       0x10 /tmp/cc8dkNZm.debug.temp.o
 .debug_macro   0x0000000000015f8a       0x16 /tmp/cc8dkNZm.debug.temp.o
 .debug_macro   0x0000000000015fa0       0x16 /tmp/cc8dkNZm.debug.temp.o
 .debug_macro   0x0000000000015fb6       0x1c /tmp/cc8dkNZm.debug.temp.o
 .debug_macro   0x0000000000015fd2       0x7b /tmp/ccHgSaap.debug.temp.o
 .debug_macro   0x000000000001604d      0x373 /tmp/ccOs3ntp.debug.temp.o
 .debug_macro   0x00000000000163c0      0x2ca /tmp/ccOLdH7o.debug.temp.o
 .debug_macro   0x000000000001668a       0x1c /tmp/ccOLdH7o.debug.temp.o
 .debug_macro   0x00000000000166a6      0x2de /tmp/ccBn1mYk.debug.temp.o
 .debug_macro   0x0000000000016984      0x332 /tmp/cc1IR3wl.debug.temp.o
 .debug_macro   0x0000000000016cb6       0x46 /tmp/cc1IR3wl.debug.temp.o
 .debug_macro   0x0000000000016cfc      0x320 /tmp/ccoDN9on.debug.temp.o
 .debug_macro   0x000000000001701c       0x1c /tmp/ccoDN9on.debug.temp.o
 .debug_macro   0x0000000000017038      0x320 /tmp/cc5WAA7l.debug.temp.o
 .debug_macro   0x0000000000017358      0x320 /tmp/ccOjWppo.debug.temp.o
 .debug_macro   0x0000000000017678       0x1c /tmp/ccOjWppo.debug.temp.o
 .debug_macro   0x0000000000017694      0x3a0 /tmp/cc0haMup.debug.temp.o
 .debug_macro   0x0000000000017a34       0x22 /tmp/cc0haMup.debug.temp.o
 .debug_macro   0x0000000000017a56      0x3aa /tmp/ccyaNa4m.debug.temp.o
