Archive member included to satisfy reference by file (symbol)

/home/fossa/opt/xPacks/@xpack-dev-tools/arm-none-eabi-gcc/9.3.1-1.4.1/.content/bin/../lib/gcc/arm-none-eabi/9.3.1/../../../../arm-none-eabi/lib/thumb/v7-m/nofp/libm.a(lib_a-s_floor.o)
                              ./src/StatusDisplay.o (symbol from plugin) (floor)
/home/fossa/opt/xPacks/@xpack-dev-tools/arm-none-eabi-gcc/9.3.1-1.4.1/.content/bin/../lib/gcc/arm-none-eabi/9.3.1/thumb/v7-m/nofp/libgcc.a(_arm_addsubdf3.o)
                              /home/fossa/opt/xPacks/@xpack-dev-tools/arm-none-eabi-gcc/9.3.1-1.4.1/.content/bin/../lib/gcc/arm-none-eabi/9.3.1/../../../../arm-none-eabi/lib/thumb/v7-m/nofp/libm.a(lib_a-s_floor.o) (__aeabi_dadd)
/home/fossa/opt/xPacks/@xpack-dev-tools/arm-none-eabi-gcc/9.3.1-1.4.1/.content/bin/../lib/gcc/arm-none-eabi/9.3.1/thumb/v7-m/nofp/libgcc.a(_arm_cmpdf2.o)
                              /home/fossa/opt/xPacks/@xpack-dev-tools/arm-none-eabi-gcc/9.3.1-1.4.1/.content/bin/../lib/gcc/arm-none-eabi/9.3.1/../../../../arm-none-eabi/lib/thumb/v7-m/nofp/libm.a(lib_a-s_floor.o) (__aeabi_dcmpgt)
/home/fossa/opt/xPacks/@xpack-dev-tools/arm-none-eabi-gcc/9.3.1-1.4.1/.content/bin/../lib/gcc/arm-none-eabi/9.3.1/../../../../arm-none-eabi/lib/thumb/v7-m/nofp/libg_nano.a(lib_a-ctype_.o)
                              ./system/src/newlib/_syscalls.o (symbol from plugin) (_ctype_)
/home/fossa/opt/xPacks/@xpack-dev-tools/arm-none-eabi-gcc/9.3.1-1.4.1/.content/bin/../lib/gcc/arm-none-eabi/9.3.1/../../../../arm-none-eabi/lib/thumb/v7-m/nofp/libg_nano.a(lib_a-errno.o)
                              ./system/src/newlib/_sbrk.o (symbol from plugin) (__errno)
/home/fossa/opt/xPacks/@xpack-dev-tools/arm-none-eabi-gcc/9.3.1-1.4.1/.content/bin/../lib/gcc/arm-none-eabi/9.3.1/../../../../arm-none-eabi/lib/thumb/v7-m/nofp/libg_nano.a(lib_a-exit.o)
                              /home/fossa/opt/xPacks/@xpack-dev-tools/arm-none-eabi-gcc/9.3.1-1.4.1/.content/bin/../lib/gcc/arm-none-eabi/9.3.1/../../../../arm-none-eabi/lib/thumb/v7-m/nofp/crt0.o (exit)
/home/fossa/opt/xPacks/@xpack-dev-tools/arm-none-eabi-gcc/9.3.1-1.4.1/.content/bin/../lib/gcc/arm-none-eabi/9.3.1/../../../../arm-none-eabi/lib/thumb/v7-m/nofp/libg_nano.a(lib_a-findfp.o)
                              ./system/src/newlib/_syscalls.o (symbol from plugin) (__sinit)
/home/fossa/opt/xPacks/@xpack-dev-tools/arm-none-eabi-gcc/9.3.1-1.4.1/.content/bin/../lib/gcc/arm-none-eabi/9.3.1/../../../../arm-none-eabi/lib/thumb/v7-m/nofp/libg_nano.a(lib_a-fwalk.o)
                              /home/fossa/opt/xPacks/@xpack-dev-tools/arm-none-eabi-gcc/9.3.1-1.4.1/.content/bin/../lib/gcc/arm-none-eabi/9.3.1/../../../../arm-none-eabi/lib/thumb/v7-m/nofp/libg_nano.a(lib_a-findfp.o) (_fwalk)
/home/fossa/opt/xPacks/@xpack-dev-tools/arm-none-eabi-gcc/9.3.1-1.4.1/.content/bin/../lib/gcc/arm-none-eabi/9.3.1/../../../../arm-none-eabi/lib/thumb/v7-m/nofp/libg_nano.a(lib_a-impure.o)
                              /home/fossa/opt/xPacks/@xpack-dev-tools/arm-none-eabi-gcc/9.3.1-1.4.1/.content/bin/../lib/gcc/arm-none-eabi/9.3.1/../../../../arm-none-eabi/lib/thumb/v7-m/nofp/libg_nano.a(lib_a-exit.o) (_global_impure_ptr)
/home/fossa/opt/xPacks/@xpack-dev-tools/arm-none-eabi-gcc/9.3.1-1.4.1/.content/bin/../lib/gcc/arm-none-eabi/9.3.1/../../../../arm-none-eabi/lib/thumb/v7-m/nofp/libg_nano.a(lib_a-init.o)
                              /home/fossa/opt/xPacks/@xpack-dev-tools/arm-none-eabi-gcc/9.3.1-1.4.1/.content/bin/../lib/gcc/arm-none-eabi/9.3.1/../../../../arm-none-eabi/lib/thumb/v7-m/nofp/crt0.o (__libc_init_array)
/home/fossa/opt/xPacks/@xpack-dev-tools/arm-none-eabi-gcc/9.3.1-1.4.1/.content/bin/../lib/gcc/arm-none-eabi/9.3.1/../../../../arm-none-eabi/lib/thumb/v7-m/nofp/libg_nano.a(lib_a-lock.o)
                              /home/fossa/opt/xPacks/@xpack-dev-tools/arm-none-eabi-gcc/9.3.1-1.4.1/.content/bin/../lib/gcc/arm-none-eabi/9.3.1/../../../../arm-none-eabi/lib/thumb/v7-m/nofp/libg_nano.a(lib_a-findfp.o) (__retarget_lock_init_recursive)
/home/fossa/opt/xPacks/@xpack-dev-tools/arm-none-eabi-gcc/9.3.1-1.4.1/.content/bin/../lib/gcc/arm-none-eabi/9.3.1/../../../../arm-none-eabi/lib/thumb/v7-m/nofp/libg_nano.a(lib_a-memset.o)
                              /home/fossa/opt/xPacks/@xpack-dev-tools/arm-none-eabi-gcc/9.3.1-1.4.1/.content/bin/../lib/gcc/arm-none-eabi/9.3.1/../../../../arm-none-eabi/lib/thumb/v7-m/nofp/crt0.o (memset)
/home/fossa/opt/xPacks/@xpack-dev-tools/arm-none-eabi-gcc/9.3.1-1.4.1/.content/bin/../lib/gcc/arm-none-eabi/9.3.1/../../../../arm-none-eabi/lib/thumb/v7-m/nofp/libg_nano.a(lib_a-nano-mallocr.o)
                              /home/fossa/opt/xPacks/@xpack-dev-tools/arm-none-eabi-gcc/9.3.1-1.4.1/.content/bin/../lib/gcc/arm-none-eabi/9.3.1/../../../../arm-none-eabi/lib/thumb/v7-m/nofp/libg_nano.a(lib_a-findfp.o) (_malloc_r)
[...]
Memory Configuration

Name             Origin             Length             Attributes
RAM              0x0000000020000000 0x0000000000005000 xrw
CCMRAM           0x0000000000000000 0x0000000000000000 xrw
FLASH            0x0000000008000000 0x0000000000020000 xr
FLASHB1          0x0000000000000000 0x0000000000000000 xr
EXTMEMB0         0x0000000000000000 0x0000000000000000 xr
EXTMEMB1         0x0000000000000000 0x0000000000000000 xr
EXTMEMB2         0x0000000000000000 0x0000000000000000 xr
EXTMEMB3         0x0000000000000000 0x0000000000000000 xr
MEMORY_ARRAY     0x0000000000000000 0x0000000000000000 xrw
*default*        0x0000000000000000 0xffffffffffffffff

Linker script and memory map

LOAD /home/fossa/opt/xPacks/@xpack-dev-tools/arm-none-eabi-gcc/9.3.1-1.4.1/.content/bin/../lib/gcc/arm-none-eabi/9.3.1/thumb/v7-m/nofp/crti.o
LOAD /home/fossa/opt/xPacks/@xpack-dev-tools/arm-none-eabi-gcc/9.3.1-1.4.1/.content/bin/../lib/gcc/arm-none-eabi/9.3.1/thumb/v7-m/nofp/crtbegin.o
LOAD /home/fossa/opt/xPacks/@xpack-dev-tools/arm-none-eabi-gcc/9.3.1-1.4.1/.content/bin/../lib/gcc/arm-none-eabi/9.3.1/../../../../arm-none-eabi/lib/thumb/v7-m/nofp/crt0.o
LOAD ./system/src/stm32f1xx/stm32f1xx_hal.o
LOAD /tmp/Yiff-HL.elf.gIbMg8.ltrans0.ltrans.o
LOAD /tmp/cch0EYq8.debug.temp.o
LOAD /tmp/cc6dFHZ6.debug.temp.o
LOAD /tmp/ccv9N5C9.debug.temp.o
LOAD /tmp/ccXPINH6.debug.temp.o
LOAD /tmp/ccVKabT9.debug.temp.o
LOAD /tmp/ccwbmeV7.debug.temp.o
LOAD /tmp/ccIFewz7.debug.temp.o
LOAD /tmp/ccDkJMI9.debug.temp.o
LOAD /tmp/cczyE6Ia.debug.temp.o
LOAD /tmp/ccciwEz9.debug.temp.o
LOAD /tmp/ccVe4tX8.debug.temp.o
LOAD /tmp/ccW0IRva.debug.temp.o
LOAD /tmp/cc0yTIc7.debug.temp.o
LOAD /tmp/ccoTe8H9.debug.temp.o
LOAD /tmp/cc4fZDy7.debug.temp.o
LOAD /tmp/ccAXvj69.debug.temp.o
LOAD /tmp/ccPHFUj9.debug.temp.o
LOAD /tmp/ccHHxH06.debug.temp.o
LOAD /tmp/ccDaVBG6.debug.temp.o
LOAD /tmp/ccf9Poka.debug.temp.o
LOAD /tmp/cc4nFwW8.debug.temp.o
LOAD /tmp/ccV5h7z9.debug.temp.o
LOAD /tmp/ccDYE4ba.debug.temp.o
LOAD /tmp/cc98ldj6.debug.temp.o
LOAD /tmp/ccJtpOB6.debug.temp.o
LOAD /tmp/ccff5dta.debug.temp.o
LOAD /tmp/ccobKzH9.debug.temp.o
LOAD /tmp/ccw7G6J6.debug.temp.o
LOAD /tmp/ccMrKN18.debug.temp.o
LOAD /tmp/cciIFzv6.debug.temp.o
LOAD /tmp/ccqRhnb9.debug.temp.o
LOAD /tmp/cc3zbrA7.debug.temp.o
LOAD /tmp/ccoccPha.debug.temp.o
LOAD /tmp/cc5ULGR7.debug.temp.o
LOAD /tmp/cc0AwSxa.debug.temp.o
LOAD /tmp/ccH2Ost8.debug.temp.o
LOAD /tmp/ccK7nJI9.debug.temp.o
LOAD /tmp/ccFXHyP8.debug.temp.o
LOAD /tmp/ccI5ZBO9.debug.temp.o
LOAD /tmp/ccpQrEh8.debug.temp.o
LOAD /tmp/ccsJWhV8.debug.temp.o
LOAD /tmp/ccuqYqqa.debug.temp.o
LOAD /tmp/cchNdSZ8.debug.temp.o
LOAD /tmp/cc0IfPA7.debug.temp.o
LOAD /tmp/cc9grk98.debug.temp.o
LOAD /tmp/ccuOE2o6.debug.temp.o
LOAD /tmp/ccefAIV8.debug.temp.o
LOAD /tmp/ccdBUhs6.debug.temp.o
LOAD /tmp/cc5LmoD8.debug.temp.o
LOAD /tmp/ccabiuq7.debug.temp.o
LOAD /tmp/ccHgGYi8.debug.temp.o
LOAD /tmp/ccIWqRS7.debug.temp.o
LOAD /tmp/ccyAvjL8.debug.temp.o
LOAD /tmp/ccL5x9d9.debug.temp.o
LOAD /tmp/ccdqM6Z7.debug.temp.o
LOAD /tmp/ccHkOmh6.debug.temp.o
LOAD /tmp/ccZzo2D6.debug.temp.o
LOAD /tmp/ccpj0IA9.debug.temp.o
LOAD /tmp/cchHMDY9.debug.temp.o
LOAD /tmp/cc0fcoi6.debug.temp.o
LOAD /tmp/ccNWwTea.debug.temp.o
LOAD /tmp/ccmIzLH6.debug.temp.o
LOAD /tmp/ccWb6V18.debug.temp.o
LOAD /tmp/ccFMB3O7.debug.temp.o
LOAD /tmp/ccYALFz6.debug.temp.o
LOAD /tmp/ccrF2QJ6.debug.temp.o
LOAD /tmp/cc234KB8.debug.temp.o
LOAD /tmp/ccDEVki7.debug.temp.o
LOAD /tmp/cclhoOq8.debug.temp.o
LOAD /tmp/ccviWyja.debug.temp.o
LOAD /tmp/cc0Hq4S8.debug.temp.o
LOAD /tmp/cc8rgJpa.debug.temp.o
LOAD /tmp/cc5dpHY7.debug.temp.o
LOAD /tmp/ccDn1P58.debug.temp.o
LOAD /tmp/ccup0lJa.debug.temp.o
LOAD /tmp/ccYg2Pa7.debug.temp.o
LOAD /tmp/ccM4lzY8.debug.temp.o
LOAD /tmp/cc2XKKq6.debug.temp.o
LOAD /tmp/cc8m2DR8.debug.temp.o
LOAD /tmp/ccueeOo6.debug.temp.o
LOAD /tmp/ccjpNSy6.debug.temp.o
LOAD /tmp/ccjesp98.debug.temp.o
LOAD /tmp/ccfyPtX7.debug.temp.o
LOAD /tmp/ccezEZ77.debug.temp.o
LOAD /tmp/ccvpnQf8.debug.temp.o
LOAD /tmp/cc4ruIP6.debug.temp.o
LOAD /tmp/ccMBn5u8.debug.temp.o
LOAD /tmp/ccQKzcHa.debug.temp.o
LOAD /tmp/ccjE4XQ8.debug.temp.o
LOAD /tmp/ccCitqn6.debug.temp.o
LOAD /tmp/cc787cz6.debug.temp.o
LOAD /tmp/ccO4S4D7.debug.temp.o
LOAD /tmp/ccOESPA9.debug.temp.o
LOAD /tmp/ccIIbHA9.debug.temp.o
LOAD /tmp/ccAywTj6.debug.temp.o
LOAD /tmp/cciQ9tr8.debug.temp.o
LOAD /tmp/ccrThXla.debug.temp.o
LOAD /tmp/ccH3PpN8.debug.temp.o
LOAD ./system/src/stm32f1xx/stm32f1xx_hal_adc.o
LOAD ./system/src/stm32f1xx/stm32f1xx_hal_adc_ex.o
LOAD ./system/src/stm32f1xx/stm32f1xx_hal_can.o
LOAD ./system/src/stm32f1xx/stm32f1xx_hal_cec.o
LOAD ./system/src/stm32f1xx/stm32f1xx_hal_cortex.o
LOAD ./system/src/stm32f1xx/stm32f1xx_hal_crc.o
LOAD ./system/src/stm32f1xx/stm32f1xx_hal_dac.o
LOAD ./system/src/stm32f1xx/stm32f1xx_hal_dac_ex.o
LOAD ./system/src/stm32f1xx/stm32f1xx_hal_dma.o
LOAD ./system/src/stm32f1xx/stm32f1xx_hal_eth.o
LOAD ./system/src/stm32f1xx/stm32f1xx_hal_flash.o
LOAD ./system/src/stm32f1xx/stm32f1xx_hal_flash_ex.o
LOAD ./system/src/stm32f1xx/stm32f1xx_hal_gpio.o
LOAD ./system/src/stm32f1xx/stm32f1xx_hal_gpio_ex.o
LOAD ./system/src/stm32f1xx/stm32f1xx_hal_hcd.o
LOAD ./system/src/stm32f1xx/stm32f1xx_hal_i2c.o
LOAD ./system/src/stm32f1xx/stm32f1xx_hal_i2s.o
LOAD ./system/src/stm32f1xx/stm32f1xx_hal_irda.o
LOAD ./system/src/stm32f1xx/stm32f1xx_hal_iwdg.o
LOAD ./system/src/stm32f1xx/stm32f1xx_hal_mmc.o
LOAD ./system/src/stm32f1xx/stm32f1xx_hal_nand.o
LOAD ./system/src/stm32f1xx/stm32f1xx_hal_nor.o
LOAD ./system/src/stm32f1xx/stm32f1xx_hal_pccard.o
LOAD ./system/src/stm32f1xx/stm32f1xx_hal_pcd.o
LOAD ./system/src/stm32f1xx/stm32f1xx_hal_pcd_ex.o
LOAD ./system/src/stm32f1xx/stm32f1xx_hal_pwr.o
LOAD ./system/src/stm32f1xx/stm32f1xx_hal_rcc.o
LOAD ./system/src/stm32f1xx/stm32f1xx_hal_rcc_ex.o
LOAD ./system/src/stm32f1xx/stm32f1xx_hal_rtc.o
LOAD ./system/src/stm32f1xx/stm32f1xx_hal_rtc_ex.o
LOAD ./system/src/stm32f1xx/stm32f1xx_hal_sd.o
LOAD ./system/src/stm32f1xx/stm32f1xx_hal_smartcard.o
LOAD ./system/src/stm32f1xx/stm32f1xx_hal_spi.o
LOAD ./system/src/stm32f1xx/stm32f1xx_hal_spi_ex.o
LOAD ./system/src/stm32f1xx/stm32f1xx_hal_sram.o
LOAD ./system/src/stm32f1xx/stm32f1xx_hal_tim.o
LOAD ./system/src/stm32f1xx/stm32f1xx_hal_tim_ex.o
LOAD ./system/src/stm32f1xx/stm32f1xx_hal_uart.o
LOAD ./system/src/stm32f1xx/stm32f1xx_hal_usart.o
LOAD ./system/src/stm32f1xx/stm32f1xx_hal_wwdg.o
LOAD ./system/src/stm32f1xx/stm32f1xx_ll_adc.o
LOAD ./system/src/stm32f1xx/stm32f1xx_ll_crc.o
LOAD ./system/src/stm32f1xx/stm32f1xx_ll_dac.o
LOAD ./system/src/stm32f1xx/stm32f1xx_ll_dma.o
LOAD ./system/src/stm32f1xx/stm32f1xx_ll_exti.o
LOAD ./system/src/stm32f1xx/stm32f1xx_ll_fsmc.o
LOAD ./system/src/stm32f1xx/stm32f1xx_ll_gpio.o
LOAD ./system/src/stm32f1xx/stm32f1xx_ll_i2c.o
LOAD ./system/src/stm32f1xx/stm32f1xx_ll_pwr.o
LOAD ./system/src/stm32f1xx/stm32f1xx_ll_rcc.o
LOAD ./system/src/stm32f1xx/stm32f1xx_ll_rtc.o
LOAD ./system/src/stm32f1xx/stm32f1xx_ll_sdmmc.o
LOAD ./system/src/stm32f1xx/stm32f1xx_ll_spi.o
LOAD ./system/src/stm32f1xx/stm32f1xx_ll_tim.o
LOAD ./system/src/stm32f1xx/stm32f1xx_ll_usart.o
LOAD ./system/src/stm32f1xx/stm32f1xx_ll_usb.o
LOAD ./system/src/stm32f1xx/stm32f1xx_ll_utils.o
LOAD ./system/src/newlib/_cxx.o
LOAD ./system/src/newlib/_exit.o
LOAD ./system/src/newlib/_sbrk.o
LOAD ./system/src/newlib/_startup.o
LOAD ./system/src/newlib/_syscalls.o
LOAD ./system/src/newlib/assert.o
LOAD ./system/src/diag/Trace.o
LOAD ./system/src/diag/trace_impl.o
LOAD ./system/src/cortexm/_initialize_hardware.o
LOAD ./system/src/cortexm/_reset_hardware.o
LOAD ./system/src/cortexm/exception_handlers.o
LOAD ./system/src/cmsis/startup_stm32f103xb.o
LOAD ./system/src/cmsis/system_stm32f1xx.o
LOAD ./src/l2hal/src/l2hal.o
LOAD ./src/l2hal/src/l2hal_aux.o
LOAD ./src/l2hal/src/l2hal_custom.o
LOAD ./src/l2hal/src/l2hal_errors.o
LOAD ./src/l2hal/src/l2hal_systick.o
LOAD ./src/l2hal/mcu_dependent/mcus/stm32f103c8t6/drivers/input/buttons/src/l2hal_stm32f103c8t6_buttons.o
LOAD ./src/l2hal/drivers/internal/crc/src/l2hal_crc.o
LOAD ./src/l2hal/drivers/input/encoders/src/l2hal_encoders.o
LOAD ./src/l2hal/drivers/input/buttons/src/l2hal_buttons.o
LOAD ./src/l2hal/drivers/eeprom/24x/src/l2hal_24x.o
LOAD ./src/l2hal/drivers/display/ssd1327/src/l2hal_ssd1327.o
LOAD ./src/l2hal/drivers/display/ssd1306/src/l2hal_ssd1306.o
LOAD ./src/l2hal/drivers/dds/ad9835/src/l2hal_ad9835.o
LOAD ./src/fmgl/src/fmgl.o
LOAD ./src/fmgl/src/fmgl_private.o
LOAD ./src/fmgl/fonts/src/terminusRegular12.o
LOAD ./src/Buttons.o
LOAD ./src/CycleStateMachine.o
LOAD ./src/EEPROM.o
LOAD ./src/GlobalStateMachine.o
LOAD ./src/HAL.o
LOAD ./src/HardwareLogic.o
LOAD ./src/MorsePlayer.o
LOAD ./src/RTC.o
LOAD ./src/StatusDisplay.o
LOAD ./src/Time.o
LOAD ./src/main.o
LOAD ./src/stm32f1xx_it.o
LOAD /home/fossa/opt/xPacks/@xpack-dev-tools/arm-none-eabi-gcc/9.3.1-1.4.1/.content/bin/../lib/gcc/arm-none-eabi/9.3.1/../../../../arm-none-eabi/lib/thumb/v7-m/nofp/libstdc++_nano.a
LOAD /home/fossa/opt/xPacks/@xpack-dev-tools/arm-none-eabi-gcc/9.3.1-1.4.1/.content/bin/../lib/gcc/arm-none-eabi/9.3.1/../../../../arm-none-eabi/lib/thumb/v7-m/nofp/libm.a
START GROUP
LOAD /home/fossa/opt/xPacks/@xpack-dev-tools/arm-none-eabi-gcc/9.3.1-1.4.1/.content/bin/../lib/gcc/arm-none-eabi/9.3.1/thumb/v7-m/nofp/libgcc.a
LOAD /home/fossa/opt/xPacks/@xpack-dev-tools/arm-none-eabi-gcc/9.3.1-1.4.1/.content/bin/../lib/gcc/arm-none-eabi/9.3.1/../../../../arm-none-eabi/lib/thumb/v7-m/nofp/libg_nano.a
LOAD /home/fossa/opt/xPacks/@xpack-dev-tools/arm-none-eabi-gcc/9.3.1-1.4.1/.content/bin/../lib/gcc/arm-none-eabi/9.3.1/../../../../arm-none-eabi/lib/thumb/v7-m/nofp/libc_nano.a
END GROUP
START GROUP
LOAD /home/fossa/opt/xPacks/@xpack-dev-tools/arm-none-eabi-gcc/9.3.1-1.4.1/.content/bin/../lib/gcc/arm-none-eabi/9.3.1/thumb/v7-m/nofp/libgcc.a
LOAD /home/fossa/opt/xPacks/@xpack-dev-tools/arm-none-eabi-gcc/9.3.1-1.4.1/.content/bin/../lib/gcc/arm-none-eabi/9.3.1/../../../../arm-none-eabi/lib/thumb/v7-m/nofp/libc_nano.a
END GROUP
LOAD /home/fossa/opt/xPacks/@xpack-dev-tools/arm-none-eabi-gcc/9.3.1-1.4.1/.content/bin/../lib/gcc/arm-none-eabi/9.3.1/thumb/v7-m/nofp/crtend.o
LOAD /home/fossa/opt/xPacks/@xpack-dev-tools/arm-none-eabi-gcc/9.3.1-1.4.1/.content/bin/../lib/gcc/arm-none-eabi/9.3.1/thumb/v7-m/nofp/crtn.o
                0x0000000020005000                __stack = (ORIGIN (RAM) + LENGTH (RAM))
                0x0000000020005000                _estack = __stack
                0x0000000000000400                __Main_Stack_Size = 0x400
                [!provide]                        PROVIDE (_Main_Stack_Size = __Main_Stack_Size)
                0x0000000020004c00                __Main_Stack_Limit = (__stack - __Main_Stack_Size)
                [!provide]                        PROVIDE (_Main_Stack_Limit = __Main_Stack_Limit)
                0x0000000000000100                _Minimum_Stack_Size = 0x100
                0x0000000020002498                PROVIDE (_Heap_Begin = _end_noinit)
                0x0000000020004c00                PROVIDE (_Heap_Limit = (__stack - __Main_Stack_Size))

.isr_vector     0x0000000008000000      0x10c
 FILL mask 0xff
                0x0000000008000000                __vectors_start = ABSOLUTE (.)
                0x0000000008000000                __vectors_start__ = ABSOLUTE (.)
 *(.isr_vector)
 .isr_vector    0x0000000008000000      0x10c ./system/src/cmsis/startup_stm32f103xb.o
                0x0000000008000000                g_pfnVectors
 *(.cfmconfig)
 *(.after_vectors .after_vectors.*)

.inits          0x000000000800010c       0x48
                0x000000000800010c                __data_regions_array_start = .
                0x000000000800010c        0x4 LONG 0x800a5dc LOADADDR (.data)
                0x0000000008000110        0x4 LONG 0x20000000 ADDR (.data)
                0x0000000008000114        0x4 LONG 0x200001d4 (ADDR (.data) + SIZEOF (.data))
                0x0000000008000118        0x4 LONG 0x800a5dc LOADADDR (.data_CCMRAM)
                0x000000000800011c        0x4 LONG 0x0 ADDR (.data_CCMRAM)
                0x0000000008000120        0x4 LONG 0x0 (ADDR (.data_CCMRAM) + SIZEOF (.data_CCMRAM))
                0x0000000008000124                __data_regions_array_end = .
                0x0000000008000124                __bss_regions_array_start = .
                0x0000000008000124        0x4 LONG 0x200001d4 ADDR (.bss)
                0x0000000008000128        0x4 LONG 0x20002498 (ADDR (.bss) + SIZEOF (.bss))
                0x000000000800012c        0x4 LONG 0x0 ADDR (.bss_CCMRAM)
                0x0000000008000130        0x4 LONG 0x0 (ADDR (.bss_CCMRAM) + SIZEOF (.bss_CCMRAM))
                0x0000000008000134                __bss_regions_array_end = .
 *(.init)
 .init          0x0000000008000134        0x4 /home/fossa/opt/xPacks/@xpack-dev-tools/arm-none-eabi-gcc/9.3.1-1.4.1/.content/bin/../lib/gcc/arm-none-eabi/9.3.1/thumb/v7-m/nofp/crti.o
                0x0000000008000134                _init
 .init          0x0000000008000138        0x8 /home/fossa/opt/xPacks/@xpack-dev-tools/arm-none-eabi-gcc/9.3.1-1.4.1/.content/bin/../lib/gcc/arm-none-eabi/9.3.1/thumb/v7-m/nofp/crtn.o
 *(.fini)
 .fini          0x0000000008000140        0x4 /home/fossa/opt/xPacks/@xpack-dev-tools/arm-none-eabi-gcc/9.3.1-1.4.1/.content/bin/../lib/gcc/arm-none-eabi/9.3.1/thumb/v7-m/nofp/crti.o
                0x0000000008000140                _fini
 .fini          0x0000000008000144        0x8 /home/fossa/opt/xPacks/@xpack-dev-tools/arm-none-eabi-gcc/9.3.1-1.4.1/.content/bin/../lib/gcc/arm-none-eabi/9.3.1/thumb/v7-m/nofp/crtn.o
                0x000000000800014c                . = ALIGN (0x4)
                0x000000000800014c                PROVIDE (__preinit_array_start = .)
 *(.preinit_array_sysinit .preinit_array_sysinit.*)
 *(.preinit_array_platform .preinit_array_platform.*)
 *(.preinit_array .preinit_array.*)
                0x000000000800014c                PROVIDE (__preinit_array_end = .)
                0x000000000800014c                . = ALIGN (0x4)
                0x000000000800014c                PROVIDE (__init_array_start = .)
 *(SORT_BY_NAME(.init_array.*))
 *(.init_array)
 .init_array    0x000000000800014c        0x4 /home/fossa/opt/xPacks/@xpack-dev-tools/arm-none-eabi-gcc/9.3.1-1.4.1/.content/bin/../lib/gcc/arm-none-eabi/9.3.1/thumb/v7-m/nofp/crtbegin.o
                0x0000000008000150                PROVIDE (__init_array_end = .)
                0x0000000008000150                . = ALIGN (0x4)
                0x0000000008000150                PROVIDE (__fini_array_start = .)
 *(SORT_BY_NAME(.fini_array.*))
 *(.fini_array)
 .fini_array    0x0000000008000150        0x4 /home/fossa/opt/xPacks/@xpack-dev-tools/arm-none-eabi-gcc/9.3.1-1.4.1/.content/bin/../lib/gcc/arm-none-eabi/9.3.1/thumb/v7-m/nofp/crtbegin.o
                0x0000000008000154                PROVIDE (__fini_array_end = .)

.flashtext
 *(.flashtext .flashtext.*)

.text           0x0000000008000158     0xa47c
 *(.text .text.*)
 .text.__do_global_dtors_aux
                0x0000000008000158       0x24 /home/fossa/opt/xPacks/@xpack-dev-tools/arm-none-eabi-gcc/9.3.1-1.4.1/.content/bin/../lib/gcc/arm-none-eabi/9.3.1/thumb/v7-m/nofp/crtbegin.o
 .text.frame_dummy
                0x000000000800017c       0x1c /home/fossa/opt/xPacks/@xpack-dev-tools/arm-none-eabi-gcc/9.3.1-1.4.1/.content/bin/../lib/gcc/arm-none-eabi/9.3.1/thumb/v7-m/nofp/crtbegin.o
 .text          0x0000000008000198       0x7c /home/fossa/opt/xPacks/@xpack-dev-tools/arm-none-eabi-gcc/9.3.1-1.4.1/.content/bin/../lib/gcc/arm-none-eabi/9.3.1/../../../../arm-none-eabi/lib/thumb/v7-m/nofp/crt0.o
                0x0000000008000198                _stack_init
                0x00000000080001a0                _mainCRTStartup
                0x00000000080001a0                _start
 .text.L2HAL_SSD1327_GetWidth
                0x0000000008000214        0x4 /tmp/Yiff-HL.elf.gIbMg8.ltrans0.ltrans.o
 .text.L2HAL_SSD1327_GetHeight
                0x0000000008000218        0x4 /tmp/Yiff-HL.elf.gIbMg8.ltrans0.ltrans.o
 .text.L2HAL_SSD1327_SetActiveColor
                0x000000000800021c       0x4c /tmp/Yiff-HL.elf.gIbMg8.ltrans0.ltrans.o
 .text.ToTime   0x0000000008000268       0x34 /tmp/Yiff-HL.elf.gIbMg8.ltrans0.ltrans.o
 .text.TimeSinceDayBegin
                0x000000000800029c       0x58 /tmp/Yiff-HL.elf.gIbMg8.ltrans0.ltrans.o
 .text.SecondsSinceDayBegin
                0x00000000080002f4       0x20 /tmp/Yiff-HL.elf.gIbMg8.ltrans0.ltrans.o
 .text.SubstractSeconds
                0x0000000008000314       0x2e /tmp/Yiff-HL.elf.gIbMg8.ltrans0.ltrans.o
 .text.AddTimes
                0x0000000008000342       0x36 /tmp/Yiff-HL.elf.gIbMg8.ltrans0.ltrans.o
 .text.CompareTimes
                0x0000000008000378       0x28 /tmp/Yiff-HL.elf.gIbMg8.ltrans0.ltrans.o
 .text.MorsePlayerInit
                0x00000000080003a0        0xc /tmp/Yiff-HL.elf.gIbMg8.ltrans0.ltrans.o
 .text.CSM_CalculateEndingToneStartTime
                0x00000000080003ac       0x50 /tmp/Yiff-HL.elf.gIbMg8.ltrans0.ltrans.o
 .text.FMGL_FontTerminusRegular12Init
                0x00000000080003fc       0x28 /tmp/Yiff-HL.elf.gIbMg8.ltrans0.ltrans.o
 .text.FMGL_FontTerminusRegular12GetCharacterWidth
                0x0000000008000424        0x4 /tmp/Yiff-HL.elf.gIbMg8.ltrans0.ltrans.o
 .text.FMGL_FontTerminusRegular12GetCharacterRaster
                0x0000000008000428       0x20 /tmp/Yiff-HL.elf.gIbMg8.ltrans0.ltrans.o
 .text.FMGL_Priv_IsActiveXBMPixel
                0x0000000008000448       0x40 /tmp/Yiff-HL.elf.gIbMg8.ltrans0.ltrans.o
 .text.FMGL_API_GetDisplayHeight
                0x0000000008000488        0x8 /tmp/Yiff-HL.elf.gIbMg8.ltrans0.ltrans.o
 .text.FMGL_API_GetDisplayWidth
                0x0000000008000490        0x8 /tmp/Yiff-HL.elf.gIbMg8.ltrans0.ltrans.o
 .text.FMGL_API_PushFramebuffer
                0x0000000008000498        0xa /tmp/Yiff-HL.elf.gIbMg8.ltrans0.ltrans.o
 .text.FMGL_API_DrawPixel
                0x00000000080004a2       0x16 /tmp/Yiff-HL.elf.gIbMg8.ltrans0.ltrans.o
 .text.FMGL_API_DrawLineVertical
                0x00000000080004b8       0x3c /tmp/Yiff-HL.elf.gIbMg8.ltrans0.ltrans.o
 .text.FMGL_API_DrawLineHorizontal
                0x00000000080004f4       0x3c /tmp/Yiff-HL.elf.gIbMg8.ltrans0.ltrans.o
 .text.FMGL_API_DrawRectangle
                0x0000000008000530       0x8c /tmp/Yiff-HL.elf.gIbMg8.ltrans0.ltrans.o
 .text.FMGL_API_GetActiveColor
                0x00000000080005bc       0x20 /tmp/Yiff-HL.elf.gIbMg8.ltrans0.ltrans.o
 .text.FMGL_API_SetActiveColor
                0x00000000080005dc       0x1a /tmp/Yiff-HL.elf.gIbMg8.ltrans0.ltrans.o
 .text.FMGL_API_DrawRectangleFilled
                0x00000000080005f6      0x114 /tmp/Yiff-HL.elf.gIbMg8.ltrans0.ltrans.o
 .text.FMGL_API_FillScreen
                0x000000000800070a       0x40 /tmp/Yiff-HL.elf.gIbMg8.ltrans0.ltrans.o
 .text.FMGL_API_ClearScreen
                0x000000000800074a       0x1c /tmp/Yiff-HL.elf.gIbMg8.ltrans0.ltrans.o
 .text.FMGL_API_RenderXBM
                0x0000000008000766       0xfa /tmp/Yiff-HL.elf.gIbMg8.ltrans0.ltrans.o
 .text.DrawTXStatus
                0x0000000008000860       0x64 /tmp/Yiff-HL.elf.gIbMg8.ltrans0.ltrans.o
 .text.FMGL_Priv_RenderCharacter
                0x00000000080008c4       0x68 /tmp/Yiff-HL.elf.gIbMg8.ltrans0.ltrans.o
 .text.FMGL_API_AttachToDriver
                0x000000000800092c       0x3c /tmp/Yiff-HL.elf.gIbMg8.ltrans0.ltrans.o
 .text.L2HAL_SSD1327_InterruptTransferCompleted
                0x0000000008000968       0x12 /tmp/Yiff-HL.elf.gIbMg8.ltrans0.ltrans.o
 .text.L2HAL_SSD1327_GetPixelAddress
                0x000000000800097a       0x2c /tmp/Yiff-HL.elf.gIbMg8.ltrans0.ltrans.o
 .text.L2HAL_SSD1327_DrawPixel
                0x00000000080009a6       0x58 /tmp/Yiff-HL.elf.gIbMg8.ltrans0.ltrans.o
 .text.L2HAL_SSD1327_GetPixel
                0x00000000080009fe       0x8e /tmp/Yiff-HL.elf.gIbMg8.ltrans0.ltrans.o
 .text.L2HAL_SSD1327_WaitForTransferCompletion
                0x0000000008000a8c        0xc /tmp/Yiff-HL.elf.gIbMg8.ltrans0.ltrans.o
 .text.L2HAL_SysTick_Callback
                0x0000000008000a98       0x24 /tmp/Yiff-HL.elf.gIbMg8.ltrans0.ltrans.o
 .text.HAL_CRC_MspInit
                0x0000000008000abc       0x20 /tmp/Yiff-HL.elf.gIbMg8.ltrans0.ltrans.o
 .text.HAL_I2C_MemTxCpltCallback
                0x0000000008000adc       0x1c /tmp/Yiff-HL.elf.gIbMg8.ltrans0.ltrans.o
 .text._trace_write_semihosting_debug
                0x0000000008000af8       0x60 /tmp/Yiff-HL.elf.gIbMg8.ltrans0.ltrans.o
 .text.trace_write
                0x0000000008000b58        0x8 /tmp/Yiff-HL.elf.gIbMg8.ltrans0.ltrans.o
 .text.RTC_WeekDayNum
                0x0000000008000b60       0x9c /tmp/Yiff-HL.elf.gIbMg8.ltrans0.ltrans.o
 .text.RTC_IsLeapYear
                0x0000000008000bfc       0x40 /tmp/Yiff-HL.elf.gIbMg8.ltrans0.ltrans.o
 .text.RTC_DateUpdate
                0x0000000008000c3c       0xba /tmp/Yiff-HL.elf.gIbMg8.ltrans0.ltrans.o
 .text.RTC_Bcd2ToByte
                0x0000000008000cf6       0x12 /tmp/Yiff-HL.elf.gIbMg8.ltrans0.ltrans.o
 .text.RTC_ByteToBcd2
                0x0000000008000d08       0x16 /tmp/Yiff-HL.elf.gIbMg8.ltrans0.ltrans.o
 .text.RTC_ReadAlarmCounter
                0x0000000008000d1e        0xe /tmp/Yiff-HL.elf.gIbMg8.ltrans0.ltrans.o
 .text.RTC_ReadTimeCounter
                0x0000000008000d2c       0x26 /tmp/Yiff-HL.elf.gIbMg8.ltrans0.ltrans.o
 *fill*         0x0000000008000d52        0x2 
 .text.RCC_Delay
                0x0000000008000d54       0x2c /tmp/Yiff-HL.elf.gIbMg8.ltrans0.ltrans.o
 .text.HAL_RCC_GetHCLKFreq
                0x0000000008000d80        0xc /tmp/Yiff-HL.elf.gIbMg8.ltrans0.ltrans.o
 .text.HAL_RCC_GetPCLK2Freq
                0x0000000008000d8c       0x20 /tmp/Yiff-HL.elf.gIbMg8.ltrans0.ltrans.o
 .text.HAL_RCC_GetPCLK1Freq
                0x0000000008000dac       0x20 /tmp/Yiff-HL.elf.gIbMg8.ltrans0.ltrans.o
 .text.HAL_RCC_GetSysClockFreq
                0x0000000008000dcc       0x6c /tmp/Yiff-HL.elf.gIbMg8.ltrans0.ltrans.o
 .text.HAL_PWR_EnableBkUpAccess
                0x0000000008000e38        0xc /tmp/Yiff-HL.elf.gIbMg8.ltrans0.ltrans.o
 .text.I2C_IsAcknowledgeFailed
                0x0000000008000e44       0x2a /tmp/Yiff-HL.elf.gIbMg8.ltrans0.ltrans.o
 .text.I2C_SlaveReceive_BTF
                0x0000000008000e6e       0x20 /tmp/Yiff-HL.elf.gIbMg8.ltrans0.ltrans.o
 .text.I2C_SlaveTransmit_BTF
                0x0000000008000e8e       0x20 /tmp/Yiff-HL.elf.gIbMg8.ltrans0.ltrans.o
 .text.I2C_Master_ADDR
                0x0000000008000eae      0x1da /tmp/Yiff-HL.elf.gIbMg8.ltrans0.ltrans.o
 .text.I2C_Master_ADD10
                0x0000000008001088        0xc /tmp/Yiff-HL.elf.gIbMg8.ltrans0.ltrans.o
 .text.I2C_Master_SB
                0x0000000008001094       0x88 /tmp/Yiff-HL.elf.gIbMg8.ltrans0.ltrans.o
 .text.I2C_DMAAbort
                0x000000000800111c       0x54 /tmp/Yiff-HL.elf.gIbMg8.ltrans0.ltrans.o
 .text.I2C_Slave_ADDR
                0x0000000008001170        0xa /tmp/Yiff-HL.elf.gIbMg8.ltrans0.ltrans.o
 .text.I2C_SlaveReceive_RXNE
                0x000000000800117a       0x4e /tmp/Yiff-HL.elf.gIbMg8.ltrans0.ltrans.o
 .text.I2C_Slave_AF
                0x00000000080011c8       0x8c /tmp/Yiff-HL.elf.gIbMg8.ltrans0.ltrans.o
 .text.I2C_SlaveTransmit_TXE
                0x0000000008001254       0x46 /tmp/Yiff-HL.elf.gIbMg8.ltrans0.ltrans.o
 .text.I2C_MasterReceive_BTF
                0x000000000800129a       0xf4 /tmp/Yiff-HL.elf.gIbMg8.ltrans0.ltrans.o
 .text.I2C_MasterReceive_RXNE
                0x000000000800138e       0xc6 /tmp/Yiff-HL.elf.gIbMg8.ltrans0.ltrans.o
 .text.I2C_MasterTransmit_BTF
                0x0000000008001454       0x96 /tmp/Yiff-HL.elf.gIbMg8.ltrans0.ltrans.o
 .text.I2C_MasterTransmit_TXE
                0x00000000080014ea      0x142 /tmp/Yiff-HL.elf.gIbMg8.ltrans0.ltrans.o
 .text.HAL_DMA_Abort_IT
                0x000000000800162c       0x98 /tmp/Yiff-HL.elf.gIbMg8.ltrans0.ltrans.o
 .text.I2C_ITError
                0x00000000080016c4      0x138 /tmp/Yiff-HL.elf.gIbMg8.ltrans0.ltrans.o
 .text.I2C_Slave_STOPF
                0x00000000080017fc       0xfc /tmp/Yiff-HL.elf.gIbMg8.ltrans0.ltrans.o
 .text.HAL_I2C_EV_IRQHandler
                0x00000000080018f8      0x168 /tmp/Yiff-HL.elf.gIbMg8.ltrans0.ltrans.o
 .text.HAL_I2C_ER_IRQHandler
                0x0000000008001a60       0xdc /tmp/Yiff-HL.elf.gIbMg8.ltrans0.ltrans.o
 .text.HAL_CRC_Calculate
                0x0000000008001b3c       0x40 /tmp/Yiff-HL.elf.gIbMg8.ltrans0.ltrans.o
 .text.HAL_SYSTICK_Config
                0x0000000008001b7c       0x2c /tmp/Yiff-HL.elf.gIbMg8.ltrans0.ltrans.o
 .text.HAL_GetTick
                0x0000000008001ba8        0xc /tmp/Yiff-HL.elf.gIbMg8.ltrans0.ltrans.o
 .text.RTC_ExitInitMode
                0x0000000008001bb4       0x32 /tmp/Yiff-HL.elf.gIbMg8.ltrans0.ltrans.o
 .text.RTC_EnterInitMode
                0x0000000008001be6       0x30 /tmp/Yiff-HL.elf.gIbMg8.ltrans0.ltrans.o
 .text.RTC_WriteAlarmCounter
                0x0000000008001c16       0x2a /tmp/Yiff-HL.elf.gIbMg8.ltrans0.ltrans.o
 .text.RTC_WriteTimeCounter
                0x0000000008001c40       0x2a /tmp/Yiff-HL.elf.gIbMg8.ltrans0.ltrans.o
 .text.HAL_RTC_WaitForSynchro
                0x0000000008001c6a       0x38 /tmp/Yiff-HL.elf.gIbMg8.ltrans0.ltrans.o
 .text.I2C_WaitOnRXNEFlagUntilTimeout
                0x0000000008001ca2       0x5c /tmp/Yiff-HL.elf.gIbMg8.ltrans0.ltrans.o
 .text.I2C_WaitOnBTFFlagUntilTimeout
                0x0000000008001cfe       0x4e /tmp/Yiff-HL.elf.gIbMg8.ltrans0.ltrans.o
 .text.I2C_WaitOnTXEFlagUntilTimeout
                0x0000000008001d4c       0x4e /tmp/Yiff-HL.elf.gIbMg8.ltrans0.ltrans.o
 .text.I2C_WaitOnMasterAddressFlagUntilTimeout
                0x0000000008001d9a       0x96 /tmp/Yiff-HL.elf.gIbMg8.ltrans0.ltrans.o
 .text.I2C_WaitOnFlagUntilTimeout
                0x0000000008001e30       0x6c /tmp/Yiff-HL.elf.gIbMg8.ltrans0.ltrans.o
 .text.I2C_RequestMemoryRead
                0x0000000008001e9c      0x148 /tmp/Yiff-HL.elf.gIbMg8.ltrans0.ltrans.o
 .text.I2C_RequestMemoryWrite
                0x0000000008001fe4       0xd8 /tmp/Yiff-HL.elf.gIbMg8.ltrans0.ltrans.o
 .text.HAL_I2C_IsDeviceReady
                0x00000000080020bc      0x194 /tmp/Yiff-HL.elf.gIbMg8.ltrans0.ltrans.o
 .text.L2HAL_SSD1327_DetectDisplayAtAddress
                0x0000000008002250       0x2e /tmp/Yiff-HL.elf.gIbMg8.ltrans0.ltrans.o
 .text.L2HAL_SSD1327_DetectDisplay
                0x000000000800227e       0x3e /tmp/Yiff-HL.elf.gIbMg8.ltrans0.ltrans.o
 .text.L2HAL_24x_DetectEepromAtAddress
                0x00000000080022bc       0x3a /tmp/Yiff-HL.elf.gIbMg8.ltrans0.ltrans.o
 .text.HAL_Delay
                0x00000000080022f6       0x1e /tmp/Yiff-HL.elf.gIbMg8.ltrans0.ltrans.o
 .text.HAL_IncTick
                0x0000000008002314       0x10 /tmp/Yiff-HL.elf.gIbMg8.ltrans0.ltrans.o
 .text.TimeToHMS
                0x0000000008002324       0x24 /tmp/Yiff-HL.elf.gIbMg8.ltrans0.ltrans.o
 .text.DrawBattery
                0x0000000008002348       0xcc /tmp/Yiff-HL.elf.gIbMg8.ltrans0.ltrans.o
 .text.L2HAL_SysTick_Init
                0x0000000008002414       0x14 /tmp/Yiff-HL.elf.gIbMg8.ltrans0.ltrans.o
 .text.trace_puts
                0x0000000008002428       0x20 /tmp/Yiff-HL.elf.gIbMg8.ltrans0.ltrans.o
 .text.AUX_Mem_SafeFree
                0x0000000008002448        0x8 /tmp/Yiff-HL.elf.gIbMg8.ltrans0.ltrans.o
 .text.L2HAL_CRC_Calculate
                0x0000000008002450       0x58 /tmp/Yiff-HL.elf.gIbMg8.ltrans0.ltrans.o
 .text.EEPROM_CheckHeader
                0x00000000080024a8       0x2c /tmp/Yiff-HL.elf.gIbMg8.ltrans0.ltrans.o
 .text.AUX_Str_Substring
                0x00000000080024d4       0x20 /tmp/Yiff-HL.elf.gIbMg8.ltrans0.ltrans.o
 .text.trace_printf
                0x00000000080024f4       0x34 /tmp/Yiff-HL.elf.gIbMg8.ltrans0.ltrans.o
 .text.SysTick_Handler
                0x0000000008002528        0xc /tmp/Yiff-HL.elf.gIbMg8.ltrans0.ltrans.o
                0x0000000008002528                SysTick_Handler
 .text.PendSV_Handler
                0x0000000008002534        0x2 /tmp/Yiff-HL.elf.gIbMg8.ltrans0.ltrans.o
                0x0000000008002534                PendSV_Handler
 .text.DebugMon_Handler
                0x0000000008002536        0x2 /tmp/Yiff-HL.elf.gIbMg8.ltrans0.ltrans.o
                0x0000000008002536                DebugMon_Handler
 .text.SVC_Handler
                0x0000000008002538        0x2 /tmp/Yiff-HL.elf.gIbMg8.ltrans0.ltrans.o
                0x0000000008002538                SVC_Handler
 .text.UsageFault_Handler
                0x000000000800253a        0x2 /tmp/Yiff-HL.elf.gIbMg8.ltrans0.ltrans.o
                0x000000000800253a                UsageFault_Handler
 .text.BusFault_Handler
                0x000000000800253c        0x2 /tmp/Yiff-HL.elf.gIbMg8.ltrans0.ltrans.o
                0x000000000800253c                BusFault_Handler
 .text.MemManage_Handler
                0x000000000800253e        0x2 /tmp/Yiff-HL.elf.gIbMg8.ltrans0.ltrans.o
                0x000000000800253e                MemManage_Handler
 .text.HardFault_Handler
                0x0000000008002540        0x2 /tmp/Yiff-HL.elf.gIbMg8.ltrans0.ltrans.o
                0x0000000008002540                HardFault_Handler
 .text.NMI_Handler
                0x0000000008002542        0x2 /tmp/Yiff-HL.elf.gIbMg8.ltrans0.ltrans.o
                0x0000000008002542                NMI_Handler
 .text.I2C2_ER_IRQHandler
                0x0000000008002544       0x10 /tmp/Yiff-HL.elf.gIbMg8.ltrans0.ltrans.o
                0x0000000008002544                I2C2_ER_IRQHandler
 .text.I2C2_EV_IRQHandler
                0x0000000008002554       0x10 /tmp/Yiff-HL.elf.gIbMg8.ltrans0.ltrans.o
                0x0000000008002554                I2C2_EV_IRQHandler
 .text.I2C1_ER_IRQHandler
                0x0000000008002564       0x10 /tmp/Yiff-HL.elf.gIbMg8.ltrans0.ltrans.o
                0x0000000008002564                I2C1_ER_IRQHandler
 .text.I2C1_EV_IRQHandler
                0x0000000008002574       0x10 /tmp/Yiff-HL.elf.gIbMg8.ltrans0.ltrans.o
                0x0000000008002574                I2C1_EV_IRQHandler
 .text.SystemInit
                0x0000000008002584       0x4c /tmp/Yiff-HL.elf.gIbMg8.ltrans0.ltrans.o
                0x0000000008002584                SystemInit
 .text._exit    0x00000000080025d0       0x20 /tmp/Yiff-HL.elf.gIbMg8.ltrans0.ltrans.o
                0x00000000080025d0                _exit
 .text._sbrk    0x00000000080025f0       0x44 /tmp/Yiff-HL.elf.gIbMg8.ltrans0.ltrans.o
                0x00000000080025f0                _sbrk
 .text.abort    0x0000000008002634       0x14 /tmp/Yiff-HL.elf.gIbMg8.ltrans0.ltrans.o
                0x0000000008002634                abort
 .text.assert_failed
                0x0000000008002648       0x14 /tmp/Yiff-HL.elf.gIbMg8.ltrans0.ltrans.o
 .text.HAL_RTC_SetDate
                0x000000000800265c      0x168 /tmp/Yiff-HL.elf.gIbMg8.ltrans0.ltrans.o
 .text.HAL_RTC_GetTime
                0x00000000080027c4      0x124 /tmp/Yiff-HL.elf.gIbMg8.ltrans0.ltrans.o
 .text.HAL_RTC_GetDate
                0x00000000080028e8       0x7c /tmp/Yiff-HL.elf.gIbMg8.ltrans0.ltrans.o
 .text.HAL_RTC_SetTime
                0x0000000008002964      0x158 /tmp/Yiff-HL.elf.gIbMg8.ltrans0.ltrans.o
 .text.HAL_RCCEx_GetPeriphCLKFreq
                0x0000000008002abc      0x108 /tmp/Yiff-HL.elf.gIbMg8.ltrans0.ltrans.o
 .text.HAL_RCCEx_PeriphCLKConfig
                0x0000000008002bc4      0x180 /tmp/Yiff-HL.elf.gIbMg8.ltrans0.ltrans.o
 .text.HAL_RCC_OscConfig
                0x0000000008002d44      0x524 /tmp/Yiff-HL.elf.gIbMg8.ltrans0.ltrans.o
 .text.HAL_I2C_Mem_Write_IT
                0x0000000008003268       0xfc /tmp/Yiff-HL.elf.gIbMg8.ltrans0.ltrans.o
 .text.HAL_I2C_Mem_Read
                0x0000000008003364      0x328 /tmp/Yiff-HL.elf.gIbMg8.ltrans0.ltrans.o
 .text.HAL_I2C_Mem_Write
                0x000000000800368c      0x194 /tmp/Yiff-HL.elf.gIbMg8.ltrans0.ltrans.o
 .text.HAL_GPIO_WritePin
                0x0000000008003820       0x38 /tmp/Yiff-HL.elf.gIbMg8.ltrans0.ltrans.o
 .text.HAL_SwitchManipulator
                0x0000000008003858       0x2c /tmp/Yiff-HL.elf.gIbMg8.ltrans0.ltrans.o
 .text.ProcessManipulatorFoxStateChange
                0x0000000008003884       0x24 /tmp/Yiff-HL.elf.gIbMg8.ltrans0.ltrans.o
 .text.MorsePlayerStop
                0x00000000080038a8       0x1c /tmp/Yiff-HL.elf.gIbMg8.ltrans0.ltrans.o
 .text.CSM_Stop
                0x00000000080038c4       0x14 /tmp/Yiff-HL.elf.gIbMg8.ltrans0.ltrans.o
 .text.HAL_GPIO_Init
                0x00000000080038d8      0x3c8 /tmp/Yiff-HL.elf.gIbMg8.ltrans0.ltrans.o
 .text.HAL_IntiHardware
                0x0000000008003ca0       0x3c /tmp/Yiff-HL.elf.gIbMg8.ltrans0.ltrans.o
 .text.L2HAL_Error
                0x0000000008003cdc       0x48 /tmp/Yiff-HL.elf.gIbMg8.ltrans0.ltrans.o
 .text.TimeToMS
                0x0000000008003d24       0x2c /tmp/Yiff-HL.elf.gIbMg8.ltrans0.ltrans.o
 .text.RTC_AddListener
                0x0000000008003d50       0x40 /tmp/Yiff-HL.elf.gIbMg8.ltrans0.ltrans.o
 .text.RTC_Poll
                0x0000000008003d90       0x70 /tmp/Yiff-HL.elf.gIbMg8.ltrans0.ltrans.o
 .text.HAL_RTC_MspInit
                0x0000000008003e00       0x64 /tmp/Yiff-HL.elf.gIbMg8.ltrans0.ltrans.o
 .text.HAL_RTC_Init
                0x0000000008003e64      0x10c /tmp/Yiff-HL.elf.gIbMg8.ltrans0.ltrans.o
 .text.InitRTC  0x0000000008003f70       0x84 /tmp/Yiff-HL.elf.gIbMg8.ltrans0.ltrans.o
 .text.MorseGetFoxSequence
                0x0000000008003ff4       0x5c /tmp/Yiff-HL.elf.gIbMg8.ltrans0.ltrans.o
 .text.MorseGetInterval
                0x0000000008004050       0x3c /tmp/Yiff-HL.elf.gIbMg8.ltrans0.ltrans.o
 .text.MorseTickMs
                0x000000000800408c       0x98 /tmp/Yiff-HL.elf.gIbMg8.ltrans0.ltrans.o
 .text.MorsePlayerPlay
                0x0000000008004124       0x2c /tmp/Yiff-HL.elf.gIbMg8.ltrans0.ltrans.o
 .text.CSM_Start
                0x0000000008004150       0x78 /tmp/Yiff-HL.elf.gIbMg8.ltrans0.ltrans.o
 .text.GSM_Tick
                0x00000000080041c8       0x90 /tmp/Yiff-HL.elf.gIbMg8.ltrans0.ltrans.o
 .text.GSM_Program
                0x0000000008004258       0x90 /tmp/Yiff-HL.elf.gIbMg8.ltrans0.ltrans.o
 .text.CSM_Tick
                0x00000000080042e8      0x11c /tmp/Yiff-HL.elf.gIbMg8.ltrans0.ltrans.o
 .text.FMGL_API_RenderOneLineDumb
                0x0000000008004404       0x84 /tmp/Yiff-HL.elf.gIbMg8.ltrans0.ltrans.o
 .text.FMGL_Priv_RenderSubstring
                0x0000000008004488       0x64 /tmp/Yiff-HL.elf.gIbMg8.ltrans0.ltrans.o
 .text.FMGL_API_RenderTextWithLineBreaks
                0x00000000080044ec       0xb6 /tmp/Yiff-HL.elf.gIbMg8.ltrans0.ltrans.o
 *fill*         0x00000000080045a2        0x2 
 .text.DrawFoxPower
                0x00000000080045a4       0xac /tmp/Yiff-HL.elf.gIbMg8.ltrans0.ltrans.o
 .text.DrawGlobalState
                0x0000000008004650      0x110 /tmp/Yiff-HL.elf.gIbMg8.ltrans0.ltrans.o
 .text.DrawFoxCycleState
                0x0000000008004760      0x15c /tmp/Yiff-HL.elf.gIbMg8.ltrans0.ltrans.o
 .text.DrawEndingTone
                0x00000000080048bc       0xa0 /tmp/Yiff-HL.elf.gIbMg8.ltrans0.ltrans.o
 .text.DrawFoxCycle
                0x000000000800495c       0xbc /tmp/Yiff-HL.elf.gIbMg8.ltrans0.ltrans.o
 .text.DrawFoxCode
                0x0000000008004a18      0x1d0 /tmp/Yiff-HL.elf.gIbMg8.ltrans0.ltrans.o
 .text.DrawFoxFrequency
                0x0000000008004be8       0x58 /tmp/Yiff-HL.elf.gIbMg8.ltrans0.ltrans.o
 .text.DrawFoxName
                0x0000000008004c40       0x90 /tmp/Yiff-HL.elf.gIbMg8.ltrans0.ltrans.o
 .text.DrawCurrentTime
                0x0000000008004cd0       0x60 /tmp/Yiff-HL.elf.gIbMg8.ltrans0.ltrans.o
 .text.DrawButton
                0x0000000008004d30      0x130 /tmp/Yiff-HL.elf.gIbMg8.ltrans0.ltrans.o
 .text.DrawButtons
                0x0000000008004e60       0x48 /tmp/Yiff-HL.elf.gIbMg8.ltrans0.ltrans.o
 .text.DrawStatusDisplay
                0x0000000008004ea8      0x114 /tmp/Yiff-HL.elf.gIbMg8.ltrans0.ltrans.o
 .text.NewSecondCallback
                0x0000000008004fbc       0x4c /tmp/Yiff-HL.elf.gIbMg8.ltrans0.ltrans.o
 .text.L2HAL_SSD1327_CheckIfFound
                0x0000000008005008       0x10 /tmp/Yiff-HL.elf.gIbMg8.ltrans0.ltrans.o
 .text.L2HAL_SSD1327_WriteData
                0x0000000008005018       0x40 /tmp/Yiff-HL.elf.gIbMg8.ltrans0.ltrans.o
 .text.L2HAL_SSD1327_WriteCommand
                0x0000000008005058       0x44 /tmp/Yiff-HL.elf.gIbMg8.ltrans0.ltrans.o
 .text.L2HAL_SSD1327_SetRemap
                0x000000000800509c       0x3c /tmp/Yiff-HL.elf.gIbMg8.ltrans0.ltrans.o
 .text.L2HAL_SSD1327_SetRowAddresses
                0x00000000080050d8       0x32 /tmp/Yiff-HL.elf.gIbMg8.ltrans0.ltrans.o
 .text.L2HAL_SSD1327_SetVerticalOffset
                0x000000000800510a       0x22 /tmp/Yiff-HL.elf.gIbMg8.ltrans0.ltrans.o
 .text.L2HAL_SSD1327_SetStartLine
                0x000000000800512c       0x22 /tmp/Yiff-HL.elf.gIbMg8.ltrans0.ltrans.o
 .text.L2HAL_SSD1327_SetDisplayMode
                0x000000000800514e       0x28 /tmp/Yiff-HL.elf.gIbMg8.ltrans0.ltrans.o
 .text.L2HAL_SSD1327_SetMUXRatio
                0x0000000008005176       0x28 /tmp/Yiff-HL.elf.gIbMg8.ltrans0.ltrans.o
 .text.L2HAL_SSD1327_SetVCOMH
                0x000000000800519e       0x20 /tmp/Yiff-HL.elf.gIbMg8.ltrans0.ltrans.o
 .text.L2HAL_SSD1327_SetSecondPrechargePeriod
                0x00000000080051be       0x24 /tmp/Yiff-HL.elf.gIbMg8.ltrans0.ltrans.o
 .text.L2HAL_SSD1327_SetFunctionB
                0x00000000080051e2       0x24 /tmp/Yiff-HL.elf.gIbMg8.ltrans0.ltrans.o
 .text.L2HAL_SSD1327_SetPrechargeVoltage
                0x0000000008005206       0x20 /tmp/Yiff-HL.elf.gIbMg8.ltrans0.ltrans.o
 .text.L2HAL_SSD1327_SetRegulator
                0x0000000008005226       0x22 /tmp/Yiff-HL.elf.gIbMg8.ltrans0.ltrans.o
 .text.L2HAL_SSD1327_SetDClockFosc
                0x0000000008005248       0x2e /tmp/Yiff-HL.elf.gIbMg8.ltrans0.ltrans.o
 .text.L2HAL_SSD1327_SetPhasesLenghts
                0x0000000008005276       0x32 /tmp/Yiff-HL.elf.gIbMg8.ltrans0.ltrans.o
 .text.L2HAL_SSD1327_LoadDefaultGrayscaleTable
                0x00000000080052a8        0xa /tmp/Yiff-HL.elf.gIbMg8.ltrans0.ltrans.o
 .text.L2HAL_SSD1327_SetColumnAddress
                0x00000000080052b2       0x2e /tmp/Yiff-HL.elf.gIbMg8.ltrans0.ltrans.o
 .text.L2HAL_SSD1327_PushFramebuffer
                0x00000000080052e0       0x26 /tmp/Yiff-HL.elf.gIbMg8.ltrans0.ltrans.o
 .text.L2HAL_SSD1327_SetBrightness
                0x0000000008005306       0x16 /tmp/Yiff-HL.elf.gIbMg8.ltrans0.ltrans.o
 .text.L2HAL_SSD1327_TurnOff
                0x000000000800531c        0xa /tmp/Yiff-HL.elf.gIbMg8.ltrans0.ltrans.o
 .text.L2HAL_SSD1327_TurnOn
                0x0000000008005326        0xa /tmp/Yiff-HL.elf.gIbMg8.ltrans0.ltrans.o
 .text.L2HAL_SSD1327_InitDisplay
                0x0000000008005330       0xbe /tmp/Yiff-HL.elf.gIbMg8.ltrans0.ltrans.o
 .text.L2HAL_24x_WriteData
                0x00000000080053ee       0x50 /tmp/Yiff-HL.elf.gIbMg8.ltrans0.ltrans.o
 *fill*         0x000000000800543e        0x2 
 .text.EEPROM_WriteHeader
                0x0000000008005440       0x18 /tmp/Yiff-HL.elf.gIbMg8.ltrans0.ltrans.o
 .text.EEPROM_Format
                0x0000000008005458       0x48 /tmp/Yiff-HL.elf.gIbMg8.ltrans0.ltrans.o
 .text.L2HAL_24x_ReadData
                0x00000000080054a0       0x24 /tmp/Yiff-HL.elf.gIbMg8.ltrans0.ltrans.o
 .text.EEPROM_ReadHeader
                0x00000000080054c4       0x18 /tmp/Yiff-HL.elf.gIbMg8.ltrans0.ltrans.o
 .text.L2HAL_SysTick_RegisterHandler
                0x00000000080054dc       0x30 /tmp/Yiff-HL.elf.gIbMg8.ltrans0.ltrans.o
 .text.HAL_CRC_Init
                0x000000000800550c       0x38 /tmp/Yiff-HL.elf.gIbMg8.ltrans0.ltrans.o
 .text.L2HAL_CRC_Init
                0x0000000008005544       0x2c /tmp/Yiff-HL.elf.gIbMg8.ltrans0.ltrans.o
 .text.HAL_NVIC_EnableIRQ
                0x0000000008005570       0x2c /tmp/Yiff-HL.elf.gIbMg8.ltrans0.ltrans.o
 .text.HAL_NVIC_SetPriority
                0x000000000800559c       0x8c /tmp/Yiff-HL.elf.gIbMg8.ltrans0.ltrans.o
 .text.HAL_I2C_MspInit
                0x0000000008005628       0xc4 /tmp/Yiff-HL.elf.gIbMg8.ltrans0.ltrans.o
 .text.HAL_I2C_Init
                0x00000000080056ec      0x23c /tmp/Yiff-HL.elf.gIbMg8.ltrans0.ltrans.o
 .text.L2HAL_SetupI2C
                0x0000000008005928       0xa0 /tmp/Yiff-HL.elf.gIbMg8.ltrans0.ltrans.o
 .text.L2HAL_InitCustomHardware
                0x00000000080059c8        0x8 /tmp/Yiff-HL.elf.gIbMg8.ltrans0.ltrans.o
 .text.HAL_InitTick
                0x00000000080059d0       0x3c /tmp/Yiff-HL.elf.gIbMg8.ltrans0.ltrans.o
 .text.HAL_RCC_ClockConfig
                0x0000000008005a0c      0x244 /tmp/Yiff-HL.elf.gIbMg8.ltrans0.ltrans.o
 .text.L2HAL_SetupClocks
                0x0000000008005c50       0x5c /tmp/Yiff-HL.elf.gIbMg8.ltrans0.ltrans.o
 .text.L2HAL_Init
                0x0000000008005cac       0x10 /tmp/Yiff-HL.elf.gIbMg8.ltrans0.ltrans.o
 .text.main     0x0000000008005cbc      0x2d4 /tmp/Yiff-HL.elf.gIbMg8.ltrans0.ltrans.o
                0x0000000008005cbc                main
 .text.__assert_func
                0x0000000008005f90       0x38 /tmp/Yiff-HL.elf.gIbMg8.ltrans0.ltrans.o
                0x0000000008005f90                __assert_func
 .text.Reset_Handler
                0x0000000008005fc8       0x48 ./system/src/cmsis/startup_stm32f103xb.o
                0x0000000008005fc8                Reset_Handler
 .text.Default_Handler
                0x0000000008006010        0x2 ./system/src/cmsis/startup_stm32f103xb.o
                0x0000000008006010                RTC_Alarm_IRQHandler
                0x0000000008006010                EXTI2_IRQHandler
                0x0000000008006010                TIM1_CC_IRQHandler
                0x0000000008006010                PVD_IRQHandler
                0x0000000008006010                EXTI3_IRQHandler
                0x0000000008006010                EXTI0_IRQHandler
                0x0000000008006010                ADC1_2_IRQHandler
                0x0000000008006010                SPI1_IRQHandler
                0x0000000008006010                TAMPER_IRQHandler
                0x0000000008006010                DMA1_Channel4_IRQHandler
                0x0000000008006010                USART3_IRQHandler
                0x0000000008006010                RTC_IRQHandler
                0x0000000008006010                DMA1_Channel7_IRQHandler
                0x0000000008006010                CAN1_RX1_IRQHandler
                0x0000000008006010                TIM4_IRQHandler
                0x0000000008006010                DMA1_Channel6_IRQHandler
                0x0000000008006010                TIM3_IRQHandler
                0x0000000008006010                RCC_IRQHandler
                0x0000000008006010                TIM1_TRG_COM_IRQHandler
                0x0000000008006010                DMA1_Channel1_IRQHandler
                0x0000000008006010                Default_Handler
                0x0000000008006010                EXTI15_10_IRQHandler
                0x0000000008006010                EXTI9_5_IRQHandler
                0x0000000008006010                SPI2_IRQHandler
                0x0000000008006010                DMA1_Channel5_IRQHandler
                0x0000000008006010                EXTI4_IRQHandler
                0x0000000008006010                USB_LP_CAN1_RX0_IRQHandler
                0x0000000008006010                USB_HP_CAN1_TX_IRQHandler
                0x0000000008006010                DMA1_Channel3_IRQHandler
                0x0000000008006010                TIM1_UP_IRQHandler
                0x0000000008006010                WWDG_IRQHandler
                0x0000000008006010                TIM2_IRQHandler
                0x0000000008006010                TIM1_BRK_IRQHandler
                0x0000000008006010                EXTI1_IRQHandler
                0x0000000008006010                USART2_IRQHandler
                0x0000000008006010                DMA1_Channel2_IRQHandler
                0x0000000008006010                CAN1_SCE_IRQHandler
                0x0000000008006010                FLASH_IRQHandler
                0x0000000008006010                USART1_IRQHandler
                0x0000000008006010                USBWakeUp_IRQHandler
 *fill*         0x0000000008006012        0x6 
 .text.floor    0x0000000008006018       0xf8 /home/fossa/opt/xPacks/@xpack-dev-tools/arm-none-eabi-gcc/9.3.1-1.4.1/.content/bin/../lib/gcc/arm-none-eabi/9.3.1/../../../../arm-none-eabi/lib/thumb/v7-m/nofp/libm.a(lib_a-s_floor.o)
                0x0000000008006018                floor
 .text          0x0000000008006110      0x378 /home/fossa/opt/xPacks/@xpack-dev-tools/arm-none-eabi-gcc/9.3.1-1.4.1/.content/bin/../lib/gcc/arm-none-eabi/9.3.1/thumb/v7-m/nofp/libgcc.a(_arm_addsubdf3.o)
                0x0000000008006110                __aeabi_drsub
                0x0000000008006118                __aeabi_dsub
                0x0000000008006118                __subdf3
                0x000000000800611c                __adddf3
                0x000000000800611c                __aeabi_dadd
                0x0000000008006394                __aeabi_ui2d
                0x0000000008006394                __floatunsidf
                0x00000000080063b4                __floatsidf
                0x00000000080063b4                __aeabi_i2d
                0x00000000080063d8                __extendsfdf2
                0x00000000080063d8                __aeabi_f2d
                0x000000000800641c                __aeabi_ul2d
                0x000000000800641c                __floatundidf
                0x000000000800642c                __floatdidf
                0x000000000800642c                __aeabi_l2d
 .text          0x0000000008006488      0x110 /home/fossa/opt/xPacks/@xpack-dev-tools/arm-none-eabi-gcc/9.3.1-1.4.1/.content/bin/../lib/gcc/arm-none-eabi/9.3.1/thumb/v7-m/nofp/libgcc.a(_arm_cmpdf2.o)
                0x0000000008006488                __gtdf2
                0x0000000008006488                __gedf2
                0x0000000008006490                __ltdf2
                0x0000000008006490                __ledf2
                0x0000000008006498                __cmpdf2
                0x0000000008006498                __eqdf2
                0x0000000008006498                __nedf2
                0x0000000008006514                __aeabi_cdrcmple
                0x0000000008006524                __aeabi_cdcmple
                0x0000000008006524                __aeabi_cdcmpeq
                0x0000000008006534                __aeabi_dcmpeq
                0x0000000008006548                __aeabi_dcmplt
                0x000000000800655c                __aeabi_dcmple
                0x0000000008006570                __aeabi_dcmpge
                0x0000000008006584                __aeabi_dcmpgt
 .text          0x0000000008006598       0x40 /home/fossa/opt/xPacks/@xpack-dev-tools/arm-none-eabi-gcc/9.3.1-1.4.1/.content/bin/../lib/gcc/arm-none-eabi/9.3.1/thumb/v7-m/nofp/libgcc.a(_arm_fixunsdfsi.o)
                0x0000000008006598                __fixunsdfsi
                0x0000000008006598                __aeabi_d2uiz
 .text          0x00000000080065d8      0x21c /home/fossa/opt/xPacks/@xpack-dev-tools/arm-none-eabi-gcc/9.3.1-1.4.1/.content/bin/../lib/gcc/arm-none-eabi/9.3.1/thumb/v7-m/nofp/libgcc.a(_arm_addsubsf3.o)
                0x00000000080065d8                __aeabi_frsub
                0x00000000080065e0                __subsf3
                0x00000000080065e0                __aeabi_fsub
                0x00000000080065e4                __aeabi_fadd
                0x00000000080065e4                __addsf3
                0x0000000008006744                __aeabi_ui2f
                0x0000000008006744                __floatunsisf
                0x000000000800674c                __aeabi_i2f
                0x000000000800674c                __floatsisf
                0x0000000008006768                __floatundisf
                0x0000000008006768                __aeabi_ul2f
                0x0000000008006778                __floatdisf
                0x0000000008006778                __aeabi_l2f
 .text          0x00000000080067f4      0x2a0 /home/fossa/opt/xPacks/@xpack-dev-tools/arm-none-eabi-gcc/9.3.1-1.4.1/.content/bin/../lib/gcc/arm-none-eabi/9.3.1/thumb/v7-m/nofp/libgcc.a(_arm_muldivsf3.o)
                0x00000000080067f4                __mulsf3
                0x00000000080067f4                __aeabi_fmul
                0x000000000800695c                __divsf3
                0x000000000800695c                __aeabi_fdiv
 .text          0x0000000008006a94       0xec /home/fossa/opt/xPacks/@xpack-dev-tools/arm-none-eabi-gcc/9.3.1-1.4.1/.content/bin/../lib/gcc/arm-none-eabi/9.3.1/thumb/v7-m/nofp/libgcc.a(_arm_cmpsf2.o)
                0x0000000008006a94                __gtsf2
                0x0000000008006a94                __gesf2
                0x0000000008006a9c                __lesf2
                0x0000000008006a9c                __ltsf2
                0x0000000008006aa4                __nesf2
                0x0000000008006aa4                __eqsf2
                0x0000000008006aa4                __cmpsf2
                0x0000000008006b04                __aeabi_cfrcmple
                0x0000000008006b0c                __aeabi_cfcmple
                0x0000000008006b0c                __aeabi_cfcmpeq
                0x0000000008006b1c                __aeabi_fcmpeq
                0x0000000008006b30                __aeabi_fcmplt
                0x0000000008006b44                __aeabi_fcmple
                0x0000000008006b58                __aeabi_fcmpge
                0x0000000008006b6c                __aeabi_fcmpgt
 .text.__errno  0x0000000008006b80        0xc /home/fossa/opt/xPacks/@xpack-dev-tools/arm-none-eabi-gcc/9.3.1-1.4.1/.content/bin/../lib/gcc/arm-none-eabi/9.3.1/../../../../arm-none-eabi/lib/thumb/v7-m/nofp/libg_nano.a(lib_a-errno.o)
                0x0000000008006b80                __errno
 .text.exit     0x0000000008006b8c       0x28 /home/fossa/opt/xPacks/@xpack-dev-tools/arm-none-eabi-gcc/9.3.1-1.4.1/.content/bin/../lib/gcc/arm-none-eabi/9.3.1/../../../../arm-none-eabi/lib/thumb/v7-m/nofp/libg_nano.a(lib_a-exit.o)
                0x0000000008006b8c                exit
 .text.__libc_init_array
                0x0000000008006bb4       0x48 /home/fossa/opt/xPacks/@xpack-dev-tools/arm-none-eabi-gcc/9.3.1-1.4.1/.content/bin/../lib/gcc/arm-none-eabi/9.3.1/../../../../arm-none-eabi/lib/thumb/v7-m/nofp/libg_nano.a(lib_a-init.o)
                0x0000000008006bb4                __libc_init_array
 .text.__retarget_lock_acquire_recursive
                0x0000000008006bfc        0x2 /home/fossa/opt/xPacks/@xpack-dev-tools/arm-none-eabi-gcc/9.3.1-1.4.1/.content/bin/../lib/gcc/arm-none-eabi/9.3.1/../../../../arm-none-eabi/lib/thumb/v7-m/nofp/libg_nano.a(lib_a-lock.o)
                0x0000000008006bfc                __retarget_lock_acquire_recursive
 .text.__retarget_lock_release_recursive
                0x0000000008006bfe        0x2 /home/fossa/opt/xPacks/@xpack-dev-tools/arm-none-eabi-gcc/9.3.1-1.4.1/.content/bin/../lib/gcc/arm-none-eabi/9.3.1/../../../../arm-none-eabi/lib/thumb/v7-m/nofp/libg_nano.a(lib_a-lock.o)
                0x0000000008006bfe                __retarget_lock_release_recursive
 .text.memset   0x0000000008006c00       0x10 /home/fossa/opt/xPacks/@xpack-dev-tools/arm-none-eabi-gcc/9.3.1-1.4.1/.content/bin/../lib/gcc/arm-none-eabi/9.3.1/../../../../arm-none-eabi/lib/thumb/v7-m/nofp/libg_nano.a(lib_a-memset.o)
                0x0000000008006c00                memset
 .text._malloc_r
                0x0000000008006c10       0xb4 /home/fossa/opt/xPacks/@xpack-dev-tools/arm-none-eabi-gcc/9.3.1-1.4.1/.content/bin/../lib/gcc/arm-none-eabi/9.3.1/../../../../arm-none-eabi/lib/thumb/v7-m/nofp/libg_nano.a(lib_a-nano-mallocr.o)
                0x0000000008006c10                _malloc_r
 .text.__cvt    0x0000000008006cc4       0xbe /home/fossa/opt/xPacks/@xpack-dev-tools/arm-none-eabi-gcc/9.3.1-1.4.1/.content/bin/../lib/gcc/arm-none-eabi/9.3.1/../../../../arm-none-eabi/lib/thumb/v7-m/nofp/libg_nano.a(lib_a-nano-vfprintf_float.o)
                0x0000000008006cc4                __cvt
 .text.__exponent
                0x0000000008006d82       0x7c /home/fossa/opt/xPacks/@xpack-dev-tools/arm-none-eabi-gcc/9.3.1-1.4.1/.content/bin/../lib/gcc/arm-none-eabi/9.3.1/../../../../arm-none-eabi/lib/thumb/v7-m/nofp/libg_nano.a(lib_a-nano-vfprintf_float.o)
                0x0000000008006d82                __exponent
 *fill*         0x0000000008006dfe        0x2 
 .text._printf_float
                0x0000000008006e00      0x458 /home/fossa/opt/xPacks/@xpack-dev-tools/arm-none-eabi-gcc/9.3.1-1.4.1/.content/bin/../lib/gcc/arm-none-eabi/9.3.1/../../../../arm-none-eabi/lib/thumb/v7-m/nofp/libg_nano.a(lib_a-nano-vfprintf_float.o)
                0x0000000008006e00                _printf_float
 .text._printf_common
                0x0000000008007258       0xde /home/fossa/opt/xPacks/@xpack-dev-tools/arm-none-eabi-gcc/9.3.1-1.4.1/.content/bin/../lib/gcc/arm-none-eabi/9.3.1/../../../../arm-none-eabi/lib/thumb/v7-m/nofp/libg_nano.a(lib_a-nano-vfprintf_i.o)
                0x0000000008007258                _printf_common
 *fill*         0x0000000008007336        0x2 
 .text._printf_i
                0x0000000008007338      0x24c /home/fossa/opt/xPacks/@xpack-dev-tools/arm-none-eabi-gcc/9.3.1-1.4.1/.content/bin/../lib/gcc/arm-none-eabi/9.3.1/../../../../arm-none-eabi/lib/thumb/v7-m/nofp/libg_nano.a(lib_a-nano-vfprintf_i.o)
                0x0000000008007338                _printf_i
 .text._sbrk_r  0x0000000008007584       0x20 /home/fossa/opt/xPacks/@xpack-dev-tools/arm-none-eabi-gcc/9.3.1-1.4.1/.content/bin/../lib/gcc/arm-none-eabi/9.3.1/../../../../arm-none-eabi/lib/thumb/v7-m/nofp/libg_nano.a(lib_a-sbrkr.o)
                0x0000000008007584                _sbrk_r
 .text          0x00000000080075a4       0x10 /home/fossa/opt/xPacks/@xpack-dev-tools/arm-none-eabi-gcc/9.3.1-1.4.1/.content/bin/../lib/gcc/arm-none-eabi/9.3.1/../../../../arm-none-eabi/lib/thumb/v7-m/nofp/libg_nano.a(lib_a-strlen.o)
                0x00000000080075a4                strlen
 .text.quorem   0x00000000080075b4      0x11a /home/fossa/opt/xPacks/@xpack-dev-tools/arm-none-eabi-gcc/9.3.1-1.4.1/.content/bin/../lib/gcc/arm-none-eabi/9.3.1/../../../../arm-none-eabi/lib/thumb/v7-m/nofp/libg_nano.a(lib_a-dtoa.o)
 *fill*         0x00000000080076ce        0x2 
 .text._dtoa_r  0x00000000080076d0      0xbdc /home/fossa/opt/xPacks/@xpack-dev-tools/arm-none-eabi-gcc/9.3.1-1.4.1/.content/bin/../lib/gcc/arm-none-eabi/9.3.1/../../../../arm-none-eabi/lib/thumb/v7-m/nofp/libg_nano.a(lib_a-dtoa.o)
                0x00000000080076d0                _dtoa_r
 .text._localeconv_r
                0x00000000080082ac        0x8 /home/fossa/opt/xPacks/@xpack-dev-tools/arm-none-eabi-gcc/9.3.1-1.4.1/.content/bin/../lib/gcc/arm-none-eabi/9.3.1/../../../../arm-none-eabi/lib/thumb/v7-m/nofp/libg_nano.a(lib_a-localeconv.o)
                0x00000000080082ac                _localeconv_r
 .text.malloc   0x00000000080082b4       0x10 /home/fossa/opt/xPacks/@xpack-dev-tools/arm-none-eabi-gcc/9.3.1-1.4.1/.content/bin/../lib/gcc/arm-none-eabi/9.3.1/../../../../arm-none-eabi/lib/thumb/v7-m/nofp/libg_nano.a(lib_a-malloc.o)
                0x00000000080082b4                malloc
 .text.free     0x00000000080082c4       0x10 /home/fossa/opt/xPacks/@xpack-dev-tools/arm-none-eabi-gcc/9.3.1-1.4.1/.content/bin/../lib/gcc/arm-none-eabi/9.3.1/../../../../arm-none-eabi/lib/thumb/v7-m/nofp/libg_nano.a(lib_a-malloc.o)
                0x00000000080082c4                free
 .text.__ascii_mbtowc
                0x00000000080082d4       0x24 /home/fossa/opt/xPacks/@xpack-dev-tools/arm-none-eabi-gcc/9.3.1-1.4.1/.content/bin/../lib/gcc/arm-none-eabi/9.3.1/../../../../arm-none-eabi/lib/thumb/v7-m/nofp/libg_nano.a(lib_a-mbtowc_r.o)
                0x00000000080082d4                __ascii_mbtowc
 .text.memchr   0x00000000080082f8       0x1c /home/fossa/opt/xPacks/@xpack-dev-tools/arm-none-eabi-gcc/9.3.1-1.4.1/.content/bin/../lib/gcc/arm-none-eabi/9.3.1/../../../../arm-none-eabi/lib/thumb/v7-m/nofp/libg_nano.a(lib_a-memchr-stub.o)
                0x00000000080082f8                memchr
 .text.memcpy   0x0000000008008314       0x1c /home/fossa/opt/xPacks/@xpack-dev-tools/arm-none-eabi-gcc/9.3.1-1.4.1/.content/bin/../lib/gcc/arm-none-eabi/9.3.1/../../../../arm-none-eabi/lib/thumb/v7-m/nofp/libg_nano.a(lib_a-memcpy-stub.o)
                0x0000000008008314                memcpy
 .text.__malloc_lock
                0x0000000008008330        0xc /home/fossa/opt/xPacks/@xpack-dev-tools/arm-none-eabi-gcc/9.3.1-1.4.1/.content/bin/../lib/gcc/arm-none-eabi/9.3.1/../../../../arm-none-eabi/lib/thumb/v7-m/nofp/libg_nano.a(lib_a-mlock.o)
                0x0000000008008330                __malloc_lock
 .text.__malloc_unlock
                0x000000000800833c        0xc /home/fossa/opt/xPacks/@xpack-dev-tools/arm-none-eabi-gcc/9.3.1-1.4.1/.content/bin/../lib/gcc/arm-none-eabi/9.3.1/../../../../arm-none-eabi/lib/thumb/v7-m/nofp/libg_nano.a(lib_a-mlock.o)
                0x000000000800833c                __malloc_unlock
 .text._Balloc  0x0000000008008348       0x80 /home/fossa/opt/xPacks/@xpack-dev-tools/arm-none-eabi-gcc/9.3.1-1.4.1/.content/bin/../lib/gcc/arm-none-eabi/9.3.1/../../../../arm-none-eabi/lib/thumb/v7-m/nofp/libg_nano.a(lib_a-mprec.o)
                0x0000000008008348                _Balloc
 .text._Bfree   0x00000000080083c8       0x44 /home/fossa/opt/xPacks/@xpack-dev-tools/arm-none-eabi-gcc/9.3.1-1.4.1/.content/bin/../lib/gcc/arm-none-eabi/9.3.1/../../../../arm-none-eabi/lib/thumb/v7-m/nofp/libg_nano.a(lib_a-mprec.o)
                0x00000000080083c8                _Bfree
 .text.__multadd
                0x000000000800840c       0x94 /home/fossa/opt/xPacks/@xpack-dev-tools/arm-none-eabi-gcc/9.3.1-1.4.1/.content/bin/../lib/gcc/arm-none-eabi/9.3.1/../../../../arm-none-eabi/lib/thumb/v7-m/nofp/libg_nano.a(lib_a-mprec.o)
                0x000000000800840c                __multadd
 .text.__hi0bits
                0x00000000080084a0       0x40 /home/fossa/opt/xPacks/@xpack-dev-tools/arm-none-eabi-gcc/9.3.1-1.4.1/.content/bin/../lib/gcc/arm-none-eabi/9.3.1/../../../../arm-none-eabi/lib/thumb/v7-m/nofp/libg_nano.a(lib_a-mprec.o)
                0x00000000080084a0                __hi0bits
 .text.__lo0bits
                0x00000000080084e0       0x5c /home/fossa/opt/xPacks/@xpack-dev-tools/arm-none-eabi-gcc/9.3.1-1.4.1/.content/bin/../lib/gcc/arm-none-eabi/9.3.1/../../../../arm-none-eabi/lib/thumb/v7-m/nofp/libg_nano.a(lib_a-mprec.o)
                0x00000000080084e0                __lo0bits
 .text.__i2b    0x000000000800853c       0x2c /home/fossa/opt/xPacks/@xpack-dev-tools/arm-none-eabi-gcc/9.3.1-1.4.1/.content/bin/../lib/gcc/arm-none-eabi/9.3.1/../../../../arm-none-eabi/lib/thumb/v7-m/nofp/libg_nano.a(lib_a-mprec.o)
                0x000000000800853c                __i2b
 .text.__multiply
                0x0000000008008568      0x148 /home/fossa/opt/xPacks/@xpack-dev-tools/arm-none-eabi-gcc/9.3.1-1.4.1/.content/bin/../lib/gcc/arm-none-eabi/9.3.1/../../../../arm-none-eabi/lib/thumb/v7-m/nofp/libg_nano.a(lib_a-mprec.o)
                0x0000000008008568                __multiply
 .text.__pow5mult
                0x00000000080086b0       0xb4 /home/fossa/opt/xPacks/@xpack-dev-tools/arm-none-eabi-gcc/9.3.1-1.4.1/.content/bin/../lib/gcc/arm-none-eabi/9.3.1/../../../../arm-none-eabi/lib/thumb/v7-m/nofp/libg_nano.a(lib_a-mprec.o)
                0x00000000080086b0                __pow5mult
 .text.__lshift
                0x0000000008008764       0xd8 /home/fossa/opt/xPacks/@xpack-dev-tools/arm-none-eabi-gcc/9.3.1-1.4.1/.content/bin/../lib/gcc/arm-none-eabi/9.3.1/../../../../arm-none-eabi/lib/thumb/v7-m/nofp/libg_nano.a(lib_a-mprec.o)
                0x0000000008008764                __lshift
 .text.__mcmp   0x000000000800883c       0x36 /home/fossa/opt/xPacks/@xpack-dev-tools/arm-none-eabi-gcc/9.3.1-1.4.1/.content/bin/../lib/gcc/arm-none-eabi/9.3.1/../../../../arm-none-eabi/lib/thumb/v7-m/nofp/libg_nano.a(lib_a-mprec.o)
                0x000000000800883c                __mcmp
 *fill*         0x0000000008008872        0x2 
 .text.__mdiff  0x0000000008008874      0x120 /home/fossa/opt/xPacks/@xpack-dev-tools/arm-none-eabi-gcc/9.3.1-1.4.1/.content/bin/../lib/gcc/arm-none-eabi/9.3.1/../../../../arm-none-eabi/lib/thumb/v7-m/nofp/libg_nano.a(lib_a-mprec.o)
                0x0000000008008874                __mdiff
 .text.__d2b    0x0000000008008994       0xb8 /home/fossa/opt/xPacks/@xpack-dev-tools/arm-none-eabi-gcc/9.3.1-1.4.1/.content/bin/../lib/gcc/arm-none-eabi/9.3.1/../../../../arm-none-eabi/lib/thumb/v7-m/nofp/libg_nano.a(lib_a-mprec.o)
                0x0000000008008994                __d2b
 .text._calloc_r
                0x0000000008008a4c       0x1c /home/fossa/opt/xPacks/@xpack-dev-tools/arm-none-eabi-gcc/9.3.1-1.4.1/.content/bin/../lib/gcc/arm-none-eabi/9.3.1/../../../../arm-none-eabi/lib/thumb/v7-m/nofp/libg_nano.a(lib_a-nano-callocr.o)
                0x0000000008008a4c                _calloc_r
 .text._free_r  0x0000000008008a68       0x98 /home/fossa/opt/xPacks/@xpack-dev-tools/arm-none-eabi-gcc/9.3.1-1.4.1/.content/bin/../lib/gcc/arm-none-eabi/9.3.1/../../../../arm-none-eabi/lib/thumb/v7-m/nofp/libg_nano.a(lib_a-nano-freer.o)
                0x0000000008008a68                _free_r
 .text.__ascii_wctomb
                0x0000000008008b00       0x1a /home/fossa/opt/xPacks/@xpack-dev-tools/arm-none-eabi-gcc/9.3.1-1.4.1/.content/bin/../lib/gcc/arm-none-eabi/9.3.1/../../../../arm-none-eabi/lib/thumb/v7-m/nofp/libg_nano.a(lib_a-wctomb_r.o)
                0x0000000008008b00                __ascii_wctomb
 *fill*         0x0000000008008b1a        0x2 
 .text.realloc  0x0000000008008b1c       0x10 /home/fossa/opt/xPacks/@xpack-dev-tools/arm-none-eabi-gcc/9.3.1-1.4.1/.content/bin/../lib/gcc/arm-none-eabi/9.3.1/../../../../arm-none-eabi/lib/thumb/v7-m/nofp/libg_nano.a(lib_a-realloc.o)
                0x0000000008008b1c                realloc
 .text.sprintf  0x0000000008008b2c       0x40 /home/fossa/opt/xPacks/@xpack-dev-tools/arm-none-eabi-gcc/9.3.1-1.4.1/.content/bin/../lib/gcc/arm-none-eabi/9.3.1/../../../../arm-none-eabi/lib/thumb/v7-m/nofp/libg_nano.a(lib_a-sprintf.o)
                0x0000000008008b2c                sprintf
                0x0000000008008b2c                siprintf
 .text._vsnprintf_r
                0x0000000008008b6c       0x58 /home/fossa/opt/xPacks/@xpack-dev-tools/arm-none-eabi-gcc/9.3.1-1.4.1/.content/bin/../lib/gcc/arm-none-eabi/9.3.1/../../../../arm-none-eabi/lib/thumb/v7-m/nofp/libg_nano.a(lib_a-vsnprintf.o)
                0x0000000008008b6c                _vsnprintf_r
                0x0000000008008b6c                _vsniprintf_r
 .text.vsnprintf
                0x0000000008008bc4       0x1c /home/fossa/opt/xPacks/@xpack-dev-tools/arm-none-eabi-gcc/9.3.1-1.4.1/.content/bin/../lib/gcc/arm-none-eabi/9.3.1/../../../../arm-none-eabi/lib/thumb/v7-m/nofp/libg_nano.a(lib_a-vsnprintf.o)
                0x0000000008008bc4                vsnprintf
                0x0000000008008bc4                vsniprintf
 .text._realloc_r
                0x0000000008008be0       0x4c /home/fossa/opt/xPacks/@xpack-dev-tools/arm-none-eabi-gcc/9.3.1-1.4.1/.content/bin/../lib/gcc/arm-none-eabi/9.3.1/../../../../arm-none-eabi/lib/thumb/v7-m/nofp/libg_nano.a(lib_a-nano-reallocr.o)
                0x0000000008008be0                _realloc_r
 .text.__ssputs_r
                0x0000000008008c2c       0xb6 /home/fossa/opt/xPacks/@xpack-dev-tools/arm-none-eabi-gcc/9.3.1-1.4.1/.content/bin/../lib/gcc/arm-none-eabi/9.3.1/../../../../arm-none-eabi/lib/thumb/v7-m/nofp/libg_nano.a(lib_a-nano-svfprintf.o)
                0x0000000008008c2c                __ssputs_r
 *fill*         0x0000000008008ce2        0x2 
 .text._svfprintf_r
                0x0000000008008ce4      0x200 /home/fossa/opt/xPacks/@xpack-dev-tools/arm-none-eabi-gcc/9.3.1-1.4.1/.content/bin/../lib/gcc/arm-none-eabi/9.3.1/../../../../arm-none-eabi/lib/thumb/v7-m/nofp/libg_nano.a(lib_a-nano-svfprintf.o)
                0x0000000008008ce4                _svfprintf_r
                0x0000000008008ce4                _svfiprintf_r
 .text.memmove  0x0000000008008ee4       0x34 /home/fossa/opt/xPacks/@xpack-dev-tools/arm-none-eabi-gcc/9.3.1-1.4.1/.content/bin/../lib/gcc/arm-none-eabi/9.3.1/../../../../arm-none-eabi/lib/thumb/v7-m/nofp/libg_nano.a(lib_a-memmove.o)
                0x0000000008008ee4                memmove
 .text._malloc_usable_size_r
                0x0000000008008f18       0x10 /home/fossa/opt/xPacks/@xpack-dev-tools/arm-none-eabi-gcc/9.3.1-1.4.1/.content/bin/../lib/gcc/arm-none-eabi/9.3.1/../../../../arm-none-eabi/lib/thumb/v7-m/nofp/libg_nano.a(lib_a-nano-msizer.o)
                0x0000000008008f18                _malloc_usable_size_r
 .text          0x0000000008008f28      0x424 /home/fossa/opt/xPacks/@xpack-dev-tools/arm-none-eabi-gcc/9.3.1-1.4.1/.content/bin/../lib/gcc/arm-none-eabi/9.3.1/thumb/v7-m/nofp/libgcc.a(_arm_muldivdf3.o)
                0x0000000008008f28                __aeabi_dmul
                0x0000000008008f28                __muldf3
                0x000000000800917c                __aeabi_ddiv
                0x000000000800917c                __divdf3
 .text          0x000000000800934c       0x2c /home/fossa/opt/xPacks/@xpack-dev-tools/arm-none-eabi-gcc/9.3.1-1.4.1/.content/bin/../lib/gcc/arm-none-eabi/9.3.1/thumb/v7-m/nofp/libgcc.a(_arm_unorddf2.o)
                0x000000000800934c                __aeabi_dcmpun
                0x000000000800934c                __unorddf2
 .text          0x0000000008009378       0x50 /home/fossa/opt/xPacks/@xpack-dev-tools/arm-none-eabi-gcc/9.3.1-1.4.1/.content/bin/../lib/gcc/arm-none-eabi/9.3.1/thumb/v7-m/nofp/libgcc.a(_arm_fixdfsi.o)
                0x0000000008009378                __fixdfsi
                0x0000000008009378                __aeabi_d2iz
 *(.rodata .rodata.* .constdata .constdata.*)
 .rodata.HAL_RCC_GetSysClockFreq.str1.4
                0x00000000080093c8       0x11 /tmp/Yiff-HL.elf.gIbMg8.ltrans0.ltrans.o
 *fill*         0x00000000080093d9        0x3 
 .rodata.TimeToHMS.str1.4
                0x00000000080093dc        0xf /tmp/Yiff-HL.elf.gIbMg8.ltrans0.ltrans.o
 *fill*         0x00000000080093eb        0x1 
 .rodata.trace_puts.str1.4
                0x00000000080093ec        0x2 /tmp/Yiff-HL.elf.gIbMg8.ltrans0.ltrans.o
 *fill*         0x00000000080093ee        0x2 
 .rodata.abort.str1.4
                0x00000000080093f0       0x14 /tmp/Yiff-HL.elf.gIbMg8.ltrans0.ltrans.o
 .rodata.assert_failed.str1.4
                0x0000000008009404       0x2b /tmp/Yiff-HL.elf.gIbMg8.ltrans0.ltrans.o
 *fill*         0x000000000800942f        0x1 
 .rodata.HAL_RTC_SetDate.str1.4
                0x0000000008009430       0x2c /tmp/Yiff-HL.elf.gIbMg8.ltrans0.ltrans.o
 .rodata.HAL_RCCEx_GetPeriphCLKFreq.str1.4
                0x000000000800945c       0x2f /tmp/Yiff-HL.elf.gIbMg8.ltrans0.ltrans.o
 *fill*         0x000000000800948b        0x1 
 .rodata.HAL_RCC_OscConfig.str1.4
                0x000000000800948c       0x2c /tmp/Yiff-HL.elf.gIbMg8.ltrans0.ltrans.o
 .rodata.HAL_I2C_Mem_Write_IT.str1.4
                0x00000000080094b8       0x2c /tmp/Yiff-HL.elf.gIbMg8.ltrans0.ltrans.o
 .rodata.HAL_GPIO_WritePin.str1.4
                0x00000000080094e4       0x2d /tmp/Yiff-HL.elf.gIbMg8.ltrans0.ltrans.o
 *fill*         0x0000000008009511        0x3 
 .rodata.TimeToMS.str1.4
                0x0000000008009514        0xa /tmp/Yiff-HL.elf.gIbMg8.ltrans0.ltrans.o
 *fill*         0x000000000800951e        0x2 
 .rodata.DrawFoxPower.str1.4
                0x0000000008009520       0x19 /tmp/Yiff-HL.elf.gIbMg8.ltrans0.ltrans.o
 *fill*         0x0000000008009539        0x3 
 .rodata.DrawGlobalState.str1.4
                0x000000000800953c       0x1f /tmp/Yiff-HL.elf.gIbMg8.ltrans0.ltrans.o
                                         0x27 (size before relaxing)
 *fill*         0x000000000800955b        0x1 
 .rodata.DrawFoxCycleState.str1.4
                0x000000000800955c       0x37 /tmp/Yiff-HL.elf.gIbMg8.ltrans0.ltrans.o
 *fill*         0x0000000008009593        0x1 
 .rodata.DrawEndingTone.str1.4
                0x0000000008009594       0x25 /tmp/Yiff-HL.elf.gIbMg8.ltrans0.ltrans.o
 *fill*         0x00000000080095b9        0x3 
 .rodata.DrawFoxCycle.str1.4
                0x00000000080095bc       0x1e /tmp/Yiff-HL.elf.gIbMg8.ltrans0.ltrans.o
 *fill*         0x00000000080095da        0x2 
 .rodata.DrawFoxCode.str1.4
                0x00000000080095dc       0x2e /tmp/Yiff-HL.elf.gIbMg8.ltrans0.ltrans.o
 *fill*         0x000000000800960a        0x2 
 .rodata.DrawFoxFrequency.str1.4
                0x000000000800960c        0x5 /tmp/Yiff-HL.elf.gIbMg8.ltrans0.ltrans.o
 *fill*         0x0000000008009611        0x3 
 .rodata.HAL_CRC_Init.str1.4
                0x0000000008009614       0x2c /tmp/Yiff-HL.elf.gIbMg8.ltrans0.ltrans.o
 .rodata.HAL_NVIC_EnableIRQ.str1.4
                0x0000000008009640       0x2f /tmp/Yiff-HL.elf.gIbMg8.ltrans0.ltrans.o
 *fill*         0x000000000800966f        0x1 
 .rodata.main.str1.4
                0x0000000008009670       0x24 /tmp/Yiff-HL.elf.gIbMg8.ltrans0.ltrans.o
 .rodata.__assert_func.str1.4
                0x0000000008009694       0x3f /tmp/Yiff-HL.elf.gIbMg8.ltrans0.ltrans.o
                                         0x43 (size before relaxing)
 *fill*         0x00000000080096d3        0x1 
 .rodata.AHBPrescTable
                0x00000000080096d4       0x10 /tmp/Yiff-HL.elf.gIbMg8.ltrans0.ltrans.o
 .rodata.APBPrescTable
                0x00000000080096e4        0x8 /tmp/Yiff-HL.elf.gIbMg8.ltrans0.ltrans.o
 .rodata.FMGL_FontTerminusRegular12Characters
                0x00000000080096ec      0xa80 /tmp/Yiff-HL.elf.gIbMg8.ltrans0.ltrans.o
 .rodata.FMGL_FontTerminusRegular12_WrongCharacterCode
                0x000000000800a16c        0xc /tmp/Yiff-HL.elf.gIbMg8.ltrans0.ltrans.o
 .rodata.Morse_Beacon
                0x000000000800a178        0x9 /tmp/Yiff-HL.elf.gIbMg8.ltrans0.ltrans.o
 *fill*         0x000000000800a181        0x3 
 .rodata.Morse_Fox1
                0x000000000800a184        0xf /tmp/Yiff-HL.elf.gIbMg8.ltrans0.ltrans.o
 *fill*         0x000000000800a193        0x1 
 .rodata.Morse_Fox2
                0x000000000800a194       0x11 /tmp/Yiff-HL.elf.gIbMg8.ltrans0.ltrans.o
 *fill*         0x000000000800a1a5        0x3 
 .rodata.Morse_Fox3
                0x000000000800a1a8       0x13 /tmp/Yiff-HL.elf.gIbMg8.ltrans0.ltrans.o
 *fill*         0x000000000800a1bb        0x1 
 .rodata.Morse_Fox4
                0x000000000800a1bc       0x15 /tmp/Yiff-HL.elf.gIbMg8.ltrans0.ltrans.o
 *fill*         0x000000000800a1d1        0x3 
 .rodata.Morse_Fox5
                0x000000000800a1d4       0x17 /tmp/Yiff-HL.elf.gIbMg8.ltrans0.ltrans.o
 *fill*         0x000000000800a1eb        0x1 
 .rodata.Morse_FoxFinish
                0x000000000800a1ec        0xd /tmp/Yiff-HL.elf.gIbMg8.ltrans0.ltrans.o
 *fill*         0x000000000800a1f9        0x3 
 .rodata.tx_off_bits
                0x000000000800a1fc       0x18 /tmp/Yiff-HL.elf.gIbMg8.ltrans0.ltrans.o
 .rodata.tx_on_bits
                0x000000000800a214       0x18 /tmp/Yiff-HL.elf.gIbMg8.ltrans0.ltrans.o
 .rodata._ctype_
                0x000000000800a22c      0x101 /home/fossa/opt/xPacks/@xpack-dev-tools/arm-none-eabi-gcc/9.3.1-1.4.1/.content/bin/../lib/gcc/arm-none-eabi/9.3.1/../../../../arm-none-eabi/lib/thumb/v7-m/nofp/libg_nano.a(lib_a-ctype_.o)
                0x000000000800a22c                _ctype_
 *fill*         0x000000000800a32d        0x3 
 .rodata.__sf_fake_stderr
                0x000000000800a330       0x20 /home/fossa/opt/xPacks/@xpack-dev-tools/arm-none-eabi-gcc/9.3.1-1.4.1/.content/bin/../lib/gcc/arm-none-eabi/9.3.1/../../../../arm-none-eabi/lib/thumb/v7-m/nofp/libg_nano.a(lib_a-findfp.o)
                0x000000000800a330                __sf_fake_stderr
 .rodata.__sf_fake_stdin
                0x000000000800a350       0x20 /home/fossa/opt/xPacks/@xpack-dev-tools/arm-none-eabi-gcc/9.3.1-1.4.1/.content/bin/../lib/gcc/arm-none-eabi/9.3.1/../../../../arm-none-eabi/lib/thumb/v7-m/nofp/libg_nano.a(lib_a-findfp.o)
                0x000000000800a350                __sf_fake_stdin
 .rodata.__sf_fake_stdout
                0x000000000800a370       0x20 /home/fossa/opt/xPacks/@xpack-dev-tools/arm-none-eabi-gcc/9.3.1-1.4.1/.content/bin/../lib/gcc/arm-none-eabi/9.3.1/../../../../arm-none-eabi/lib/thumb/v7-m/nofp/libg_nano.a(lib_a-findfp.o)
                0x000000000800a370                __sf_fake_stdout
 .rodata._global_impure_ptr
                0x000000000800a390        0x4 /home/fossa/opt/xPacks/@xpack-dev-tools/arm-none-eabi-gcc/9.3.1-1.4.1/.content/bin/../lib/gcc/arm-none-eabi/9.3.1/../../../../arm-none-eabi/lib/thumb/v7-m/nofp/libg_nano.a(lib_a-impure.o)
                0x000000000800a390                _global_impure_ptr
 .rodata._printf_float.str1.1
                0x000000000800a394       0x12 /home/fossa/opt/xPacks/@xpack-dev-tools/arm-none-eabi-gcc/9.3.1-1.4.1/.content/bin/../lib/gcc/arm-none-eabi/9.3.1/../../../../arm-none-eabi/lib/thumb/v7-m/nofp/libg_nano.a(lib_a-nano-vfprintf_float.o)
 .rodata._printf_i.str1.1
                0x000000000800a3a6       0x22 /home/fossa/opt/xPacks/@xpack-dev-tools/arm-none-eabi-gcc/9.3.1-1.4.1/.content/bin/../lib/gcc/arm-none-eabi/9.3.1/../../../../arm-none-eabi/lib/thumb/v7-m/nofp/libg_nano.a(lib_a-nano-vfprintf_i.o)
 .rodata._dtoa_r.str1.1
                0x000000000800a3c8       0x8e /home/fossa/opt/xPacks/@xpack-dev-tools/arm-none-eabi-gcc/9.3.1-1.4.1/.content/bin/../lib/gcc/arm-none-eabi/9.3.1/../../../../arm-none-eabi/lib/thumb/v7-m/nofp/libg_nano.a(lib_a-dtoa.o)
                                         0x90 (size before relaxing)
 .rodata._setlocale_r.str1.1
                0x000000000800a456        0x8 /home/fossa/opt/xPacks/@xpack-dev-tools/arm-none-eabi-gcc/9.3.1-1.4.1/.content/bin/../lib/gcc/arm-none-eabi/9.3.1/../../../../arm-none-eabi/lib/thumb/v7-m/nofp/libg_nano.a(lib_a-locale.o)
                                          0x9 (size before relaxing)
 .rodata.str1.1
                0x000000000800a45e        0x2 /home/fossa/opt/xPacks/@xpack-dev-tools/arm-none-eabi-gcc/9.3.1-1.4.1/.content/bin/../lib/gcc/arm-none-eabi/9.3.1/../../../../arm-none-eabi/lib/thumb/v7-m/nofp/libg_nano.a(lib_a-locale.o)
 .rodata._Balloc.str1.1
                0x000000000800a460       0x5a /home/fossa/opt/xPacks/@xpack-dev-tools/arm-none-eabi-gcc/9.3.1-1.4.1/.content/bin/../lib/gcc/arm-none-eabi/9.3.1/../../../../arm-none-eabi/lib/thumb/v7-m/nofp/libg_nano.a(lib_a-mprec.o)
                                         0x71 (size before relaxing)
 .rodata.__multadd.str1.1
                0x000000000800a4ba       0x11 /home/fossa/opt/xPacks/@xpack-dev-tools/arm-none-eabi-gcc/9.3.1-1.4.1/.content/bin/../lib/gcc/arm-none-eabi/9.3.1/../../../../arm-none-eabi/lib/thumb/v7-m/nofp/libg_nano.a(lib_a-mprec.o)
 *fill*         0x000000000800a4ba        0x6 
 .rodata.__mprec_bigtens
                0x000000000800a4c0       0x28 /home/fossa/opt/xPacks/@xpack-dev-tools/arm-none-eabi-gcc/9.3.1-1.4.1/.content/bin/../lib/gcc/arm-none-eabi/9.3.1/../../../../arm-none-eabi/lib/thumb/v7-m/nofp/libg_nano.a(lib_a-mprec.o)
                0x000000000800a4c0                __mprec_bigtens
 .rodata.__mprec_tens
                0x000000000800a4e8       0xc8 /home/fossa/opt/xPacks/@xpack-dev-tools/arm-none-eabi-gcc/9.3.1-1.4.1/.content/bin/../lib/gcc/arm-none-eabi/9.3.1/../../../../arm-none-eabi/lib/thumb/v7-m/nofp/libg_nano.a(lib_a-mprec.o)
                0x000000000800a4e8                __mprec_tens
 .rodata.p05.6150
                0x000000000800a5b0        0xc /home/fossa/opt/xPacks/@xpack-dev-tools/arm-none-eabi-gcc/9.3.1-1.4.1/.content/bin/../lib/gcc/arm-none-eabi/9.3.1/../../../../arm-none-eabi/lib/thumb/v7-m/nofp/libg_nano.a(lib_a-mprec.o)
 .rodata._svfprintf_r.str1.1
                0x000000000800a5bc       0x11 /home/fossa/opt/xPacks/@xpack-dev-tools/arm-none-eabi-gcc/9.3.1-1.4.1/.content/bin/../lib/gcc/arm-none-eabi/9.3.1/../../../../arm-none-eabi/lib/thumb/v7-m/nofp/libg_nano.a(lib_a-nano-svfprintf.o)
 *(vtable)
 *(.eh_frame*)
 *fill*         0x000000000800a5cd        0x3 
 .eh_frame      0x000000000800a5d0        0x0 /home/fossa/opt/xPacks/@xpack-dev-tools/arm-none-eabi-gcc/9.3.1-1.4.1/.content/bin/../lib/gcc/arm-none-eabi/9.3.1/thumb/v7-m/nofp/crtbegin.o
 .eh_frame      0x000000000800a5d0        0x4 /home/fossa/opt/xPacks/@xpack-dev-tools/arm-none-eabi-gcc/9.3.1-1.4.1/.content/bin/../lib/gcc/arm-none-eabi/9.3.1/thumb/v7-m/nofp/crtend.o
 *(.glue_7)
 .glue_7        0x000000000800a5d4        0x0 linker stubs
 *(.glue_7t)
 .glue_7t       0x000000000800a5d4        0x0 linker stubs

.vfp11_veneer   0x000000000800a5d4        0x0
 .vfp11_veneer  0x000000000800a5d4        0x0 linker stubs

.v4_bx          0x000000000800a5d4        0x0
 .v4_bx         0x000000000800a5d4        0x0 linker stubs

.iplt           0x000000000800a5d4        0x0
 .iplt          0x000000000800a5d4        0x0 /home/fossa/opt/xPacks/@xpack-dev-tools/arm-none-eabi-gcc/9.3.1-1.4.1/.content/bin/../lib/gcc/arm-none-eabi/9.3.1/thumb/v7-m/nofp/crtbegin.o

.ARM.extab
 *(.ARM.extab* .gnu.linkonce.armextab.*)
                0x000000000800a5d4                . = ALIGN (0x4)
                0x000000000800a5d4                __exidx_start = .

.ARM.exidx      0x000000000800a5d4        0x8
 *(.ARM.exidx* .gnu.linkonce.armexidx.*)
 .ARM.exidx     0x000000000800a5d4        0x8 /home/fossa/opt/xPacks/@xpack-dev-tools/arm-none-eabi-gcc/9.3.1-1.4.1/.content/bin/../lib/gcc/arm-none-eabi/9.3.1/../../../../arm-none-eabi/lib/thumb/v7-m/nofp/crt0.o
                                         0x10 (size before relaxing)
 .ARM.exidx.text.floor
                0x000000000800a5dc        0x0 /home/fossa/opt/xPacks/@xpack-dev-tools/arm-none-eabi-gcc/9.3.1-1.4.1/.content/bin/../lib/gcc/arm-none-eabi/9.3.1/../../../../arm-none-eabi/lib/thumb/v7-m/nofp/libm.a(lib_a-s_floor.o)
                                          0x8 (size before relaxing)
                0x000000000800a5dc                __exidx_end = .

.rel.dyn        0x000000000800a5dc        0x0
 .rel.iplt      0x000000000800a5dc        0x0 /home/fossa/opt/xPacks/@xpack-dev-tools/arm-none-eabi-gcc/9.3.1-1.4.1/.content/bin/../lib/gcc/arm-none-eabi/9.3.1/thumb/v7-m/nofp/crtbegin.o
                0x000000000800a5dc                . = ALIGN (0x4)
                0x000000000800a5dc                _etext = .
                0x000000000800a5dc                __etext = .

.data_CCMRAM    0x0000000000000000        0x0 load address 0x000000000800a5dc
 FILL mask 0xff
 *(.data.CCMRAM .data.CCMRAM.*)
                0x0000000000000000                . = ALIGN (0x4)
                0x000000000800a5dc                _sidata = LOADADDR (.data)

.data           0x0000000020000000      0x1d4 load address 0x000000000800a5dc
 FILL mask 0xff
                0x0000000020000000                _sdata = .
                0x0000000020000000                __data_start__ = .
 *(.data_begin .data_begin.*)
 *(.data .data.*)
 .data.SystemCoreClock
                0x0000000020000000        0x4 /tmp/Yiff-HL.elf.gIbMg8.ltrans0.ltrans.o
 .data._impure_ptr
                0x0000000020000004        0x4 /home/fossa/opt/xPacks/@xpack-dev-tools/arm-none-eabi-gcc/9.3.1-1.4.1/.content/bin/../lib/gcc/arm-none-eabi/9.3.1/../../../../arm-none-eabi/lib/thumb/v7-m/nofp/libg_nano.a(lib_a-impure.o)
                0x0000000020000004                _impure_ptr
 .data.impure_data
                0x0000000020000008       0x60 /home/fossa/opt/xPacks/@xpack-dev-tools/arm-none-eabi-gcc/9.3.1-1.4.1/.content/bin/../lib/gcc/arm-none-eabi/9.3.1/../../../../arm-none-eabi/lib/thumb/v7-m/nofp/libg_nano.a(lib_a-impure.o)
 .data.__global_locale
                0x0000000020000068      0x16c /home/fossa/opt/xPacks/@xpack-dev-tools/arm-none-eabi-gcc/9.3.1-1.4.1/.content/bin/../lib/gcc/arm-none-eabi/9.3.1/../../../../arm-none-eabi/lib/thumb/v7-m/nofp/libg_nano.a(lib_a-locale.o)
                0x0000000020000068                __global_locale
 *(.data_end .data_end.*)
                0x00000000200001d4                . = ALIGN (0x4)
                0x00000000200001d4                _edata = .
                0x00000000200001d4                __data_end__ = .

.igot.plt       0x00000000200001d4        0x0 load address 0x000000000800a7b0
 .igot.plt      0x00000000200001d4        0x0 /home/fossa/opt/xPacks/@xpack-dev-tools/arm-none-eabi-gcc/9.3.1-1.4.1/.content/bin/../lib/gcc/arm-none-eabi/9.3.1/thumb/v7-m/nofp/crtbegin.o

.bss_CCMRAM     0x0000000000000000        0x0
 *(.bss.CCMRAM .bss.CCMRAM.*)

.bss            0x00000000200001d4     0x22c4
                0x00000000200001d4                __bss_start__ = .
                0x00000000200001d4                _sbss = .
 *(.bss_begin .bss_begin.*)
 *(.bss .bss.*)
 .bss.completed.8914
                0x00000000200001d4        0x1 /home/fossa/opt/xPacks/@xpack-dev-tools/arm-none-eabi-gcc/9.3.1-1.4.1/.content/bin/../lib/gcc/arm-none-eabi/9.3.1/thumb/v7-m/nofp/crtbegin.o
 *fill*         0x00000000200001d5        0x3 
 .bss.object.8919
                0x00000000200001d8       0x18 /home/fossa/opt/xPacks/@xpack-dev-tools/arm-none-eabi-gcc/9.3.1-1.4.1/.content/bin/../lib/gcc/arm-none-eabi/9.3.1/thumb/v7-m/nofp/crtbegin.o
 .bss.CRC_Context
                0x00000000200001f0        0x8 /tmp/Yiff-HL.elf.gIbMg8.ltrans0.ltrans.o
 .bss.CurrentDate
                0x00000000200001f8        0x4 /tmp/Yiff-HL.elf.gIbMg8.ltrans0.ltrans.o
 .bss.CurrentTime
                0x00000000200001fc        0x3 /tmp/Yiff-HL.elf.gIbMg8.ltrans0.ltrans.o
 *fill*         0x00000000200001ff        0x1 
 .bss.EEPROMContext
                0x0000000020000200       0x10 /tmp/Yiff-HL.elf.gIbMg8.ltrans0.ltrans.o
 .bss.EndingToneStartTime
                0x0000000020000210        0x3 /tmp/Yiff-HL.elf.gIbMg8.ltrans0.ltrans.o
 *fill*         0x0000000020000213        0x1 
 .bss.FMGL_FontTerminusRegular12
                0x0000000020000214        0xc /tmp/Yiff-HL.elf.gIbMg8.ltrans0.ltrans.o
 .bss.FoxState  0x0000000020000220       0x4c /tmp/Yiff-HL.elf.gIbMg8.ltrans0.ltrans.o
 .bss.GsmEndTime
                0x000000002000026c        0x3 /tmp/Yiff-HL.elf.gIbMg8.ltrans0.ltrans.o
 *fill*         0x000000002000026f        0x1 
 .bss.GsmStartTime
                0x0000000020000270        0x3 /tmp/Yiff-HL.elf.gIbMg8.ltrans0.ltrans.o
 *fill*         0x0000000020000273        0x1 
 .bss.I2C_Display
                0x0000000020000274       0x54 /tmp/Yiff-HL.elf.gIbMg8.ltrans0.ltrans.o
 .bss.I2C_Other
                0x00000000200002c8       0x54 /tmp/Yiff-HL.elf.gIbMg8.ltrans0.ltrans.o
 .bss.L2HAL_SSD1327_Context
                0x000000002000031c     0x200c /tmp/Yiff-HL.elf.gIbMg8.ltrans0.ltrans.o
 .bss.L2HAL_SysTick_Context
                0x0000000020002328        0x8 /tmp/Yiff-HL.elf.gIbMg8.ltrans0.ltrans.o
 .bss.LeftButton
                0x0000000020002330       0x12 /tmp/Yiff-HL.elf.gIbMg8.ltrans0.ltrans.o
 *fill*         0x0000000020002342        0x2 
 .bss.MorseCurrentElement
                0x0000000020002344        0x4 /tmp/Yiff-HL.elf.gIbMg8.ltrans0.ltrans.o
 .bss.MorsePlayerCurrentInterval
                0x0000000020002348        0x2 /tmp/Yiff-HL.elf.gIbMg8.ltrans0.ltrans.o
 .bss.MorsePlayerState
                0x000000002000234a        0x1 /tmp/Yiff-HL.elf.gIbMg8.ltrans0.ltrans.o
 *fill*         0x000000002000234b        0x1 
 .bss.MorseSequenceToPlay
                0x000000002000234c        0x4 /tmp/Yiff-HL.elf.gIbMg8.ltrans0.ltrans.o
 .bss.OffColor  0x0000000020002350        0x3 /tmp/Yiff-HL.elf.gIbMg8.ltrans0.ltrans.o
 *fill*         0x0000000020002353        0x1 
 .bss.OnColor   0x0000000020002354        0x3 /tmp/Yiff-HL.elf.gIbMg8.ltrans0.ltrans.o
 .bss.PreviousSecond
                0x0000000020002357        0x1 /tmp/Yiff-HL.elf.gIbMg8.ltrans0.ltrans.o
 .bss.RightButton
                0x0000000020002358       0x12 /tmp/Yiff-HL.elf.gIbMg8.ltrans0.ltrans.o
 *fill*         0x000000002000236a        0x2 
 .bss.RtcHandle
                0x000000002000236c       0x14 /tmp/Yiff-HL.elf.gIbMg8.ltrans0.ltrans.o
 .bss.RtcListeners
                0x0000000020002380        0x4 /tmp/Yiff-HL.elf.gIbMg8.ltrans0.ltrans.o
 .bss.RtcListenersCount
                0x0000000020002384        0x1 /tmp/Yiff-HL.elf.gIbMg8.ltrans0.ltrans.o
 *fill*         0x0000000020002385        0x3 
 .bss.buf.5729  0x0000000020002388       0x80 /tmp/Yiff-HL.elf.gIbMg8.ltrans0.ltrans.o
 .bss.commonFont
                0x0000000020002408       0x18 /tmp/Yiff-HL.elf.gIbMg8.ltrans0.ltrans.o
 .bss.current_heap_end.4485
                0x0000000020002420        0x4 /tmp/Yiff-HL.elf.gIbMg8.ltrans0.ltrans.o
 .bss.fmglContext
                0x0000000020002424       0x28 /tmp/Yiff-HL.elf.gIbMg8.ltrans0.ltrans.o
 .bss.frequencyFont
                0x000000002000244c       0x18 /tmp/Yiff-HL.elf.gIbMg8.ltrans0.ltrans.o
 .bss.invertedCommonFont
                0x0000000020002464       0x18 /tmp/Yiff-HL.elf.gIbMg8.ltrans0.ltrans.o
 .bss.uwTick    0x000000002000247c        0x4 /tmp/Yiff-HL.elf.gIbMg8.ltrans0.ltrans.o
 .bss.__malloc_free_list
                0x0000000020002480        0x4 /home/fossa/opt/xPacks/@xpack-dev-tools/arm-none-eabi-gcc/9.3.1-1.4.1/.content/bin/../lib/gcc/arm-none-eabi/9.3.1/../../../../arm-none-eabi/lib/thumb/v7-m/nofp/libg_nano.a(lib_a-nano-mallocr.o)
                0x0000000020002480                __malloc_free_list
 .bss.__malloc_sbrk_start
                0x0000000020002484        0x4 /home/fossa/opt/xPacks/@xpack-dev-tools/arm-none-eabi-gcc/9.3.1-1.4.1/.content/bin/../lib/gcc/arm-none-eabi/9.3.1/../../../../arm-none-eabi/lib/thumb/v7-m/nofp/libg_nano.a(lib_a-nano-mallocr.o)
                0x0000000020002484                __malloc_sbrk_start
 *(COMMON)
 COMMON         0x0000000020002488        0x4 /tmp/Yiff-HL.elf.gIbMg8.ltrans0.ltrans.o
                0x0000000020002488                errno
 COMMON         0x000000002000248c        0x9 /home/fossa/opt/xPacks/@xpack-dev-tools/arm-none-eabi-gcc/9.3.1-1.4.1/.content/bin/../lib/gcc/arm-none-eabi/9.3.1/../../../../arm-none-eabi/lib/thumb/v7-m/nofp/libg_nano.a(lib_a-lock.o)
                0x000000002000248c                __lock___atexit_recursive_mutex
                0x000000002000248d                __lock___arc4random_mutex
                0x000000002000248e                __lock___env_recursive_mutex
                0x000000002000248f                __lock___sinit_recursive_mutex
                0x0000000020002490                __lock___malloc_recursive_mutex
                0x0000000020002491                __lock___at_quick_exit_mutex
                0x0000000020002492                __lock___dd_hash_mutex
                0x0000000020002493                __lock___tz_mutex
                0x0000000020002494                __lock___sfp_recursive_mutex
 *(.bss_end .bss_end.*)
                0x0000000020002498                . = ALIGN (0x4)
 *fill*         0x0000000020002495        0x3 
                0x0000000020002498                __bss_end__ = .
                0x0000000020002498                _ebss = .

.noinit_CCMRAM
 *(.noinit.CCMRAM .noinit.CCMRAM.*)

.noinit         0x0000000020002498        0x0
                0x0000000020002498                _noinit = .
 *(.noinit .noinit.*)
                0x0000000020002498                . = ALIGN (0x4)
                0x0000000020002498                _end_noinit = .
                [!provide]                        PROVIDE (end = _end_noinit)
                [!provide]                        PROVIDE (_end = _end_noinit)
                [!provide]                        PROVIDE (__end = _end_noinit)
                [!provide]                        PROVIDE (__end__ = _end_noinit)

._check_stack   0x0000000020002498      0x100
                0x0000000020002598                . = (. + _Minimum_Stack_Size)
 *fill*         0x0000000020002498      0x100 

.b1text
 *(.b1text)
 *(.b1rodata)
 *(.b1rodata.*)

.eb0text
 *(.eb0text)
 *(.eb0rodata)
 *(.eb0rodata.*)

.eb1text
 *(.eb1text)
 *(.eb1rodata)
 *(.eb1rodata.*)

.eb2text
 *(.eb2text)
 *(.eb2rodata)
 *(.eb2rodata.*)

.eb3text
 *(.eb3text)
 *(.eb3rodata)
 *(.eb3rodata.*)

.stab
 *(.stab)

.stabstr
 *(.stabstr)

.stab.excl
 *(.stab.excl)

.stab.exclstr
 *(.stab.exclstr)

.stab.index
 *(.stab.index)

.stab.indexstr
 *(.stab.indexstr)

.comment        0x0000000000000000       0x43
 *(.comment)
 .comment       0x0000000000000000       0x43 /tmp/Yiff-HL.elf.gIbMg8.ltrans0.ltrans.o
                                         0x44 (size before relaxing)

.ARM.attributes
                0x0000000000000000       0x29
 .ARM.attributes
                0x0000000000000000       0x1d /home/fossa/opt/xPacks/@xpack-dev-tools/arm-none-eabi-gcc/9.3.1-1.4.1/.content/bin/../lib/gcc/arm-none-eabi/9.3.1/thumb/v7-m/nofp/crti.o
 .ARM.attributes
                0x000000000000001d       0x2d /home/fossa/opt/xPacks/@xpack-dev-tools/arm-none-eabi-gcc/9.3.1-1.4.1/.content/bin/../lib/gcc/arm-none-eabi/9.3.1/thumb/v7-m/nofp/crtbegin.o
 .ARM.attributes
                0x000000000000004a       0x1b /home/fossa/opt/xPacks/@xpack-dev-tools/arm-none-eabi-gcc/9.3.1-1.4.1/.content/bin/../lib/gcc/arm-none-eabi/9.3.1/../../../../arm-none-eabi/lib/thumb/v7-m/nofp/crt0.o
 .ARM.attributes
                0x0000000000000065       0x2b /tmp/Yiff-HL.elf.gIbMg8.ltrans0.ltrans.o
 .ARM.attributes
                0x0000000000000090       0x21 ./system/src/cmsis/startup_stm32f103xb.o
 .ARM.attributes
                0x00000000000000b1       0x2d /home/fossa/opt/xPacks/@xpack-dev-tools/arm-none-eabi-gcc/9.3.1-1.4.1/.content/bin/../lib/gcc/arm-none-eabi/9.3.1/../../../../arm-none-eabi/lib/thumb/v7-m/nofp/libm.a(lib_a-s_floor.o)
 .ARM.attributes
                0x00000000000000de       0x1d /home/fossa/opt/xPacks/@xpack-dev-tools/arm-none-eabi-gcc/9.3.1-1.4.1/.content/bin/../lib/gcc/arm-none-eabi/9.3.1/thumb/v7-m/nofp/libgcc.a(_arm_addsubdf3.o)
 .ARM.attributes
                0x00000000000000fb       0x1d /home/fossa/opt/xPacks/@xpack-dev-tools/arm-none-eabi-gcc/9.3.1-1.4.1/.content/bin/../lib/gcc/arm-none-eabi/9.3.1/thumb/v7-m/nofp/libgcc.a(_arm_cmpdf2.o)
 .ARM.attributes
                0x0000000000000118       0x1d /home/fossa/opt/xPacks/@xpack-dev-tools/arm-none-eabi-gcc/9.3.1-1.4.1/.content/bin/../lib/gcc/arm-none-eabi/9.3.1/thumb/v7-m/nofp/libgcc.a(_arm_fixunsdfsi.o)
 .ARM.attributes
                0x0000000000000135       0x1d /home/fossa/opt/xPacks/@xpack-dev-tools/arm-none-eabi-gcc/9.3.1-1.4.1/.content/bin/../lib/gcc/arm-none-eabi/9.3.1/thumb/v7-m/nofp/libgcc.a(_arm_addsubsf3.o)
 .ARM.attributes
                0x0000000000000152       0x1d /home/fossa/opt/xPacks/@xpack-dev-tools/arm-none-eabi-gcc/9.3.1-1.4.1/.content/bin/../lib/gcc/arm-none-eabi/9.3.1/thumb/v7-m/nofp/libgcc.a(_arm_muldivsf3.o)
 .ARM.attributes
                0x000000000000016f       0x1d /home/fossa/opt/xPacks/@xpack-dev-tools/arm-none-eabi-gcc/9.3.1-1.4.1/.content/bin/../lib/gcc/arm-none-eabi/9.3.1/thumb/v7-m/nofp/libgcc.a(_arm_cmpsf2.o)
 .ARM.attributes
                0x000000000000018c       0x2d /home/fossa/opt/xPacks/@xpack-dev-tools/arm-none-eabi-gcc/9.3.1-1.4.1/.content/bin/../lib/gcc/arm-none-eabi/9.3.1/../../../../arm-none-eabi/lib/thumb/v7-m/nofp/libg_nano.a(lib_a-ctype_.o)
 .ARM.attributes
                0x00000000000001b9       0x2d /home/fossa/opt/xPacks/@xpack-dev-tools/arm-none-eabi-gcc/9.3.1-1.4.1/.content/bin/../lib/gcc/arm-none-eabi/9.3.1/../../../../arm-none-eabi/lib/thumb/v7-m/nofp/libg_nano.a(lib_a-errno.o)
 .ARM.attributes
                0x00000000000001e6       0x2d /home/fossa/opt/xPacks/@xpack-dev-tools/arm-none-eabi-gcc/9.3.1-1.4.1/.content/bin/../lib/gcc/arm-none-eabi/9.3.1/../../../../arm-none-eabi/lib/thumb/v7-m/nofp/libg_nano.a(lib_a-exit.o)
 .ARM.attributes
                0x0000000000000213       0x2d /home/fossa/opt/xPacks/@xpack-dev-tools/arm-none-eabi-gcc/9.3.1-1.4.1/.content/bin/../lib/gcc/arm-none-eabi/9.3.1/../../../../arm-none-eabi/lib/thumb/v7-m/nofp/libg_nano.a(lib_a-findfp.o)
 .ARM.attributes
                0x0000000000000240       0x2d /home/fossa/opt/xPacks/@xpack-dev-tools/arm-none-eabi-gcc/9.3.1-1.4.1/.content/bin/../lib/gcc/arm-none-eabi/9.3.1/../../../../arm-none-eabi/lib/thumb/v7-m/nofp/libg_nano.a(lib_a-impure.o)
 .ARM.attributes
                0x000000000000026d       0x2d /home/fossa/opt/xPacks/@xpack-dev-tools/arm-none-eabi-gcc/9.3.1-1.4.1/.content/bin/../lib/gcc/arm-none-eabi/9.3.1/../../../../arm-none-eabi/lib/thumb/v7-m/nofp/libg_nano.a(lib_a-init.o)
 .ARM.attributes
                0x000000000000029a       0x2d /home/fossa/opt/xPacks/@xpack-dev-tools/arm-none-eabi-gcc/9.3.1-1.4.1/.content/bin/../lib/gcc/arm-none-eabi/9.3.1/../../../../arm-none-eabi/lib/thumb/v7-m/nofp/libg_nano.a(lib_a-lock.o)
 .ARM.attributes
                0x00000000000002c7       0x2d /home/fossa/opt/xPacks/@xpack-dev-tools/arm-none-eabi-gcc/9.3.1-1.4.1/.content/bin/../lib/gcc/arm-none-eabi/9.3.1/../../../../arm-none-eabi/lib/thumb/v7-m/nofp/libg_nano.a(lib_a-memset.o)
 .ARM.attributes
                0x00000000000002f4       0x2d /home/fossa/opt/xPacks/@xpack-dev-tools/arm-none-eabi-gcc/9.3.1-1.4.1/.content/bin/../lib/gcc/arm-none-eabi/9.3.1/../../../../arm-none-eabi/lib/thumb/v7-m/nofp/libg_nano.a(lib_a-nano-mallocr.o)
 .ARM.attributes
                0x0000000000000321       0x2d /home/fossa/opt/xPacks/@xpack-dev-tools/arm-none-eabi-gcc/9.3.1-1.4.1/.content/bin/../lib/gcc/arm-none-eabi/9.3.1/../../../../arm-none-eabi/lib/thumb/v7-m/nofp/libg_nano.a(lib_a-nano-vfprintf_float.o)
 .ARM.attributes
                0x000000000000034e       0x2d /home/fossa/opt/xPacks/@xpack-dev-tools/arm-none-eabi-gcc/9.3.1-1.4.1/.content/bin/../lib/gcc/arm-none-eabi/9.3.1/../../../../arm-none-eabi/lib/thumb/v7-m/nofp/libg_nano.a(lib_a-nano-vfprintf_i.o)
 .ARM.attributes
                0x000000000000037b       0x2d /home/fossa/opt/xPacks/@xpack-dev-tools/arm-none-eabi-gcc/9.3.1-1.4.1/.content/bin/../lib/gcc/arm-none-eabi/9.3.1/../../../../arm-none-eabi/lib/thumb/v7-m/nofp/libg_nano.a(lib_a-sbrkr.o)
 .ARM.attributes
                0x00000000000003a8       0x17 /home/fossa/opt/xPacks/@xpack-dev-tools/arm-none-eabi-gcc/9.3.1-1.4.1/.content/bin/../lib/gcc/arm-none-eabi/9.3.1/../../../../arm-none-eabi/lib/thumb/v7-m/nofp/libg_nano.a(lib_a-strlen.o)
 .ARM.attributes