Archive member included to satisfy reference by file (symbol)

/home/fossa/opt/xPacks/@xpack-dev-tools/arm-none-eabi-gcc/9.3.1-1.4.1/.content/bin/../lib/gcc/arm-none-eabi/9.3.1/../../../../arm-none-eabi/lib/thumb/v7-m/nofp/libm.a(lib_a-s_floor.o)
                              ./src/StatusDisplay.o (symbol from plugin) (floor)
/home/fossa/opt/xPacks/@xpack-dev-tools/arm-none-eabi-gcc/9.3.1-1.4.1/.content/bin/../lib/gcc/arm-none-eabi/9.3.1/thumb/v7-m/nofp/libgcc.a(_arm_addsubdf3.o)
                              /home/fossa/opt/xPacks/@xpack-dev-tools/arm-none-eabi-gcc/9.3.1-1.4.1/.content/bin/../lib/gcc/arm-none-eabi/9.3.1/../../../../arm-none-eabi/lib/thumb/v7-m/nofp/libm.a(lib_a-s_floor.o) (__aeabi_dadd)
/home/fossa/opt/xPacks/@xpack-dev-tools/arm-none-eabi-gcc/9.3.1-1.4.1/.content/bin/../lib/gcc/arm-none-eabi/9.3.1/thumb/v7-m/nofp/libgcc.a(_arm_cmpdf2.o)
                              /home/fossa/opt/xPacks/@xpack-dev-tools/arm-none-eabi-gcc/9.3.1-1.4.1/.content/bin/../lib/gcc/arm-none-eabi/9.3.1/../../../../arm-none-eabi/lib/thumb/v7-m/nofp/libm.a(lib_a-s_floor.o) (__aeabi_dcmpgt)
/home/fossa/opt/xPacks/@xpack-dev-tools/arm-none-eabi-gcc/9.3.1-1.4.1/.content/bin/../lib/gcc/arm-none-eabi/9.3.1/../../../../arm-none-eabi/lib/thumb/v7-m/nofp/libg_nano.a(lib_a-ctype_.o)
                              ./system/src/newlib/_syscalls.o (symbol from plugin) (_ctype_)
/home/fossa/opt/xPacks/@xpack-dev-tools/arm-none-eabi-gcc/9.3.1-1.4.1/.content/bin/../lib/gcc/arm-none-eabi/9.3.1/../../../../arm-none-eabi/lib/thumb/v7-m/nofp/libg_nano.a(lib_a-errno.o)
                              ./system/src/newlib/_sbrk.o (symbol from plugin) (__errno)
/home/fossa/opt/xPacks/@xpack-dev-tools/arm-none-eabi-gcc/9.3.1-1.4.1/.content/bin/../lib/gcc/arm-none-eabi/9.3.1/../../../../arm-none-eabi/lib/thumb/v7-m/nofp/libg_nano.a(lib_a-exit.o)
                              /home/fossa/opt/xPacks/@xpack-dev-tools/arm-none-eabi-gcc/9.3.1-1.4.1/.content/bin/../lib/gcc/arm-none-eabi/9.3.1/../../../../arm-none-eabi/lib/thumb/v7-m/nofp/crt0.o (exit)
/home/fossa/opt/xPacks/@xpack-dev-tools/arm-none-eabi-gcc/9.3.1-1.4.1/.content/bin/../lib/gcc/arm-none-eabi/9.3.1/../../../../arm-none-eabi/lib/thumb/v7-m/nofp/libg_nano.a(lib_a-findfp.o)
                              ./system/src/newlib/_syscalls.o (symbol from plugin) (__sinit)
/home/fossa/opt/xPacks/@xpack-dev-tools/arm-none-eabi-gcc/9.3.1-1.4.1/.content/bin/../lib/gcc/arm-none-eabi/9.3.1/../../../../arm-none-eabi/lib/thumb/v7-m/nofp/libg_nano.a(lib_a-fwalk.o)
                              /home/fossa/opt/xPacks/@xpack-dev-tools/arm-none-eabi-gcc/9.3.1-1.4.1/.content/bin/../lib/gcc/arm-none-eabi/9.3.1/../../../../arm-none-eabi/lib/thumb/v7-m/nofp/libg_nano.a(lib_a-findfp.o) (_fwalk)
/home/fossa/opt/xPacks/@xpack-dev-tools/arm-none-eabi-gcc/9.3.1-1.4.1/.content/bin/../lib/gcc/arm-none-eabi/9.3.1/../../../../arm-none-eabi/lib/thumb/v7-m/nofp/libg_nano.a(lib_a-impure.o)
                              /home/fossa/opt/xPacks/@xpack-dev-tools/arm-none-eabi-gcc/9.3.1-1.4.1/.content/bin/../lib/gcc/arm-none-eabi/9.3.1/../../../../arm-none-eabi/lib/thumb/v7-m/nofp/libg_nano.a(lib_a-exit.o) (_global_impure_ptr)
/home/fossa/opt/xPacks/@xpack-dev-tools/arm-none-eabi-gcc/9.3.1-1.4.1/.content/bin/../lib/gcc/arm-none-eabi/9.3.1/../../../../arm-none-eabi/lib/thumb/v7-m/nofp/libg_nano.a(lib_a-init.o)
                              /home/fossa/opt/xPacks/@xpack-dev-tools/arm-none-eabi-gcc/9.3.1-1.4.1/.content/bin/../lib/gcc/arm-none-eabi/9.3.1/../../../../arm-none-eabi/lib/thumb/v7-m/nofp/crt0.o (__libc_init_array)
/home/fossa/opt/xPacks/@xpack-dev-tools/arm-none-eabi-gcc/9.3.1-1.4.1/.content/bin/../lib/gcc/arm-none-eabi/9.3.1/../../../../arm-none-eabi/lib/thumb/v7-m/nofp/libg_nano.a(lib_a-lock.o)
                              /home/fossa/opt/xPacks/@xpack-dev-tools/arm-none-eabi-gcc/9.3.1-1.4.1/.content/bin/../lib/gcc/arm-none-eabi/9.3.1/../../../../arm-none-eabi/lib/thumb/v7-m/nofp/libg_nano.a(lib_a-findfp.o) (__retarget_lock_init_recursive)
/home/fossa/opt/xPacks/@xpack-dev-tools/arm-none-eabi-gcc/9.3.1-1.4.1/.content/bin/../lib/gcc/arm-none-eabi/9.3.1/../../../../arm-none-eabi/lib/thumb/v7-m/nofp/libg_nano.a(lib_a-memset.o)
                              /home/fossa/opt/xPacks/@xpack-dev-tools/arm-none-eabi-gcc/9.3.1-1.4.1/.content/bin/../lib/gcc/arm-none-eabi/9.3.1/../../../../arm-none-eabi/lib/thumb/v7-m/nofp/crt0.o (memset)
/home/fossa/opt/xPacks/@xpack-dev-tools/arm-none-eabi-gcc/9.3.1-1.4.1/.content/bin/../lib/gcc/arm-none-eabi/9.3.1/../../../../arm-none-eabi/lib/thumb/v7-m/nofp/libg_nano.a(lib_a-nano-mallocr.o)
                              /home/fossa/opt/xPacks/@xpack-dev-tools/arm-none-eabi-gcc/9.3.1-1.4.1/.content/bin/../lib/gcc/arm-none-eabi/9.3.1/../../../../arm-none-eabi/lib/thumb/v7-m/nofp/libg_nano.a(lib_a-findfp.o) (_malloc_r)
[...]
Memory Configuration

Name             Origin             Length             Attributes
RAM              0x0000000020000000 0x0000000000005000 xrw
CCMRAM           0x0000000000000000 0x0000000000000000 xrw
FLASH            0x0000000008000000 0x0000000000020000 xr
FLASHB1          0x0000000000000000 0x0000000000000000 xr
EXTMEMB0         0x0000000000000000 0x0000000000000000 xr
EXTMEMB1         0x0000000000000000 0x0000000000000000 xr
EXTMEMB2         0x0000000000000000 0x0000000000000000 xr
EXTMEMB3         0x0000000000000000 0x0000000000000000 xr
MEMORY_ARRAY     0x0000000000000000 0x0000000000000000 xrw
*default*        0x0000000000000000 0xffffffffffffffff

Linker script and memory map

LOAD /home/fossa/opt/xPacks/@xpack-dev-tools/arm-none-eabi-gcc/9.3.1-1.4.1/.content/bin/../lib/gcc/arm-none-eabi/9.3.1/thumb/v7-m/nofp/crti.o
LOAD /home/fossa/opt/xPacks/@xpack-dev-tools/arm-none-eabi-gcc/9.3.1-1.4.1/.content/bin/../lib/gcc/arm-none-eabi/9.3.1/thumb/v7-m/nofp/crtbegin.o
LOAD /home/fossa/opt/xPacks/@xpack-dev-tools/arm-none-eabi-gcc/9.3.1-1.4.1/.content/bin/../lib/gcc/arm-none-eabi/9.3.1/../../../../arm-none-eabi/lib/thumb/v7-m/nofp/crt0.o
LOAD ./system/src/stm32f1xx/stm32f1xx_hal.o
LOAD /tmp/Yiff-HL.elf.onDgT1.ltrans0.ltrans.o
LOAD /tmp/ccHTsk31.debug.temp.o
LOAD /tmp/ccuI8Gj3.debug.temp.o
LOAD /tmp/cc5uINr3.debug.temp.o
LOAD /tmp/ccepB732.debug.temp.o
LOAD /tmp/cc4AD1D2.debug.temp.o
LOAD /tmp/cceGfPM1.debug.temp.o
LOAD /tmp/ccLlKwR1.debug.temp.o
LOAD /tmp/cchyqwz1.debug.temp.o
LOAD /tmp/cc29Gbo1.debug.temp.o
LOAD /tmp/ccaiy9Q2.debug.temp.o
LOAD /tmp/ccoX5dX0.debug.temp.o
LOAD /tmp/ccdrIP22.debug.temp.o
LOAD /tmp/ccacgQW1.debug.temp.o
LOAD /tmp/ccAYeoE0.debug.temp.o
LOAD /tmp/cctFuf83.debug.temp.o
LOAD /tmp/ccssIZe1.debug.temp.o
LOAD /tmp/ccomi204.debug.temp.o
LOAD /tmp/cce5Yqg1.debug.temp.o
LOAD /tmp/ccVIA1k3.debug.temp.o
LOAD /tmp/ccc9yhE0.debug.temp.o
LOAD /tmp/ccXELiy4.debug.temp.o
LOAD /tmp/ccFVv3K2.debug.temp.o
LOAD /tmp/cca7d3R2.debug.temp.o
LOAD /tmp/ccKdemh3.debug.temp.o
LOAD /tmp/cchXxJG1.debug.temp.o
LOAD /tmp/ccbb0ks4.debug.temp.o
LOAD /tmp/cc3GcsL1.debug.temp.o
LOAD /tmp/cc2DaXP3.debug.temp.o
LOAD /tmp/ccZT5Uz2.debug.temp.o
LOAD /tmp/ccq8ugS2.debug.temp.o
LOAD /tmp/ccdlL9w3.debug.temp.o
LOAD /tmp/ccWeRMC0.debug.temp.o
LOAD /tmp/cch7U0h1.debug.temp.o
LOAD /tmp/cchhylH4.debug.temp.o
LOAD /tmp/cceubEX2.debug.temp.o
LOAD /tmp/ccvvvOI4.debug.temp.o
LOAD /tmp/ccqOt211.debug.temp.o
LOAD /tmp/cc5cl3l1.debug.temp.o
LOAD /tmp/ccfD1T93.debug.temp.o
LOAD /tmp/ccJoJCZ0.debug.temp.o
LOAD /tmp/ccNHxps4.debug.temp.o
LOAD /tmp/ccd80hM0.debug.temp.o
LOAD /tmp/ccqQwtZ4.debug.temp.o
LOAD /tmp/ccCLoTw1.debug.temp.o
LOAD /tmp/ccpd63z3.debug.temp.o
LOAD /tmp/ccYJiIU1.debug.temp.o
LOAD /tmp/ccMGucF4.debug.temp.o
LOAD /tmp/cczk0Fs1.debug.temp.o
LOAD /tmp/ccCV9SY2.debug.temp.o
LOAD /tmp/ccjx81Z2.debug.temp.o
LOAD /tmp/cc1e4fT2.debug.temp.o
LOAD /tmp/cc7vqR40.debug.temp.o
LOAD /tmp/ccQ9Gmn2.debug.temp.o
LOAD /tmp/ccxxbpO1.debug.temp.o
LOAD /tmp/ccw5rfg1.debug.temp.o
LOAD /tmp/ccNYl4S4.debug.temp.o
LOAD /tmp/ccFooES3.debug.temp.o
LOAD /tmp/ccHh3M71.debug.temp.o
LOAD /tmp/ccZX3x41.debug.temp.o
LOAD /tmp/cckuSJg4.debug.temp.o
LOAD /tmp/ccSNC652.debug.temp.o
LOAD /tmp/cck7EwK2.debug.temp.o
LOAD /tmp/ccLQBNf4.debug.temp.o
LOAD /tmp/ccSLSfZ4.debug.temp.o
LOAD /tmp/ccZ0rWJ3.debug.temp.o
LOAD /tmp/cc0JtoA4.debug.temp.o
LOAD /tmp/ccK0LkR4.debug.temp.o
LOAD /tmp/ccg9zpk1.debug.temp.o
LOAD /tmp/ccnlkPL4.debug.temp.o
LOAD /tmp/ccOEXzO2.debug.temp.o
LOAD /tmp/ccdmhBy2.debug.temp.o
LOAD /tmp/ccY9XYj2.debug.temp.o
LOAD /tmp/ccPqbvP1.debug.temp.o
LOAD /tmp/ccgcQNz1.debug.temp.o
LOAD /tmp/ccbs2Ex1.debug.temp.o
LOAD /tmp/cc7Xv320.debug.temp.o
LOAD /tmp/ccSO3ZP1.debug.temp.o
LOAD /tmp/ccyDCzT1.debug.temp.o
LOAD /tmp/cc7DzP62.debug.temp.o
LOAD /tmp/ccw9r604.debug.temp.o
LOAD /tmp/cc8SQW23.debug.temp.o
LOAD /tmp/ccFc5jW3.debug.temp.o
LOAD /tmp/cc3nebU0.debug.temp.o
LOAD /tmp/cca8JJK4.debug.temp.o
LOAD /tmp/ccBIaBu3.debug.temp.o
LOAD /tmp/ccvzl5P0.debug.temp.o
LOAD /tmp/cc7gGaD4.debug.temp.o
LOAD /tmp/ccTiCwD2.debug.temp.o
LOAD /tmp/ccqDd8S1.debug.temp.o
LOAD /tmp/ccJgU590.debug.temp.o
LOAD /tmp/ccOsn634.debug.temp.o
LOAD /tmp/ccREmWW3.debug.temp.o
LOAD /tmp/cc8l8Cs1.debug.temp.o
LOAD /tmp/ccqRuNQ4.debug.temp.o
LOAD /tmp/ccw7zJQ3.debug.temp.o
LOAD ./system/src/stm32f1xx/stm32f1xx_hal_adc.o
LOAD ./system/src/stm32f1xx/stm32f1xx_hal_adc_ex.o
LOAD ./system/src/stm32f1xx/stm32f1xx_hal_can.o
LOAD ./system/src/stm32f1xx/stm32f1xx_hal_cec.o
LOAD ./system/src/stm32f1xx/stm32f1xx_hal_cortex.o
LOAD ./system/src/stm32f1xx/stm32f1xx_hal_crc.o
LOAD ./system/src/stm32f1xx/stm32f1xx_hal_dac.o
LOAD ./system/src/stm32f1xx/stm32f1xx_hal_dac_ex.o
LOAD ./system/src/stm32f1xx/stm32f1xx_hal_dma.o
LOAD ./system/src/stm32f1xx/stm32f1xx_hal_eth.o
LOAD ./system/src/stm32f1xx/stm32f1xx_hal_flash.o
LOAD ./system/src/stm32f1xx/stm32f1xx_hal_flash_ex.o
LOAD ./system/src/stm32f1xx/stm32f1xx_hal_gpio.o
LOAD ./system/src/stm32f1xx/stm32f1xx_hal_gpio_ex.o
LOAD ./system/src/stm32f1xx/stm32f1xx_hal_hcd.o
LOAD ./system/src/stm32f1xx/stm32f1xx_hal_i2c.o
LOAD ./system/src/stm32f1xx/stm32f1xx_hal_i2s.o
LOAD ./system/src/stm32f1xx/stm32f1xx_hal_irda.o
LOAD ./system/src/stm32f1xx/stm32f1xx_hal_iwdg.o
LOAD ./system/src/stm32f1xx/stm32f1xx_hal_mmc.o
LOAD ./system/src/stm32f1xx/stm32f1xx_hal_nand.o
LOAD ./system/src/stm32f1xx/stm32f1xx_hal_nor.o
LOAD ./system/src/stm32f1xx/stm32f1xx_hal_pccard.o
LOAD ./system/src/stm32f1xx/stm32f1xx_hal_pcd.o
LOAD ./system/src/stm32f1xx/stm32f1xx_hal_pcd_ex.o
LOAD ./system/src/stm32f1xx/stm32f1xx_hal_pwr.o
LOAD ./system/src/stm32f1xx/stm32f1xx_hal_rcc.o
LOAD ./system/src/stm32f1xx/stm32f1xx_hal_rcc_ex.o
LOAD ./system/src/stm32f1xx/stm32f1xx_hal_rtc.o
LOAD ./system/src/stm32f1xx/stm32f1xx_hal_rtc_ex.o
LOAD ./system/src/stm32f1xx/stm32f1xx_hal_sd.o
LOAD ./system/src/stm32f1xx/stm32f1xx_hal_smartcard.o
LOAD ./system/src/stm32f1xx/stm32f1xx_hal_spi.o
LOAD ./system/src/stm32f1xx/stm32f1xx_hal_spi_ex.o
LOAD ./system/src/stm32f1xx/stm32f1xx_hal_sram.o
LOAD ./system/src/stm32f1xx/stm32f1xx_hal_tim.o
LOAD ./system/src/stm32f1xx/stm32f1xx_hal_tim_ex.o
LOAD ./system/src/stm32f1xx/stm32f1xx_hal_uart.o
LOAD ./system/src/stm32f1xx/stm32f1xx_hal_usart.o
LOAD ./system/src/stm32f1xx/stm32f1xx_hal_wwdg.o
LOAD ./system/src/stm32f1xx/stm32f1xx_ll_adc.o
LOAD ./system/src/stm32f1xx/stm32f1xx_ll_crc.o
LOAD ./system/src/stm32f1xx/stm32f1xx_ll_dac.o
LOAD ./system/src/stm32f1xx/stm32f1xx_ll_dma.o
LOAD ./system/src/stm32f1xx/stm32f1xx_ll_exti.o
LOAD ./system/src/stm32f1xx/stm32f1xx_ll_fsmc.o
LOAD ./system/src/stm32f1xx/stm32f1xx_ll_gpio.o
LOAD ./system/src/stm32f1xx/stm32f1xx_ll_i2c.o
LOAD ./system/src/stm32f1xx/stm32f1xx_ll_pwr.o
LOAD ./system/src/stm32f1xx/stm32f1xx_ll_rcc.o
LOAD ./system/src/stm32f1xx/stm32f1xx_ll_rtc.o
LOAD ./system/src/stm32f1xx/stm32f1xx_ll_sdmmc.o
LOAD ./system/src/stm32f1xx/stm32f1xx_ll_spi.o
LOAD ./system/src/stm32f1xx/stm32f1xx_ll_tim.o
LOAD ./system/src/stm32f1xx/stm32f1xx_ll_usart.o
LOAD ./system/src/stm32f1xx/stm32f1xx_ll_usb.o
LOAD ./system/src/stm32f1xx/stm32f1xx_ll_utils.o
LOAD ./system/src/newlib/_cxx.o
LOAD ./system/src/newlib/_exit.o
LOAD ./system/src/newlib/_sbrk.o
LOAD ./system/src/newlib/_startup.o
LOAD ./system/src/newlib/_syscalls.o
LOAD ./system/src/newlib/assert.o
LOAD ./system/src/diag/Trace.o
LOAD ./system/src/diag/trace_impl.o
LOAD ./system/src/cortexm/_initialize_hardware.o
LOAD ./system/src/cortexm/_reset_hardware.o
LOAD ./system/src/cortexm/exception_handlers.o
LOAD ./system/src/cmsis/startup_stm32f103xb.o
LOAD ./system/src/cmsis/system_stm32f1xx.o
LOAD ./src/l2hal/src/l2hal.o
LOAD ./src/l2hal/src/l2hal_aux.o
LOAD ./src/l2hal/src/l2hal_custom.o
LOAD ./src/l2hal/src/l2hal_errors.o
LOAD ./src/l2hal/src/l2hal_systick.o
LOAD ./src/l2hal/mcu_dependent/mcus/stm32f103c8t6/drivers/input/buttons/src/l2hal_stm32f103c8t6_buttons.o
LOAD ./src/l2hal/drivers/input/encoders/src/l2hal_encoders.o
LOAD ./src/l2hal/drivers/input/buttons/src/l2hal_buttons.o
LOAD ./src/l2hal/drivers/display/ssd1327/src/l2hal_ssd1327.o
LOAD ./src/l2hal/drivers/display/ssd1306/src/l2hal_ssd1306.o
LOAD ./src/l2hal/drivers/dds/ad9835/src/l2hal_ad9835.o
LOAD ./src/fmgl/src/fmgl.o
LOAD ./src/fmgl/src/fmgl_private.o
LOAD ./src/fmgl/fonts/src/terminusRegular12.o
LOAD ./src/Buttons.o
LOAD ./src/CycleStateMachine.o
LOAD ./src/GlobalStateMachine.o
LOAD ./src/HAL.o
LOAD ./src/HardwareLogic.o
LOAD ./src/MorsePlayer.o
LOAD ./src/RTC.o
LOAD ./src/StatusDisplay.o
LOAD ./src/Time.o
LOAD ./src/main.o
LOAD ./src/stm32f1xx_it.o
LOAD /home/fossa/opt/xPacks/@xpack-dev-tools/arm-none-eabi-gcc/9.3.1-1.4.1/.content/bin/../lib/gcc/arm-none-eabi/9.3.1/../../../../arm-none-eabi/lib/thumb/v7-m/nofp/libstdc++_nano.a
LOAD /home/fossa/opt/xPacks/@xpack-dev-tools/arm-none-eabi-gcc/9.3.1-1.4.1/.content/bin/../lib/gcc/arm-none-eabi/9.3.1/../../../../arm-none-eabi/lib/thumb/v7-m/nofp/libm.a
START GROUP
LOAD /home/fossa/opt/xPacks/@xpack-dev-tools/arm-none-eabi-gcc/9.3.1-1.4.1/.content/bin/../lib/gcc/arm-none-eabi/9.3.1/thumb/v7-m/nofp/libgcc.a
LOAD /home/fossa/opt/xPacks/@xpack-dev-tools/arm-none-eabi-gcc/9.3.1-1.4.1/.content/bin/../lib/gcc/arm-none-eabi/9.3.1/../../../../arm-none-eabi/lib/thumb/v7-m/nofp/libg_nano.a
LOAD /home/fossa/opt/xPacks/@xpack-dev-tools/arm-none-eabi-gcc/9.3.1-1.4.1/.content/bin/../lib/gcc/arm-none-eabi/9.3.1/../../../../arm-none-eabi/lib/thumb/v7-m/nofp/libc_nano.a
END GROUP
START GROUP
LOAD /home/fossa/opt/xPacks/@xpack-dev-tools/arm-none-eabi-gcc/9.3.1-1.4.1/.content/bin/../lib/gcc/arm-none-eabi/9.3.1/thumb/v7-m/nofp/libgcc.a
LOAD /home/fossa/opt/xPacks/@xpack-dev-tools/arm-none-eabi-gcc/9.3.1-1.4.1/.content/bin/../lib/gcc/arm-none-eabi/9.3.1/../../../../arm-none-eabi/lib/thumb/v7-m/nofp/libc_nano.a
END GROUP
LOAD /home/fossa/opt/xPacks/@xpack-dev-tools/arm-none-eabi-gcc/9.3.1-1.4.1/.content/bin/../lib/gcc/arm-none-eabi/9.3.1/thumb/v7-m/nofp/crtend.o
LOAD /home/fossa/opt/xPacks/@xpack-dev-tools/arm-none-eabi-gcc/9.3.1-1.4.1/.content/bin/../lib/gcc/arm-none-eabi/9.3.1/thumb/v7-m/nofp/crtn.o
                0x0000000020005000                __stack = (ORIGIN (RAM) + LENGTH (RAM))
                0x0000000020005000                _estack = __stack
                0x0000000000000400                __Main_Stack_Size = 0x400
                [!provide]                        PROVIDE (_Main_Stack_Size = __Main_Stack_Size)
                0x0000000020004c00                __Main_Stack_Limit = (__stack - __Main_Stack_Size)
                [!provide]                        PROVIDE (_Main_Stack_Limit = __Main_Stack_Limit)
                0x0000000000000100                _Minimum_Stack_Size = 0x100
                0x00000000200024b0                PROVIDE (_Heap_Begin = _end_noinit)
                0x0000000020004c00                PROVIDE (_Heap_Limit = (__stack - __Main_Stack_Size))

.isr_vector     0x0000000008000000      0x10c
 FILL mask 0xff
                0x0000000008000000                __vectors_start = ABSOLUTE (.)
                0x0000000008000000                __vectors_start__ = ABSOLUTE (.)
 *(.isr_vector)
 .isr_vector    0x0000000008000000      0x10c ./system/src/cmsis/startup_stm32f103xb.o
                0x0000000008000000                g_pfnVectors
 *(.cfmconfig)
 *(.after_vectors .after_vectors.*)

.inits          0x000000000800010c       0x48
                0x000000000800010c                __data_regions_array_start = .
                0x000000000800010c        0x4 LONG 0x8009a1c LOADADDR (.data)
                0x0000000008000110        0x4 LONG 0x20000000 ADDR (.data)
                0x0000000008000114        0x4 LONG 0x20000204 (ADDR (.data) + SIZEOF (.data))
                0x0000000008000118        0x4 LONG 0x8009a1c LOADADDR (.data_CCMRAM)
                0x000000000800011c        0x4 LONG 0x0 ADDR (.data_CCMRAM)
                0x0000000008000120        0x4 LONG 0x0 (ADDR (.data_CCMRAM) + SIZEOF (.data_CCMRAM))
                0x0000000008000124                __data_regions_array_end = .
                0x0000000008000124                __bss_regions_array_start = .
                0x0000000008000124        0x4 LONG 0x20000204 ADDR (.bss)
                0x0000000008000128        0x4 LONG 0x200024b0 (ADDR (.bss) + SIZEOF (.bss))
                0x000000000800012c        0x4 LONG 0x0 ADDR (.bss_CCMRAM)
                0x0000000008000130        0x4 LONG 0x0 (ADDR (.bss_CCMRAM) + SIZEOF (.bss_CCMRAM))
                0x0000000008000134                __bss_regions_array_end = .
 *(.init)
 .init          0x0000000008000134        0x4 /home/fossa/opt/xPacks/@xpack-dev-tools/arm-none-eabi-gcc/9.3.1-1.4.1/.content/bin/../lib/gcc/arm-none-eabi/9.3.1/thumb/v7-m/nofp/crti.o
                0x0000000008000134                _init
 .init          0x0000000008000138        0x8 /home/fossa/opt/xPacks/@xpack-dev-tools/arm-none-eabi-gcc/9.3.1-1.4.1/.content/bin/../lib/gcc/arm-none-eabi/9.3.1/thumb/v7-m/nofp/crtn.o
 *(.fini)
 .fini          0x0000000008000140        0x4 /home/fossa/opt/xPacks/@xpack-dev-tools/arm-none-eabi-gcc/9.3.1-1.4.1/.content/bin/../lib/gcc/arm-none-eabi/9.3.1/thumb/v7-m/nofp/crti.o
                0x0000000008000140                _fini
 .fini          0x0000000008000144        0x8 /home/fossa/opt/xPacks/@xpack-dev-tools/arm-none-eabi-gcc/9.3.1-1.4.1/.content/bin/../lib/gcc/arm-none-eabi/9.3.1/thumb/v7-m/nofp/crtn.o
                0x000000000800014c                . = ALIGN (0x4)
                0x000000000800014c                PROVIDE (__preinit_array_start = .)
 *(.preinit_array_sysinit .preinit_array_sysinit.*)
 *(.preinit_array_platform .preinit_array_platform.*)
 *(.preinit_array .preinit_array.*)
                0x000000000800014c                PROVIDE (__preinit_array_end = .)
                0x000000000800014c                . = ALIGN (0x4)
                0x000000000800014c                PROVIDE (__init_array_start = .)
 *(SORT_BY_NAME(.init_array.*))
 *(.init_array)
 .init_array    0x000000000800014c        0x4 /home/fossa/opt/xPacks/@xpack-dev-tools/arm-none-eabi-gcc/9.3.1-1.4.1/.content/bin/../lib/gcc/arm-none-eabi/9.3.1/thumb/v7-m/nofp/crtbegin.o
                0x0000000008000150                PROVIDE (__init_array_end = .)
                0x0000000008000150                . = ALIGN (0x4)
                0x0000000008000150                PROVIDE (__fini_array_start = .)
 *(SORT_BY_NAME(.fini_array.*))
 *(.fini_array)
 .fini_array    0x0000000008000150        0x4 /home/fossa/opt/xPacks/@xpack-dev-tools/arm-none-eabi-gcc/9.3.1-1.4.1/.content/bin/../lib/gcc/arm-none-eabi/9.3.1/thumb/v7-m/nofp/crtbegin.o
                0x0000000008000154                PROVIDE (__fini_array_end = .)

.flashtext
 *(.flashtext .flashtext.*)

.text           0x0000000008000158     0x98bc
 *(.text .text.*)
 .text.__do_global_dtors_aux
                0x0000000008000158       0x24 /home/fossa/opt/xPacks/@xpack-dev-tools/arm-none-eabi-gcc/9.3.1-1.4.1/.content/bin/../lib/gcc/arm-none-eabi/9.3.1/thumb/v7-m/nofp/crtbegin.o
 .text.frame_dummy
                0x000000000800017c       0x1c /home/fossa/opt/xPacks/@xpack-dev-tools/arm-none-eabi-gcc/9.3.1-1.4.1/.content/bin/../lib/gcc/arm-none-eabi/9.3.1/thumb/v7-m/nofp/crtbegin.o
 .text          0x0000000008000198       0x7c /home/fossa/opt/xPacks/@xpack-dev-tools/arm-none-eabi-gcc/9.3.1-1.4.1/.content/bin/../lib/gcc/arm-none-eabi/9.3.1/../../../../arm-none-eabi/lib/thumb/v7-m/nofp/crt0.o
                0x0000000008000198                _stack_init
                0x00000000080001a0                _mainCRTStartup
                0x00000000080001a0                _start
 .text.L2HAL_SSD1327_GetWidth
                0x0000000008000214        0x4 /tmp/Yiff-HL.elf.onDgT1.ltrans0.ltrans.o
 .text.L2HAL_SSD1327_GetHeight
                0x0000000008000218        0x4 /tmp/Yiff-HL.elf.onDgT1.ltrans0.ltrans.o
 .text.L2HAL_SSD1327_SetActiveColor
                0x000000000800021c       0x4c /tmp/Yiff-HL.elf.onDgT1.ltrans0.ltrans.o
 .text.ToTime   0x0000000008000268       0x34 /tmp/Yiff-HL.elf.onDgT1.ltrans0.ltrans.o
 .text.TimeSinceDayBegin
                0x000000000800029c       0x58 /tmp/Yiff-HL.elf.onDgT1.ltrans0.ltrans.o
 .text.SecondsSinceDayBegin
                0x00000000080002f4       0x20 /tmp/Yiff-HL.elf.onDgT1.ltrans0.ltrans.o
 .text.SubstractSeconds
                0x0000000008000314       0x2e /tmp/Yiff-HL.elf.onDgT1.ltrans0.ltrans.o
 .text.AddTimes
                0x0000000008000342       0x36 /tmp/Yiff-HL.elf.onDgT1.ltrans0.ltrans.o
 .text.CompareTimes
                0x0000000008000378       0x28 /tmp/Yiff-HL.elf.onDgT1.ltrans0.ltrans.o
 .text.MorsePlayerInit
                0x00000000080003a0        0xc /tmp/Yiff-HL.elf.onDgT1.ltrans0.ltrans.o
 .text.CSM_CalculateEndingToneStartTime
                0x00000000080003ac       0x50 /tmp/Yiff-HL.elf.onDgT1.ltrans0.ltrans.o
 .text.FMGL_FontTerminusRegular12Init
                0x00000000080003fc       0x28 /tmp/Yiff-HL.elf.onDgT1.ltrans0.ltrans.o
 .text.FMGL_FontTerminusRegular12GetCharacterWidth
                0x0000000008000424        0x4 /tmp/Yiff-HL.elf.onDgT1.ltrans0.ltrans.o
 .text.FMGL_FontTerminusRegular12GetCharacterRaster
                0x0000000008000428       0x20 /tmp/Yiff-HL.elf.onDgT1.ltrans0.ltrans.o
 .text.FMGL_Priv_IsActiveXBMPixel
                0x0000000008000448       0x40 /tmp/Yiff-HL.elf.onDgT1.ltrans0.ltrans.o
 .text.FMGL_API_GetDisplayHeight
                0x0000000008000488        0x8 /tmp/Yiff-HL.elf.onDgT1.ltrans0.ltrans.o
 .text.FMGL_API_GetDisplayWidth
                0x0000000008000490        0x8 /tmp/Yiff-HL.elf.onDgT1.ltrans0.ltrans.o
 .text.FMGL_API_PushFramebuffer
                0x0000000008000498        0xa /tmp/Yiff-HL.elf.onDgT1.ltrans0.ltrans.o
 .text.FMGL_API_DrawPixel
                0x00000000080004a2       0x16 /tmp/Yiff-HL.elf.onDgT1.ltrans0.ltrans.o
 .text.FMGL_API_DrawLineVertical
                0x00000000080004b8       0x3c /tmp/Yiff-HL.elf.onDgT1.ltrans0.ltrans.o
 .text.FMGL_API_DrawLineHorizontal
                0x00000000080004f4       0x3c /tmp/Yiff-HL.elf.onDgT1.ltrans0.ltrans.o
 .text.FMGL_API_DrawRectangle
                0x0000000008000530       0x8c /tmp/Yiff-HL.elf.onDgT1.ltrans0.ltrans.o
 .text.FMGL_API_GetActiveColor
                0x00000000080005bc       0x20 /tmp/Yiff-HL.elf.onDgT1.ltrans0.ltrans.o
 .text.FMGL_API_SetActiveColor
                0x00000000080005dc       0x1a /tmp/Yiff-HL.elf.onDgT1.ltrans0.ltrans.o
 .text.FMGL_API_DrawRectangleFilled
                0x00000000080005f6      0x114 /tmp/Yiff-HL.elf.onDgT1.ltrans0.ltrans.o
 .text.FMGL_API_FillScreen
                0x000000000800070a       0x40 /tmp/Yiff-HL.elf.onDgT1.ltrans0.ltrans.o
 .text.FMGL_API_ClearScreen
                0x000000000800074a       0x1c /tmp/Yiff-HL.elf.onDgT1.ltrans0.ltrans.o
 .text.FMGL_API_RenderXBM
                0x0000000008000766       0xfa /tmp/Yiff-HL.elf.onDgT1.ltrans0.ltrans.o
 .text.DrawTXStatus
                0x0000000008000860       0x64 /tmp/Yiff-HL.elf.onDgT1.ltrans0.ltrans.o
 .text.FMGL_Priv_RenderCharacter
                0x00000000080008c4       0x68 /tmp/Yiff-HL.elf.onDgT1.ltrans0.ltrans.o
 .text.FMGL_API_AttachToDriver
                0x000000000800092c       0x3c /tmp/Yiff-HL.elf.onDgT1.ltrans0.ltrans.o
 .text.L2HAL_SSD1327_InterruptTransferCompleted
                0x0000000008000968       0x12 /tmp/Yiff-HL.elf.onDgT1.ltrans0.ltrans.o
 .text.L2HAL_SSD1327_GetPixelAddress
                0x000000000800097a       0x2c /tmp/Yiff-HL.elf.onDgT1.ltrans0.ltrans.o
 .text.L2HAL_SSD1327_DrawPixel
                0x00000000080009a6       0x58 /tmp/Yiff-HL.elf.onDgT1.ltrans0.ltrans.o
 .text.L2HAL_SSD1327_GetPixel
                0x00000000080009fe       0x8e /tmp/Yiff-HL.elf.onDgT1.ltrans0.ltrans.o
 .text.L2HAL_SSD1327_WaitForTransferCompletion
                0x0000000008000a8c        0xc /tmp/Yiff-HL.elf.onDgT1.ltrans0.ltrans.o
 .text.L2HAL_SysTick_Callback
                0x0000000008000a98       0x24 /tmp/Yiff-HL.elf.onDgT1.ltrans0.ltrans.o
 .text.HAL_I2C_MemTxCpltCallback
                0x0000000008000abc       0x1c /tmp/Yiff-HL.elf.onDgT1.ltrans0.ltrans.o
 .text._trace_write_semihosting_debug
                0x0000000008000ad8       0x60 /tmp/Yiff-HL.elf.onDgT1.ltrans0.ltrans.o
 .text.trace_write
                0x0000000008000b38        0x8 /tmp/Yiff-HL.elf.onDgT1.ltrans0.ltrans.o
 .text.RTC_WeekDayNum
                0x0000000008000b40       0x9c /tmp/Yiff-HL.elf.onDgT1.ltrans0.ltrans.o
 .text.RTC_IsLeapYear
                0x0000000008000bdc       0x40 /tmp/Yiff-HL.elf.onDgT1.ltrans0.ltrans.o
 .text.RTC_DateUpdate
                0x0000000008000c1c       0xba /tmp/Yiff-HL.elf.onDgT1.ltrans0.ltrans.o
 .text.RTC_Bcd2ToByte
                0x0000000008000cd6       0x12 /tmp/Yiff-HL.elf.onDgT1.ltrans0.ltrans.o
 .text.RTC_ByteToBcd2
                0x0000000008000ce8       0x16 /tmp/Yiff-HL.elf.onDgT1.ltrans0.ltrans.o
 .text.RTC_ReadAlarmCounter
                0x0000000008000cfe        0xe /tmp/Yiff-HL.elf.onDgT1.ltrans0.ltrans.o
 .text.RTC_ReadTimeCounter
                0x0000000008000d0c       0x26 /tmp/Yiff-HL.elf.onDgT1.ltrans0.ltrans.o
 *fill*         0x0000000008000d32        0x2 
 .text.RCC_Delay
                0x0000000008000d34       0x2c /tmp/Yiff-HL.elf.onDgT1.ltrans0.ltrans.o
 .text.HAL_RCC_GetHCLKFreq
                0x0000000008000d60        0xc /tmp/Yiff-HL.elf.onDgT1.ltrans0.ltrans.o
 .text.HAL_RCC_GetPCLK2Freq
                0x0000000008000d6c       0x20 /tmp/Yiff-HL.elf.onDgT1.ltrans0.ltrans.o
 .text.HAL_RCC_GetPCLK1Freq
                0x0000000008000d8c       0x20 /tmp/Yiff-HL.elf.onDgT1.ltrans0.ltrans.o
 .text.HAL_RCC_GetSysClockFreq
                0x0000000008000dac       0x6c /tmp/Yiff-HL.elf.onDgT1.ltrans0.ltrans.o
 .text.HAL_PWR_EnableBkUpAccess
                0x0000000008000e18        0xc /tmp/Yiff-HL.elf.onDgT1.ltrans0.ltrans.o
 .text.I2C_SlaveReceive_BTF
                0x0000000008000e24       0x20 /tmp/Yiff-HL.elf.onDgT1.ltrans0.ltrans.o
 .text.I2C_SlaveTransmit_BTF
                0x0000000008000e44       0x20 /tmp/Yiff-HL.elf.onDgT1.ltrans0.ltrans.o
 .text.I2C_Master_ADDR
                0x0000000008000e64      0x1da /tmp/Yiff-HL.elf.onDgT1.ltrans0.ltrans.o
 .text.I2C_Master_ADD10
                0x000000000800103e        0xc /tmp/Yiff-HL.elf.onDgT1.ltrans0.ltrans.o
 .text.I2C_Master_SB
                0x000000000800104a       0x88 /tmp/Yiff-HL.elf.onDgT1.ltrans0.ltrans.o
 .text.I2C_DMAAbort
                0x00000000080010d2       0x54 /tmp/Yiff-HL.elf.onDgT1.ltrans0.ltrans.o
 .text.I2C_Slave_ADDR
                0x0000000008001126        0xa /tmp/Yiff-HL.elf.onDgT1.ltrans0.ltrans.o
 .text.I2C_SlaveReceive_RXNE
                0x0000000008001130       0x4e /tmp/Yiff-HL.elf.onDgT1.ltrans0.ltrans.o
 *fill*         0x000000000800117e        0x2 
 .text.I2C_Slave_AF
                0x0000000008001180       0x8c /tmp/Yiff-HL.elf.onDgT1.ltrans0.ltrans.o
 .text.I2C_SlaveTransmit_TXE
                0x000000000800120c       0x46 /tmp/Yiff-HL.elf.onDgT1.ltrans0.ltrans.o
 .text.I2C_MasterReceive_BTF
                0x0000000008001252       0xf4 /tmp/Yiff-HL.elf.onDgT1.ltrans0.ltrans.o
 .text.I2C_MasterReceive_RXNE
                0x0000000008001346       0xc6 /tmp/Yiff-HL.elf.onDgT1.ltrans0.ltrans.o
 .text.I2C_MasterTransmit_BTF
                0x000000000800140c       0x96 /tmp/Yiff-HL.elf.onDgT1.ltrans0.ltrans.o
 .text.I2C_MasterTransmit_TXE
                0x00000000080014a2      0x142 /tmp/Yiff-HL.elf.onDgT1.ltrans0.ltrans.o
 .text.HAL_DMA_Abort_IT
                0x00000000080015e4       0x98 /tmp/Yiff-HL.elf.onDgT1.ltrans0.ltrans.o
 .text.I2C_ITError
                0x000000000800167c      0x138 /tmp/Yiff-HL.elf.onDgT1.ltrans0.ltrans.o
 .text.I2C_Slave_STOPF
                0x00000000080017b4       0xfc /tmp/Yiff-HL.elf.onDgT1.ltrans0.ltrans.o
 .text.HAL_I2C_EV_IRQHandler
                0x00000000080018b0      0x168 /tmp/Yiff-HL.elf.onDgT1.ltrans0.ltrans.o
 .text.HAL_I2C_ER_IRQHandler
                0x0000000008001a18       0xdc /tmp/Yiff-HL.elf.onDgT1.ltrans0.ltrans.o
 .text.HAL_SYSTICK_Config
                0x0000000008001af4       0x2c /tmp/Yiff-HL.elf.onDgT1.ltrans0.ltrans.o
 .text.HAL_GetTick
                0x0000000008001b20        0xc /tmp/Yiff-HL.elf.onDgT1.ltrans0.ltrans.o
 .text.RTC_ExitInitMode
                0x0000000008001b2c       0x32 /tmp/Yiff-HL.elf.onDgT1.ltrans0.ltrans.o
 .text.RTC_EnterInitMode
                0x0000000008001b5e       0x30 /tmp/Yiff-HL.elf.onDgT1.ltrans0.ltrans.o
 .text.RTC_WriteAlarmCounter
                0x0000000008001b8e       0x2a /tmp/Yiff-HL.elf.onDgT1.ltrans0.ltrans.o
 .text.RTC_WriteTimeCounter
                0x0000000008001bb8       0x2a /tmp/Yiff-HL.elf.onDgT1.ltrans0.ltrans.o
 .text.HAL_RTC_WaitForSynchro
                0x0000000008001be2       0x38 /tmp/Yiff-HL.elf.onDgT1.ltrans0.ltrans.o
 .text.I2C_WaitOnFlagUntilTimeout
                0x0000000008001c1a       0x6c /tmp/Yiff-HL.elf.onDgT1.ltrans0.ltrans.o
 *fill*         0x0000000008001c86        0x2 
 .text.HAL_I2C_IsDeviceReady
                0x0000000008001c88      0x194 /tmp/Yiff-HL.elf.onDgT1.ltrans0.ltrans.o
 .text.L2HAL_SSD1327_DetectDisplayAtAddress
                0x0000000008001e1c       0x2e /tmp/Yiff-HL.elf.onDgT1.ltrans0.ltrans.o
 .text.L2HAL_SSD1327_DetectDisplay
                0x0000000008001e4a       0x3e /tmp/Yiff-HL.elf.onDgT1.ltrans0.ltrans.o
 .text.HAL_Delay
                0x0000000008001e88       0x1e /tmp/Yiff-HL.elf.onDgT1.ltrans0.ltrans.o
 *fill*         0x0000000008001ea6        0x2 
 .text.HAL_IncTick
                0x0000000008001ea8       0x10 /tmp/Yiff-HL.elf.onDgT1.ltrans0.ltrans.o
 .text.TimeToHMS
                0x0000000008001eb8       0x24 /tmp/Yiff-HL.elf.onDgT1.ltrans0.ltrans.o
 .text.DrawBattery
                0x0000000008001edc       0xdc /tmp/Yiff-HL.elf.onDgT1.ltrans0.ltrans.o
 .text.L2HAL_SysTick_Init
                0x0000000008001fb8       0x14 /tmp/Yiff-HL.elf.onDgT1.ltrans0.ltrans.o
 .text.trace_puts
                0x0000000008001fcc       0x20 /tmp/Yiff-HL.elf.onDgT1.ltrans0.ltrans.o
 .text.AUX_Str_Substring
                0x0000000008001fec       0x20 /tmp/Yiff-HL.elf.onDgT1.ltrans0.ltrans.o
 .text.AUX_Mem_SafeFree
                0x000000000800200c        0x8 /tmp/Yiff-HL.elf.onDgT1.ltrans0.ltrans.o
 .text.trace_printf
                0x0000000008002014       0x34 /tmp/Yiff-HL.elf.onDgT1.ltrans0.ltrans.o
 .text.SysTick_Handler
                0x0000000008002048        0xc /tmp/Yiff-HL.elf.onDgT1.ltrans0.ltrans.o
                0x0000000008002048                SysTick_Handler
 .text.PendSV_Handler
                0x0000000008002054        0x2 /tmp/Yiff-HL.elf.onDgT1.ltrans0.ltrans.o
                0x0000000008002054                PendSV_Handler
 .text.DebugMon_Handler
                0x0000000008002056        0x2 /tmp/Yiff-HL.elf.onDgT1.ltrans0.ltrans.o
                0x0000000008002056                DebugMon_Handler
 .text.SVC_Handler
                0x0000000008002058        0x2 /tmp/Yiff-HL.elf.onDgT1.ltrans0.ltrans.o
                0x0000000008002058                SVC_Handler
 .text.UsageFault_Handler
                0x000000000800205a        0x2 /tmp/Yiff-HL.elf.onDgT1.ltrans0.ltrans.o
                0x000000000800205a                UsageFault_Handler
 .text.BusFault_Handler
                0x000000000800205c        0x2 /tmp/Yiff-HL.elf.onDgT1.ltrans0.ltrans.o
                0x000000000800205c                BusFault_Handler
 .text.MemManage_Handler
                0x000000000800205e        0x2 /tmp/Yiff-HL.elf.onDgT1.ltrans0.ltrans.o
                0x000000000800205e                MemManage_Handler
 .text.HardFault_Handler
                0x0000000008002060        0x2 /tmp/Yiff-HL.elf.onDgT1.ltrans0.ltrans.o
                0x0000000008002060                HardFault_Handler
 .text.NMI_Handler
                0x0000000008002062        0x2 /tmp/Yiff-HL.elf.onDgT1.ltrans0.ltrans.o
                0x0000000008002062                NMI_Handler
 .text.I2C2_ER_IRQHandler
                0x0000000008002064       0x10 /tmp/Yiff-HL.elf.onDgT1.ltrans0.ltrans.o
                0x0000000008002064                I2C2_ER_IRQHandler
 .text.I2C2_EV_IRQHandler
                0x0000000008002074       0x10 /tmp/Yiff-HL.elf.onDgT1.ltrans0.ltrans.o
                0x0000000008002074                I2C2_EV_IRQHandler
 .text.I2C1_ER_IRQHandler
                0x0000000008002084       0x10 /tmp/Yiff-HL.elf.onDgT1.ltrans0.ltrans.o
                0x0000000008002084                I2C1_ER_IRQHandler
 .text.I2C1_EV_IRQHandler
                0x0000000008002094       0x10 /tmp/Yiff-HL.elf.onDgT1.ltrans0.ltrans.o
                0x0000000008002094                I2C1_EV_IRQHandler
 .text.SystemInit
                0x00000000080020a4       0x4c /tmp/Yiff-HL.elf.onDgT1.ltrans0.ltrans.o
                0x00000000080020a4                SystemInit
 .text._exit    0x00000000080020f0       0x20 /tmp/Yiff-HL.elf.onDgT1.ltrans0.ltrans.o
                0x00000000080020f0                _exit
 .text._sbrk    0x0000000008002110       0x44 /tmp/Yiff-HL.elf.onDgT1.ltrans0.ltrans.o
                0x0000000008002110                _sbrk
 .text.abort    0x0000000008002154       0x14 /tmp/Yiff-HL.elf.onDgT1.ltrans0.ltrans.o
                0x0000000008002154                abort
 .text.assert_failed
                0x0000000008002168       0x14 /tmp/Yiff-HL.elf.onDgT1.ltrans0.ltrans.o
 .text.HAL_RTC_SetDate
                0x000000000800217c      0x168 /tmp/Yiff-HL.elf.onDgT1.ltrans0.ltrans.o
 .text.HAL_RTC_GetTime
                0x00000000080022e4      0x124 /tmp/Yiff-HL.elf.onDgT1.ltrans0.ltrans.o
 .text.HAL_RTC_GetDate
                0x0000000008002408       0x7c /tmp/Yiff-HL.elf.onDgT1.ltrans0.ltrans.o
 .text.HAL_RTC_SetTime
                0x0000000008002484      0x158 /tmp/Yiff-HL.elf.onDgT1.ltrans0.ltrans.o
 .text.HAL_RCCEx_GetPeriphCLKFreq
                0x00000000080025dc      0x108 /tmp/Yiff-HL.elf.onDgT1.ltrans0.ltrans.o
 .text.HAL_RCCEx_PeriphCLKConfig
                0x00000000080026e4      0x180 /tmp/Yiff-HL.elf.onDgT1.ltrans0.ltrans.o
 .text.HAL_RCC_OscConfig
                0x0000000008002864      0x524 /tmp/Yiff-HL.elf.onDgT1.ltrans0.ltrans.o
 .text.HAL_I2C_Mem_Write_IT
                0x0000000008002d88       0xfc /tmp/Yiff-HL.elf.onDgT1.ltrans0.ltrans.o
 .text.HAL_GPIO_WritePin
                0x0000000008002e84       0x38 /tmp/Yiff-HL.elf.onDgT1.ltrans0.ltrans.o
 .text.HAL_SwitchManipulator
                0x0000000008002ebc       0x2c /tmp/Yiff-HL.elf.onDgT1.ltrans0.ltrans.o
 .text.ProcessManipulatorFoxStateChange
                0x0000000008002ee8       0x24 /tmp/Yiff-HL.elf.onDgT1.ltrans0.ltrans.o
 .text.MorsePlayerStop
                0x0000000008002f0c       0x1c /tmp/Yiff-HL.elf.onDgT1.ltrans0.ltrans.o
 .text.CSM_Stop
                0x0000000008002f28       0x14 /tmp/Yiff-HL.elf.onDgT1.ltrans0.ltrans.o
 .text.HAL_GPIO_Init
                0x0000000008002f3c      0x3c8 /tmp/Yiff-HL.elf.onDgT1.ltrans0.ltrans.o
 .text.HAL_IntiHardware
                0x0000000008003304       0x3c /tmp/Yiff-HL.elf.onDgT1.ltrans0.ltrans.o
 .text.L2HAL_Error
                0x0000000008003340       0x48 /tmp/Yiff-HL.elf.onDgT1.ltrans0.ltrans.o
 .text.TimeToMS
                0x0000000008003388       0x2c /tmp/Yiff-HL.elf.onDgT1.ltrans0.ltrans.o
 .text.RTC_AddListener
                0x00000000080033b4       0x40 /tmp/Yiff-HL.elf.onDgT1.ltrans0.ltrans.o
 .text.RTC_Poll
                0x00000000080033f4       0x70 /tmp/Yiff-HL.elf.onDgT1.ltrans0.ltrans.o
 .text.HAL_RTC_MspInit
                0x0000000008003464       0x64 /tmp/Yiff-HL.elf.onDgT1.ltrans0.ltrans.o
 .text.HAL_RTC_Init
                0x00000000080034c8      0x10c /tmp/Yiff-HL.elf.onDgT1.ltrans0.ltrans.o
 .text.InitRTC  0x00000000080035d4       0x84 /tmp/Yiff-HL.elf.onDgT1.ltrans0.ltrans.o
 .text.MorseGetFoxSequence
                0x0000000008003658       0x5c /tmp/Yiff-HL.elf.onDgT1.ltrans0.ltrans.o
 .text.MorseGetInterval
                0x00000000080036b4       0x3c /tmp/Yiff-HL.elf.onDgT1.ltrans0.ltrans.o
 .text.MorseTickMs
                0x00000000080036f0       0x98 /tmp/Yiff-HL.elf.onDgT1.ltrans0.ltrans.o
 .text.MorsePlayerPlay
                0x0000000008003788       0x2c /tmp/Yiff-HL.elf.onDgT1.ltrans0.ltrans.o
 .text.CSM_Start
                0x00000000080037b4       0x78 /tmp/Yiff-HL.elf.onDgT1.ltrans0.ltrans.o
 .text.GSM_Tick
                0x000000000800382c       0x90 /tmp/Yiff-HL.elf.onDgT1.ltrans0.ltrans.o
 .text.GSM_Program
                0x00000000080038bc       0x90 /tmp/Yiff-HL.elf.onDgT1.ltrans0.ltrans.o
 .text.CSM_Tick
                0x000000000800394c      0x11c /tmp/Yiff-HL.elf.onDgT1.ltrans0.ltrans.o
 .text.FMGL_API_RenderOneLineDumb
                0x0000000008003a68       0x84 /tmp/Yiff-HL.elf.onDgT1.ltrans0.ltrans.o
 .text.FMGL_Priv_RenderSubstring
                0x0000000008003aec       0x5e /tmp/Yiff-HL.elf.onDgT1.ltrans0.ltrans.o
 .text.FMGL_API_RenderTextWithLineBreaks
                0x0000000008003b4a       0xb6 /tmp/Yiff-HL.elf.onDgT1.ltrans0.ltrans.o
 .text.DrawFoxPower
                0x0000000008003c00       0xac /tmp/Yiff-HL.elf.onDgT1.ltrans0.ltrans.o
 .text.DrawGlobalState
                0x0000000008003cac      0x110 /tmp/Yiff-HL.elf.onDgT1.ltrans0.ltrans.o
 .text.DrawFoxCycleState
                0x0000000008003dbc      0x15c /tmp/Yiff-HL.elf.onDgT1.ltrans0.ltrans.o
 .text.DrawEndingTone
                0x0000000008003f18       0xa0 /tmp/Yiff-HL.elf.onDgT1.ltrans0.ltrans.o
 .text.DrawFoxCycle
                0x0000000008003fb8       0xbc /tmp/Yiff-HL.elf.onDgT1.ltrans0.ltrans.o
 .text.DrawFoxCode
                0x0000000008004074      0x1d0 /tmp/Yiff-HL.elf.onDgT1.ltrans0.ltrans.o
 .text.DrawFoxFrequency
                0x0000000008004244       0x58 /tmp/Yiff-HL.elf.onDgT1.ltrans0.ltrans.o
 .text.DrawFoxName
                0x000000000800429c       0x94 /tmp/Yiff-HL.elf.onDgT1.ltrans0.ltrans.o
 .text.DrawCurrentTime
                0x0000000008004330       0x60 /tmp/Yiff-HL.elf.onDgT1.ltrans0.ltrans.o
 .text.DrawButton
                0x0000000008004390      0x130 /tmp/Yiff-HL.elf.onDgT1.ltrans0.ltrans.o
 .text.DrawButtons
                0x00000000080044c0       0x48 /tmp/Yiff-HL.elf.onDgT1.ltrans0.ltrans.o
 .text.DrawStatusDisplay
                0x0000000008004508      0x114 /tmp/Yiff-HL.elf.onDgT1.ltrans0.ltrans.o
 .text.NewSecondCallback
                0x000000000800461c       0x4c /tmp/Yiff-HL.elf.onDgT1.ltrans0.ltrans.o
 .text.L2HAL_SSD1327_CheckIfFound
                0x0000000008004668       0x10 /tmp/Yiff-HL.elf.onDgT1.ltrans0.ltrans.o
 .text.L2HAL_SSD1327_WriteData
                0x0000000008004678       0x40 /tmp/Yiff-HL.elf.onDgT1.ltrans0.ltrans.o
 .text.L2HAL_SSD1327_WriteCommand
                0x00000000080046b8       0x44 /tmp/Yiff-HL.elf.onDgT1.ltrans0.ltrans.o
 .text.L2HAL_SSD1327_SetRemap
                0x00000000080046fc       0x3c /tmp/Yiff-HL.elf.onDgT1.ltrans0.ltrans.o
 .text.L2HAL_SSD1327_SetRowAddresses
                0x0000000008004738       0x32 /tmp/Yiff-HL.elf.onDgT1.ltrans0.ltrans.o
 .text.L2HAL_SSD1327_SetVerticalOffset
                0x000000000800476a       0x22 /tmp/Yiff-HL.elf.onDgT1.ltrans0.ltrans.o
 .text.L2HAL_SSD1327_SetStartLine
                0x000000000800478c       0x22 /tmp/Yiff-HL.elf.onDgT1.ltrans0.ltrans.o
 .text.L2HAL_SSD1327_SetDisplayMode
                0x00000000080047ae       0x28 /tmp/Yiff-HL.elf.onDgT1.ltrans0.ltrans.o
 .text.L2HAL_SSD1327_SetMUXRatio
                0x00000000080047d6       0x28 /tmp/Yiff-HL.elf.onDgT1.ltrans0.ltrans.o
 .text.L2HAL_SSD1327_SetVCOMH
                0x00000000080047fe       0x20 /tmp/Yiff-HL.elf.onDgT1.ltrans0.ltrans.o
 .text.L2HAL_SSD1327_SetSecondPrechargePeriod
                0x000000000800481e       0x24 /tmp/Yiff-HL.elf.onDgT1.ltrans0.ltrans.o
 .text.L2HAL_SSD1327_SetFunctionB
                0x0000000008004842       0x24 /tmp/Yiff-HL.elf.onDgT1.ltrans0.ltrans.o
 .text.L2HAL_SSD1327_SetPrechargeVoltage
                0x0000000008004866       0x20 /tmp/Yiff-HL.elf.onDgT1.ltrans0.ltrans.o
 .text.L2HAL_SSD1327_SetRegulator
                0x0000000008004886       0x22 /tmp/Yiff-HL.elf.onDgT1.ltrans0.ltrans.o
 .text.L2HAL_SSD1327_SetDClockFosc
                0x00000000080048a8       0x2e /tmp/Yiff-HL.elf.onDgT1.ltrans0.ltrans.o
 .text.L2HAL_SSD1327_SetPhasesLenghts
                0x00000000080048d6       0x32 /tmp/Yiff-HL.elf.onDgT1.ltrans0.ltrans.o
 .text.L2HAL_SSD1327_LoadDefaultGrayscaleTable
                0x0000000008004908        0xa /tmp/Yiff-HL.elf.onDgT1.ltrans0.ltrans.o
 .text.L2HAL_SSD1327_SetColumnAddress
                0x0000000008004912       0x2e /tmp/Yiff-HL.elf.onDgT1.ltrans0.ltrans.o
 .text.L2HAL_SSD1327_PushFramebuffer
                0x0000000008004940       0x26 /tmp/Yiff-HL.elf.onDgT1.ltrans0.ltrans.o
 .text.L2HAL_SSD1327_SetBrightness
                0x0000000008004966       0x16 /tmp/Yiff-HL.elf.onDgT1.ltrans0.ltrans.o
 .text.L2HAL_SSD1327_TurnOff
                0x000000000800497c        0xa /tmp/Yiff-HL.elf.onDgT1.ltrans0.ltrans.o
 .text.L2HAL_SSD1327_TurnOn
                0x0000000008004986        0xa /tmp/Yiff-HL.elf.onDgT1.ltrans0.ltrans.o
 .text.L2HAL_SSD1327_InitDisplay
                0x0000000008004990       0xbe /tmp/Yiff-HL.elf.onDgT1.ltrans0.ltrans.o
 *fill*         0x0000000008004a4e        0x2 
 .text.L2HAL_SysTick_RegisterHandler
                0x0000000008004a50       0x30 /tmp/Yiff-HL.elf.onDgT1.ltrans0.ltrans.o
 .text.HAL_NVIC_EnableIRQ
                0x0000000008004a80       0x2c /tmp/Yiff-HL.elf.onDgT1.ltrans0.ltrans.o
 .text.HAL_NVIC_SetPriority
                0x0000000008004aac       0x8c /tmp/Yiff-HL.elf.onDgT1.ltrans0.ltrans.o
 .text.HAL_I2C_MspInit
                0x0000000008004b38       0xc4 /tmp/Yiff-HL.elf.onDgT1.ltrans0.ltrans.o
 .text.HAL_I2C_Init
                0x0000000008004bfc      0x23c /tmp/Yiff-HL.elf.onDgT1.ltrans0.ltrans.o
 .text.L2HAL_SetupI2C
                0x0000000008004e38       0xa0 /tmp/Yiff-HL.elf.onDgT1.ltrans0.ltrans.o
 .text.L2HAL_InitCustomHardware
                0x0000000008004ed8        0x8 /tmp/Yiff-HL.elf.onDgT1.ltrans0.ltrans.o
 .text.HAL_InitTick
                0x0000000008004ee0       0x3c /tmp/Yiff-HL.elf.onDgT1.ltrans0.ltrans.o
 .text.HAL_RCC_ClockConfig
                0x0000000008004f1c      0x244 /tmp/Yiff-HL.elf.onDgT1.ltrans0.ltrans.o
 .text.L2HAL_SetupClocks
                0x0000000008005160       0x5c /tmp/Yiff-HL.elf.onDgT1.ltrans0.ltrans.o
 .text.L2HAL_Init
                0x00000000080051bc       0x10 /tmp/Yiff-HL.elf.onDgT1.ltrans0.ltrans.o
 .text.main     0x00000000080051cc      0x264 /tmp/Yiff-HL.elf.onDgT1.ltrans0.ltrans.o
                0x00000000080051cc                main
 .text.__assert_func
                0x0000000008005430       0x38 /tmp/Yiff-HL.elf.onDgT1.ltrans0.ltrans.o
                0x0000000008005430                __assert_func
 .text.Reset_Handler
                0x0000000008005468       0x48 ./system/src/cmsis/startup_stm32f103xb.o
                0x0000000008005468                Reset_Handler
 .text.Default_Handler
                0x00000000080054b0        0x2 ./system/src/cmsis/startup_stm32f103xb.o
                0x00000000080054b0                RTC_Alarm_IRQHandler
                0x00000000080054b0                EXTI2_IRQHandler
                0x00000000080054b0                TIM1_CC_IRQHandler
                0x00000000080054b0                PVD_IRQHandler
                0x00000000080054b0                EXTI3_IRQHandler
                0x00000000080054b0                EXTI0_IRQHandler
                0x00000000080054b0                ADC1_2_IRQHandler
                0x00000000080054b0                SPI1_IRQHandler
                0x00000000080054b0                TAMPER_IRQHandler
                0x00000000080054b0                DMA1_Channel4_IRQHandler
                0x00000000080054b0                USART3_IRQHandler
                0x00000000080054b0                RTC_IRQHandler
                0x00000000080054b0                DMA1_Channel7_IRQHandler
                0x00000000080054b0                CAN1_RX1_IRQHandler
                0x00000000080054b0                TIM4_IRQHandler
                0x00000000080054b0                DMA1_Channel6_IRQHandler
                0x00000000080054b0                TIM3_IRQHandler
                0x00000000080054b0                RCC_IRQHandler
                0x00000000080054b0                TIM1_TRG_COM_IRQHandler
                0x00000000080054b0                DMA1_Channel1_IRQHandler
                0x00000000080054b0                Default_Handler
                0x00000000080054b0                EXTI15_10_IRQHandler
                0x00000000080054b0                EXTI9_5_IRQHandler
                0x00000000080054b0                SPI2_IRQHandler
                0x00000000080054b0                DMA1_Channel5_IRQHandler
                0x00000000080054b0                EXTI4_IRQHandler
                0x00000000080054b0                USB_LP_CAN1_RX0_IRQHandler
                0x00000000080054b0                USB_HP_CAN1_TX_IRQHandler
                0x00000000080054b0                DMA1_Channel3_IRQHandler
                0x00000000080054b0                TIM1_UP_IRQHandler
                0x00000000080054b0                WWDG_IRQHandler
                0x00000000080054b0                TIM2_IRQHandler
                0x00000000080054b0                TIM1_BRK_IRQHandler
                0x00000000080054b0                EXTI1_IRQHandler
                0x00000000080054b0                USART2_IRQHandler
                0x00000000080054b0                DMA1_Channel2_IRQHandler
                0x00000000080054b0                CAN1_SCE_IRQHandler
                0x00000000080054b0                FLASH_IRQHandler
                0x00000000080054b0                USART1_IRQHandler
                0x00000000080054b0                USBWakeUp_IRQHandler
 *fill*         0x00000000080054b2        0x6 
 .text.floor    0x00000000080054b8       0xf8 /home/fossa/opt/xPacks/@xpack-dev-tools/arm-none-eabi-gcc/9.3.1-1.4.1/.content/bin/../lib/gcc/arm-none-eabi/9.3.1/../../../../arm-none-eabi/lib/thumb/v7-m/nofp/libm.a(lib_a-s_floor.o)
                0x00000000080054b8                floor
 .text          0x00000000080055b0      0x378 /home/fossa/opt/xPacks/@xpack-dev-tools/arm-none-eabi-gcc/9.3.1-1.4.1/.content/bin/../lib/gcc/arm-none-eabi/9.3.1/thumb/v7-m/nofp/libgcc.a(_arm_addsubdf3.o)
                0x00000000080055b0                __aeabi_drsub
                0x00000000080055b8                __aeabi_dsub
                0x00000000080055b8                __subdf3
                0x00000000080055bc                __adddf3
                0x00000000080055bc                __aeabi_dadd
                0x0000000008005834                __aeabi_ui2d
                0x0000000008005834                __floatunsidf
                0x0000000008005854                __floatsidf
                0x0000000008005854                __aeabi_i2d
                0x0000000008005878                __extendsfdf2
                0x0000000008005878                __aeabi_f2d
                0x00000000080058bc                __aeabi_ul2d
                0x00000000080058bc                __floatundidf
                0x00000000080058cc                __floatdidf
                0x00000000080058cc                __aeabi_l2d
 .text          0x0000000008005928      0x110 /home/fossa/opt/xPacks/@xpack-dev-tools/arm-none-eabi-gcc/9.3.1-1.4.1/.content/bin/../lib/gcc/arm-none-eabi/9.3.1/thumb/v7-m/nofp/libgcc.a(_arm_cmpdf2.o)
                0x0000000008005928                __gtdf2
                0x0000000008005928                __gedf2
                0x0000000008005930                __ltdf2
                0x0000000008005930                __ledf2
                0x0000000008005938                __cmpdf2
                0x0000000008005938                __eqdf2
                0x0000000008005938                __nedf2
                0x00000000080059b4                __aeabi_cdrcmple
                0x00000000080059c4                __aeabi_cdcmple
                0x00000000080059c4                __aeabi_cdcmpeq
                0x00000000080059d4                __aeabi_dcmpeq
                0x00000000080059e8                __aeabi_dcmplt
                0x00000000080059fc                __aeabi_dcmple
                0x0000000008005a10                __aeabi_dcmpge
                0x0000000008005a24                __aeabi_dcmpgt
 .text          0x0000000008005a38       0x40 /home/fossa/opt/xPacks/@xpack-dev-tools/arm-none-eabi-gcc/9.3.1-1.4.1/.content/bin/../lib/gcc/arm-none-eabi/9.3.1/thumb/v7-m/nofp/libgcc.a(_arm_fixunsdfsi.o)
                0x0000000008005a38                __fixunsdfsi
                0x0000000008005a38                __aeabi_d2uiz
 .text          0x0000000008005a78      0x21c /home/fossa/opt/xPacks/@xpack-dev-tools/arm-none-eabi-gcc/9.3.1-1.4.1/.content/bin/../lib/gcc/arm-none-eabi/9.3.1/thumb/v7-m/nofp/libgcc.a(_arm_addsubsf3.o)
                0x0000000008005a78                __aeabi_frsub
                0x0000000008005a80                __subsf3
                0x0000000008005a80                __aeabi_fsub
                0x0000000008005a84                __aeabi_fadd
                0x0000000008005a84                __addsf3
                0x0000000008005be4                __aeabi_ui2f
                0x0000000008005be4                __floatunsisf
                0x0000000008005bec                __aeabi_i2f
                0x0000000008005bec                __floatsisf
                0x0000000008005c08                __floatundisf
                0x0000000008005c08                __aeabi_ul2f
                0x0000000008005c18                __floatdisf
                0x0000000008005c18                __aeabi_l2f
 .text          0x0000000008005c94      0x2a0 /home/fossa/opt/xPacks/@xpack-dev-tools/arm-none-eabi-gcc/9.3.1-1.4.1/.content/bin/../lib/gcc/arm-none-eabi/9.3.1/thumb/v7-m/nofp/libgcc.a(_arm_muldivsf3.o)
                0x0000000008005c94                __mulsf3
                0x0000000008005c94                __aeabi_fmul
                0x0000000008005dfc                __divsf3
                0x0000000008005dfc                __aeabi_fdiv
 .text          0x0000000008005f34       0xec /home/fossa/opt/xPacks/@xpack-dev-tools/arm-none-eabi-gcc/9.3.1-1.4.1/.content/bin/../lib/gcc/arm-none-eabi/9.3.1/thumb/v7-m/nofp/libgcc.a(_arm_cmpsf2.o)
                0x0000000008005f34                __gtsf2
                0x0000000008005f34                __gesf2
                0x0000000008005f3c                __lesf2
                0x0000000008005f3c                __ltsf2
                0x0000000008005f44                __nesf2
                0x0000000008005f44                __eqsf2
                0x0000000008005f44                __cmpsf2
                0x0000000008005fa4                __aeabi_cfrcmple
                0x0000000008005fac                __aeabi_cfcmple
                0x0000000008005fac                __aeabi_cfcmpeq
                0x0000000008005fbc                __aeabi_fcmpeq
                0x0000000008005fd0                __aeabi_fcmplt
                0x0000000008005fe4                __aeabi_fcmple
                0x0000000008005ff8                __aeabi_fcmpge
                0x000000000800600c                __aeabi_fcmpgt
 .text.__errno  0x0000000008006020        0xc /home/fossa/opt/xPacks/@xpack-dev-tools/arm-none-eabi-gcc/9.3.1-1.4.1/.content/bin/../lib/gcc/arm-none-eabi/9.3.1/../../../../arm-none-eabi/lib/thumb/v7-m/nofp/libg_nano.a(lib_a-errno.o)
                0x0000000008006020                __errno
 .text.exit     0x000000000800602c       0x28 /home/fossa/opt/xPacks/@xpack-dev-tools/arm-none-eabi-gcc/9.3.1-1.4.1/.content/bin/../lib/gcc/arm-none-eabi/9.3.1/../../../../arm-none-eabi/lib/thumb/v7-m/nofp/libg_nano.a(lib_a-exit.o)
                0x000000000800602c                exit
 .text.__libc_init_array
                0x0000000008006054       0x48 /home/fossa/opt/xPacks/@xpack-dev-tools/arm-none-eabi-gcc/9.3.1-1.4.1/.content/bin/../lib/gcc/arm-none-eabi/9.3.1/../../../../arm-none-eabi/lib/thumb/v7-m/nofp/libg_nano.a(lib_a-init.o)
                0x0000000008006054                __libc_init_array
 .text.__retarget_lock_acquire_recursive
                0x000000000800609c        0x2 /home/fossa/opt/xPacks/@xpack-dev-tools/arm-none-eabi-gcc/9.3.1-1.4.1/.content/bin/../lib/gcc/arm-none-eabi/9.3.1/../../../../arm-none-eabi/lib/thumb/v7-m/nofp/libg_nano.a(lib_a-lock.o)
                0x000000000800609c                __retarget_lock_acquire_recursive
 .text.__retarget_lock_release_recursive
                0x000000000800609e        0x2 /home/fossa/opt/xPacks/@xpack-dev-tools/arm-none-eabi-gcc/9.3.1-1.4.1/.content/bin/../lib/gcc/arm-none-eabi/9.3.1/../../../../arm-none-eabi/lib/thumb/v7-m/nofp/libg_nano.a(lib_a-lock.o)
                0x000000000800609e                __retarget_lock_release_recursive
 .text.memset   0x00000000080060a0       0x10 /home/fossa/opt/xPacks/@xpack-dev-tools/arm-none-eabi-gcc/9.3.1-1.4.1/.content/bin/../lib/gcc/arm-none-eabi/9.3.1/../../../../arm-none-eabi/lib/thumb/v7-m/nofp/libg_nano.a(lib_a-memset.o)
                0x00000000080060a0                memset
 .text._malloc_r
                0x00000000080060b0       0xb4 /home/fossa/opt/xPacks/@xpack-dev-tools/arm-none-eabi-gcc/9.3.1-1.4.1/.content/bin/../lib/gcc/arm-none-eabi/9.3.1/../../../../arm-none-eabi/lib/thumb/v7-m/nofp/libg_nano.a(lib_a-nano-mallocr.o)
                0x00000000080060b0                _malloc_r
 .text.__cvt    0x0000000008006164       0xbe /home/fossa/opt/xPacks/@xpack-dev-tools/arm-none-eabi-gcc/9.3.1-1.4.1/.content/bin/../lib/gcc/arm-none-eabi/9.3.1/../../../../arm-none-eabi/lib/thumb/v7-m/nofp/libg_nano.a(lib_a-nano-vfprintf_float.o)
                0x0000000008006164                __cvt
 .text.__exponent
                0x0000000008006222       0x7c /home/fossa/opt/xPacks/@xpack-dev-tools/arm-none-eabi-gcc/9.3.1-1.4.1/.content/bin/../lib/gcc/arm-none-eabi/9.3.1/../../../../arm-none-eabi/lib/thumb/v7-m/nofp/libg_nano.a(lib_a-nano-vfprintf_float.o)
                0x0000000008006222                __exponent
 *fill*         0x000000000800629e        0x2 
 .text._printf_float
                0x00000000080062a0      0x458 /home/fossa/opt/xPacks/@xpack-dev-tools/arm-none-eabi-gcc/9.3.1-1.4.1/.content/bin/../lib/gcc/arm-none-eabi/9.3.1/../../../../arm-none-eabi/lib/thumb/v7-m/nofp/libg_nano.a(lib_a-nano-vfprintf_float.o)
                0x00000000080062a0                _printf_float
 .text._printf_common
                0x00000000080066f8       0xde /home/fossa/opt/xPacks/@xpack-dev-tools/arm-none-eabi-gcc/9.3.1-1.4.1/.content/bin/../lib/gcc/arm-none-eabi/9.3.1/../../../../arm-none-eabi/lib/thumb/v7-m/nofp/libg_nano.a(lib_a-nano-vfprintf_i.o)
                0x00000000080066f8                _printf_common
 *fill*         0x00000000080067d6        0x2 
 .text._printf_i
                0x00000000080067d8      0x24c /home/fossa/opt/xPacks/@xpack-dev-tools/arm-none-eabi-gcc/9.3.1-1.4.1/.content/bin/../lib/gcc/arm-none-eabi/9.3.1/../../../../arm-none-eabi/lib/thumb/v7-m/nofp/libg_nano.a(lib_a-nano-vfprintf_i.o)
                0x00000000080067d8                _printf_i
 .text._sbrk_r  0x0000000008006a24       0x20 /home/fossa/opt/xPacks/@xpack-dev-tools/arm-none-eabi-gcc/9.3.1-1.4.1/.content/bin/../lib/gcc/arm-none-eabi/9.3.1/../../../../arm-none-eabi/lib/thumb/v7-m/nofp/libg_nano.a(lib_a-sbrkr.o)
                0x0000000008006a24                _sbrk_r
 .text          0x0000000008006a44       0x10 /home/fossa/opt/xPacks/@xpack-dev-tools/arm-none-eabi-gcc/9.3.1-1.4.1/.content/bin/../lib/gcc/arm-none-eabi/9.3.1/../../../../arm-none-eabi/lib/thumb/v7-m/nofp/libg_nano.a(lib_a-strlen.o)
                0x0000000008006a44                strlen
 .text.quorem   0x0000000008006a54      0x11a /home/fossa/opt/xPacks/@xpack-dev-tools/arm-none-eabi-gcc/9.3.1-1.4.1/.content/bin/../lib/gcc/arm-none-eabi/9.3.1/../../../../arm-none-eabi/lib/thumb/v7-m/nofp/libg_nano.a(lib_a-dtoa.o)
 *fill*         0x0000000008006b6e        0x2 
 .text._dtoa_r  0x0000000008006b70      0xbdc /home/fossa/opt/xPacks/@xpack-dev-tools/arm-none-eabi-gcc/9.3.1-1.4.1/.content/bin/../lib/gcc/arm-none-eabi/9.3.1/../../../../arm-none-eabi/lib/thumb/v7-m/nofp/libg_nano.a(lib_a-dtoa.o)
                0x0000000008006b70                _dtoa_r
 .text._localeconv_r
                0x000000000800774c        0x8 /home/fossa/opt/xPacks/@xpack-dev-tools/arm-none-eabi-gcc/9.3.1-1.4.1/.content/bin/../lib/gcc/arm-none-eabi/9.3.1/../../../../arm-none-eabi/lib/thumb/v7-m/nofp/libg_nano.a(lib_a-localeconv.o)
                0x000000000800774c                _localeconv_r
 .text.malloc   0x0000000008007754       0x10 /home/fossa/opt/xPacks/@xpack-dev-tools/arm-none-eabi-gcc/9.3.1-1.4.1/.content/bin/../lib/gcc/arm-none-eabi/9.3.1/../../../../arm-none-eabi/lib/thumb/v7-m/nofp/libg_nano.a(lib_a-malloc.o)
                0x0000000008007754                malloc
 .text.free     0x0000000008007764       0x10 /home/fossa/opt/xPacks/@xpack-dev-tools/arm-none-eabi-gcc/9.3.1-1.4.1/.content/bin/../lib/gcc/arm-none-eabi/9.3.1/../../../../arm-none-eabi/lib/thumb/v7-m/nofp/libg_nano.a(lib_a-malloc.o)
                0x0000000008007764                free
 .text.__ascii_mbtowc
                0x0000000008007774       0x24 /home/fossa/opt/xPacks/@xpack-dev-tools/arm-none-eabi-gcc/9.3.1-1.4.1/.content/bin/../lib/gcc/arm-none-eabi/9.3.1/../../../../arm-none-eabi/lib/thumb/v7-m/nofp/libg_nano.a(lib_a-mbtowc_r.o)
                0x0000000008007774                __ascii_mbtowc
 .text.memchr   0x0000000008007798       0x1c /home/fossa/opt/xPacks/@xpack-dev-tools/arm-none-eabi-gcc/9.3.1-1.4.1/.content/bin/../lib/gcc/arm-none-eabi/9.3.1/../../../../arm-none-eabi/lib/thumb/v7-m/nofp/libg_nano.a(lib_a-memchr-stub.o)
                0x0000000008007798                memchr
 .text.memcpy   0x00000000080077b4       0x1c /home/fossa/opt/xPacks/@xpack-dev-tools/arm-none-eabi-gcc/9.3.1-1.4.1/.content/bin/../lib/gcc/arm-none-eabi/9.3.1/../../../../arm-none-eabi/lib/thumb/v7-m/nofp/libg_nano.a(lib_a-memcpy-stub.o)
                0x00000000080077b4                memcpy
 .text.__malloc_lock
                0x00000000080077d0        0xc /home/fossa/opt/xPacks/@xpack-dev-tools/arm-none-eabi-gcc/9.3.1-1.4.1/.content/bin/../lib/gcc/arm-none-eabi/9.3.1/../../../../arm-none-eabi/lib/thumb/v7-m/nofp/libg_nano.a(lib_a-mlock.o)
                0x00000000080077d0                __malloc_lock
 .text.__malloc_unlock
                0x00000000080077dc        0xc /home/fossa/opt/xPacks/@xpack-dev-tools/arm-none-eabi-gcc/9.3.1-1.4.1/.content/bin/../lib/gcc/arm-none-eabi/9.3.1/../../../../arm-none-eabi/lib/thumb/v7-m/nofp/libg_nano.a(lib_a-mlock.o)
                0x00000000080077dc                __malloc_unlock
 .text._Balloc  0x00000000080077e8       0x80 /home/fossa/opt/xPacks/@xpack-dev-tools/arm-none-eabi-gcc/9.3.1-1.4.1/.content/bin/../lib/gcc/arm-none-eabi/9.3.1/../../../../arm-none-eabi/lib/thumb/v7-m/nofp/libg_nano.a(lib_a-mprec.o)
                0x00000000080077e8                _Balloc
 .text._Bfree   0x0000000008007868       0x44 /home/fossa/opt/xPacks/@xpack-dev-tools/arm-none-eabi-gcc/9.3.1-1.4.1/.content/bin/../lib/gcc/arm-none-eabi/9.3.1/../../../../arm-none-eabi/lib/thumb/v7-m/nofp/libg_nano.a(lib_a-mprec.o)
                0x0000000008007868                _Bfree
 .text.__multadd
                0x00000000080078ac       0x94 /home/fossa/opt/xPacks/@xpack-dev-tools/arm-none-eabi-gcc/9.3.1-1.4.1/.content/bin/../lib/gcc/arm-none-eabi/9.3.1/../../../../arm-none-eabi/lib/thumb/v7-m/nofp/libg_nano.a(lib_a-mprec.o)
                0x00000000080078ac                __multadd
 .text.__hi0bits
                0x0000000008007940       0x40 /home/fossa/opt/xPacks/@xpack-dev-tools/arm-none-eabi-gcc/9.3.1-1.4.1/.content/bin/../lib/gcc/arm-none-eabi/9.3.1/../../../../arm-none-eabi/lib/thumb/v7-m/nofp/libg_nano.a(lib_a-mprec.o)
                0x0000000008007940                __hi0bits
 .text.__lo0bits
                0x0000000008007980       0x5c /home/fossa/opt/xPacks/@xpack-dev-tools/arm-none-eabi-gcc/9.3.1-1.4.1/.content/bin/../lib/gcc/arm-none-eabi/9.3.1/../../../../arm-none-eabi/lib/thumb/v7-m/nofp/libg_nano.a(lib_a-mprec.o)
                0x0000000008007980                __lo0bits
 .text.__i2b    0x00000000080079dc       0x2c /home/fossa/opt/xPacks/@xpack-dev-tools/arm-none-eabi-gcc/9.3.1-1.4.1/.content/bin/../lib/gcc/arm-none-eabi/9.3.1/../../../../arm-none-eabi/lib/thumb/v7-m/nofp/libg_nano.a(lib_a-mprec.o)
                0x00000000080079dc                __i2b
 .text.__multiply
                0x0000000008007a08      0x148 /home/fossa/opt/xPacks/@xpack-dev-tools/arm-none-eabi-gcc/9.3.1-1.4.1/.content/bin/../lib/gcc/arm-none-eabi/9.3.1/../../../../arm-none-eabi/lib/thumb/v7-m/nofp/libg_nano.a(lib_a-mprec.o)
                0x0000000008007a08                __multiply
 .text.__pow5mult
                0x0000000008007b50       0xb4 /home/fossa/opt/xPacks/@xpack-dev-tools/arm-none-eabi-gcc/9.3.1-1.4.1/.content/bin/../lib/gcc/arm-none-eabi/9.3.1/../../../../arm-none-eabi/lib/thumb/v7-m/nofp/libg_nano.a(lib_a-mprec.o)
                0x0000000008007b50                __pow5mult
 .text.__lshift
                0x0000000008007c04       0xd8 /home/fossa/opt/xPacks/@xpack-dev-tools/arm-none-eabi-gcc/9.3.1-1.4.1/.content/bin/../lib/gcc/arm-none-eabi/9.3.1/../../../../arm-none-eabi/lib/thumb/v7-m/nofp/libg_nano.a(lib_a-mprec.o)
                0x0000000008007c04                __lshift
 .text.__mcmp   0x0000000008007cdc       0x36 /home/fossa/opt/xPacks/@xpack-dev-tools/arm-none-eabi-gcc/9.3.1-1.4.1/.content/bin/../lib/gcc/arm-none-eabi/9.3.1/../../../../arm-none-eabi/lib/thumb/v7-m/nofp/libg_nano.a(lib_a-mprec.o)
                0x0000000008007cdc                __mcmp
 *fill*         0x0000000008007d12        0x2 
 .text.__mdiff  0x0000000008007d14      0x120 /home/fossa/opt/xPacks/@xpack-dev-tools/arm-none-eabi-gcc/9.3.1-1.4.1/.content/bin/../lib/gcc/arm-none-eabi/9.3.1/../../../../arm-none-eabi/lib/thumb/v7-m/nofp/libg_nano.a(lib_a-mprec.o)
                0x0000000008007d14                __mdiff
 .text.__d2b    0x0000000008007e34       0xb8 /home/fossa/opt/xPacks/@xpack-dev-tools/arm-none-eabi-gcc/9.3.1-1.4.1/.content/bin/../lib/gcc/arm-none-eabi/9.3.1/../../../../arm-none-eabi/lib/thumb/v7-m/nofp/libg_nano.a(lib_a-mprec.o)
                0x0000000008007e34                __d2b
 .text._calloc_r
                0x0000000008007eec       0x1c /home/fossa/opt/xPacks/@xpack-dev-tools/arm-none-eabi-gcc/9.3.1-1.4.1/.content/bin/../lib/gcc/arm-none-eabi/9.3.1/../../../../arm-none-eabi/lib/thumb/v7-m/nofp/libg_nano.a(lib_a-nano-callocr.o)
                0x0000000008007eec                _calloc_r
 .text._free_r  0x0000000008007f08       0x98 /home/fossa/opt/xPacks/@xpack-dev-tools/arm-none-eabi-gcc/9.3.1-1.4.1/.content/bin/../lib/gcc/arm-none-eabi/9.3.1/../../../../arm-none-eabi/lib/thumb/v7-m/nofp/libg_nano.a(lib_a-nano-freer.o)
                0x0000000008007f08                _free_r
 .text.__ascii_wctomb
                0x0000000008007fa0       0x1a /home/fossa/opt/xPacks/@xpack-dev-tools/arm-none-eabi-gcc/9.3.1-1.4.1/.content/bin/../lib/gcc/arm-none-eabi/9.3.1/../../../../arm-none-eabi/lib/thumb/v7-m/nofp/libg_nano.a(lib_a-wctomb_r.o)
                0x0000000008007fa0                __ascii_wctomb
 *fill*         0x0000000008007fba        0x2 
 .text.realloc  0x0000000008007fbc       0x10 /home/fossa/opt/xPacks/@xpack-dev-tools/arm-none-eabi-gcc/9.3.1-1.4.1/.content/bin/../lib/gcc/arm-none-eabi/9.3.1/../../../../arm-none-eabi/lib/thumb/v7-m/nofp/libg_nano.a(lib_a-realloc.o)
                0x0000000008007fbc                realloc
 .text.sprintf  0x0000000008007fcc       0x40 /home/fossa/opt/xPacks/@xpack-dev-tools/arm-none-eabi-gcc/9.3.1-1.4.1/.content/bin/../lib/gcc/arm-none-eabi/9.3.1/../../../../arm-none-eabi/lib/thumb/v7-m/nofp/libg_nano.a(lib_a-sprintf.o)
                0x0000000008007fcc                sprintf
                0x0000000008007fcc                siprintf
 .text._vsnprintf_r
                0x000000000800800c       0x58 /home/fossa/opt/xPacks/@xpack-dev-tools/arm-none-eabi-gcc/9.3.1-1.4.1/.content/bin/../lib/gcc/arm-none-eabi/9.3.1/../../../../arm-none-eabi/lib/thumb/v7-m/nofp/libg_nano.a(lib_a-vsnprintf.o)
                0x000000000800800c                _vsnprintf_r
                0x000000000800800c                _vsniprintf_r
 .text.vsnprintf
                0x0000000008008064       0x1c /home/fossa/opt/xPacks/@xpack-dev-tools/arm-none-eabi-gcc/9.3.1-1.4.1/.content/bin/../lib/gcc/arm-none-eabi/9.3.1/../../../../arm-none-eabi/lib/thumb/v7-m/nofp/libg_nano.a(lib_a-vsnprintf.o)
                0x0000000008008064                vsnprintf
                0x0000000008008064                vsniprintf
 .text._realloc_r
                0x0000000008008080       0x4c /home/fossa/opt/xPacks/@xpack-dev-tools/arm-none-eabi-gcc/9.3.1-1.4.1/.content/bin/../lib/gcc/arm-none-eabi/9.3.1/../../../../arm-none-eabi/lib/thumb/v7-m/nofp/libg_nano.a(lib_a-nano-reallocr.o)
                0x0000000008008080                _realloc_r
 .text.__ssputs_r
                0x00000000080080cc       0xb6 /home/fossa/opt/xPacks/@xpack-dev-tools/arm-none-eabi-gcc/9.3.1-1.4.1/.content/bin/../lib/gcc/arm-none-eabi/9.3.1/../../../../arm-none-eabi/lib/thumb/v7-m/nofp/libg_nano.a(lib_a-nano-svfprintf.o)
                0x00000000080080cc                __ssputs_r
 *fill*         0x0000000008008182        0x2 
 .text._svfprintf_r
                0x0000000008008184      0x200 /home/fossa/opt/xPacks/@xpack-dev-tools/arm-none-eabi-gcc/9.3.1-1.4.1/.content/bin/../lib/gcc/arm-none-eabi/9.3.1/../../../../arm-none-eabi/lib/thumb/v7-m/nofp/libg_nano.a(lib_a-nano-svfprintf.o)
                0x0000000008008184                _svfprintf_r
                0x0000000008008184                _svfiprintf_r
 .text.memmove  0x0000000008008384       0x34 /home/fossa/opt/xPacks/@xpack-dev-tools/arm-none-eabi-gcc/9.3.1-1.4.1/.content/bin/../lib/gcc/arm-none-eabi/9.3.1/../../../../arm-none-eabi/lib/thumb/v7-m/nofp/libg_nano.a(lib_a-memmove.o)
                0x0000000008008384                memmove
 .text._malloc_usable_size_r
                0x00000000080083b8       0x10 /home/fossa/opt/xPacks/@xpack-dev-tools/arm-none-eabi-gcc/9.3.1-1.4.1/.content/bin/../lib/gcc/arm-none-eabi/9.3.1/../../../../arm-none-eabi/lib/thumb/v7-m/nofp/libg_nano.a(lib_a-nano-msizer.o)
                0x00000000080083b8                _malloc_usable_size_r
 .text          0x00000000080083c8      0x424 /home/fossa/opt/xPacks/@xpack-dev-tools/arm-none-eabi-gcc/9.3.1-1.4.1/.content/bin/../lib/gcc/arm-none-eabi/9.3.1/thumb/v7-m/nofp/libgcc.a(_arm_muldivdf3.o)
                0x00000000080083c8                __aeabi_dmul
                0x00000000080083c8                __muldf3
                0x000000000800861c                __aeabi_ddiv
                0x000000000800861c                __divdf3
 .text          0x00000000080087ec       0x2c /home/fossa/opt/xPacks/@xpack-dev-tools/arm-none-eabi-gcc/9.3.1-1.4.1/.content/bin/../lib/gcc/arm-none-eabi/9.3.1/thumb/v7-m/nofp/libgcc.a(_arm_unorddf2.o)
                0x00000000080087ec                __aeabi_dcmpun
                0x00000000080087ec                __unorddf2
 .text          0x0000000008008818       0x50 /home/fossa/opt/xPacks/@xpack-dev-tools/arm-none-eabi-gcc/9.3.1-1.4.1/.content/bin/../lib/gcc/arm-none-eabi/9.3.1/thumb/v7-m/nofp/libgcc.a(_arm_fixdfsi.o)
                0x0000000008008818                __fixdfsi
                0x0000000008008818                __aeabi_d2iz
 *(.rodata .rodata.* .constdata .constdata.*)
 .rodata.HAL_RCC_GetSysClockFreq.str1.4
                0x0000000008008868       0x11 /tmp/Yiff-HL.elf.onDgT1.ltrans0.ltrans.o
 *fill*         0x0000000008008879        0x3 
 .rodata.TimeToHMS.str1.4
                0x000000000800887c        0xf /tmp/Yiff-HL.elf.onDgT1.ltrans0.ltrans.o
 *fill*         0x000000000800888b        0x1 
 .rodata.trace_puts.str1.4
                0x000000000800888c        0x2 /tmp/Yiff-HL.elf.onDgT1.ltrans0.ltrans.o
 *fill*         0x000000000800888e        0x2 
 .rodata.abort.str1.4
                0x0000000008008890       0x14 /tmp/Yiff-HL.elf.onDgT1.ltrans0.ltrans.o
 .rodata.assert_failed.str1.4
                0x00000000080088a4       0x2b /tmp/Yiff-HL.elf.onDgT1.ltrans0.ltrans.o
 *fill*         0x00000000080088cf        0x1 
 .rodata.HAL_RTC_SetDate.str1.4
                0x00000000080088d0       0x2c /tmp/Yiff-HL.elf.onDgT1.ltrans0.ltrans.o
 .rodata.HAL_RCCEx_GetPeriphCLKFreq.str1.4
                0x00000000080088fc       0x2f /tmp/Yiff-HL.elf.onDgT1.ltrans0.ltrans.o
 *fill*         0x000000000800892b        0x1 
 .rodata.HAL_RCC_OscConfig.str1.4
                0x000000000800892c       0x2c /tmp/Yiff-HL.elf.onDgT1.ltrans0.ltrans.o
 .rodata.HAL_I2C_Mem_Write_IT.str1.4
                0x0000000008008958       0x2c /tmp/Yiff-HL.elf.onDgT1.ltrans0.ltrans.o
 .rodata.HAL_GPIO_WritePin.str1.4
                0x0000000008008984       0x2d /tmp/Yiff-HL.elf.onDgT1.ltrans0.ltrans.o
 *fill*         0x00000000080089b1        0x3 
 .rodata.TimeToMS.str1.4
                0x00000000080089b4        0xa /tmp/Yiff-HL.elf.onDgT1.ltrans0.ltrans.o
 *fill*         0x00000000080089be        0x2 
 .rodata.DrawFoxPower.str1.4
                0x00000000080089c0       0x19 /tmp/Yiff-HL.elf.onDgT1.ltrans0.ltrans.o
 *fill*         0x00000000080089d9        0x3 
 .rodata.DrawGlobalState.str1.4
                0x00000000080089dc       0x1f /tmp/Yiff-HL.elf.onDgT1.ltrans0.ltrans.o
                                         0x27 (size before relaxing)
 *fill*         0x00000000080089fb        0x1 
 .rodata.DrawFoxCycleState.str1.4
                0x00000000080089fc       0x37 /tmp/Yiff-HL.elf.onDgT1.ltrans0.ltrans.o
 *fill*         0x0000000008008a33        0x1 
 .rodata.DrawEndingTone.str1.4
                0x0000000008008a34       0x25 /tmp/Yiff-HL.elf.onDgT1.ltrans0.ltrans.o
 *fill*         0x0000000008008a59        0x3 
 .rodata.DrawFoxCycle.str1.4
                0x0000000008008a5c       0x1e /tmp/Yiff-HL.elf.onDgT1.ltrans0.ltrans.o
 *fill*         0x0000000008008a7a        0x2 
 .rodata.DrawFoxCode.str1.4
                0x0000000008008a7c       0x2e /tmp/Yiff-HL.elf.onDgT1.ltrans0.ltrans.o
 *fill*         0x0000000008008aaa        0x2 
 .rodata.DrawFoxFrequency.str1.4
                0x0000000008008aac        0x5 /tmp/Yiff-HL.elf.onDgT1.ltrans0.ltrans.o
 *fill*         0x0000000008008ab1        0x3 
 .rodata.HAL_NVIC_EnableIRQ.str1.4
                0x0000000008008ab4       0x2f /tmp/Yiff-HL.elf.onDgT1.ltrans0.ltrans.o
 *fill*         0x0000000008008ae3        0x1 
 .rodata.main.str1.4
                0x0000000008008ae4       0x24 /tmp/Yiff-HL.elf.onDgT1.ltrans0.ltrans.o
 .rodata.__assert_func.str1.4
                0x0000000008008b08       0x3f /tmp/Yiff-HL.elf.onDgT1.ltrans0.ltrans.o
                                         0x43 (size before relaxing)
 *fill*         0x0000000008008b47        0x1 
 .rodata.AHBPrescTable
                0x0000000008008b48       0x10 /tmp/Yiff-HL.elf.onDgT1.ltrans0.ltrans.o
 .rodata.APBPrescTable
                0x0000000008008b58        0x8 /tmp/Yiff-HL.elf.onDgT1.ltrans0.ltrans.o
 .rodata.FMGL_FontTerminusRegular12Characters
                0x0000000008008b60      0xa80 /tmp/Yiff-HL.elf.onDgT1.ltrans0.ltrans.o
 .rodata.FMGL_FontTerminusRegular12_WrongCharacterCode
                0x00000000080095e0        0xc /tmp/Yiff-HL.elf.onDgT1.ltrans0.ltrans.o
 .rodata.Morse_Beacon
                0x00000000080095ec        0x9 /tmp/Yiff-HL.elf.onDgT1.ltrans0.ltrans.o
 *fill*         0x00000000080095f5        0x3 
 .rodata.Morse_Fox1
                0x00000000080095f8        0xf /tmp/Yiff-HL.elf.onDgT1.ltrans0.ltrans.o
 *fill*         0x0000000008009607        0x1 
 .rodata.Morse_Fox2
                0x0000000008009608       0x11 /tmp/Yiff-HL.elf.onDgT1.ltrans0.ltrans.o
 *fill*         0x0000000008009619        0x3 
 .rodata.Morse_Fox3
                0x000000000800961c       0x13 /tmp/Yiff-HL.elf.onDgT1.ltrans0.ltrans.o
 *fill*         0x000000000800962f        0x1 
 .rodata.Morse_Fox4
                0x0000000008009630       0x15 /tmp/Yiff-HL.elf.onDgT1.ltrans0.ltrans.o
 *fill*         0x0000000008009645        0x3 
 .rodata.Morse_Fox5
                0x0000000008009648       0x17 /tmp/Yiff-HL.elf.onDgT1.ltrans0.ltrans.o
 *fill*         0x000000000800965f        0x1 
 .rodata.Morse_FoxFinish
                0x0000000008009660        0xd /tmp/Yiff-HL.elf.onDgT1.ltrans0.ltrans.o
 .rodata._ctype_
                0x000000000800966d      0x101 /home/fossa/opt/xPacks/@xpack-dev-tools/arm-none-eabi-gcc/9.3.1-1.4.1/.content/bin/../lib/gcc/arm-none-eabi/9.3.1/../../../../arm-none-eabi/lib/thumb/v7-m/nofp/libg_nano.a(lib_a-ctype_.o)
                0x000000000800966d                _ctype_
 *fill*         0x000000000800976e        0x2 
 .rodata.__sf_fake_stderr
                0x0000000008009770       0x20 /home/fossa/opt/xPacks/@xpack-dev-tools/arm-none-eabi-gcc/9.3.1-1.4.1/.content/bin/../lib/gcc/arm-none-eabi/9.3.1/../../../../arm-none-eabi/lib/thumb/v7-m/nofp/libg_nano.a(lib_a-findfp.o)
                0x0000000008009770                __sf_fake_stderr
 .rodata.__sf_fake_stdin
                0x0000000008009790       0x20 /home/fossa/opt/xPacks/@xpack-dev-tools/arm-none-eabi-gcc/9.3.1-1.4.1/.content/bin/../lib/gcc/arm-none-eabi/9.3.1/../../../../arm-none-eabi/lib/thumb/v7-m/nofp/libg_nano.a(lib_a-findfp.o)
                0x0000000008009790                __sf_fake_stdin
 .rodata.__sf_fake_stdout
                0x00000000080097b0       0x20 /home/fossa/opt/xPacks/@xpack-dev-tools/arm-none-eabi-gcc/9.3.1-1.4.1/.content/bin/../lib/gcc/arm-none-eabi/9.3.1/../../../../arm-none-eabi/lib/thumb/v7-m/nofp/libg_nano.a(lib_a-findfp.o)
                0x00000000080097b0                __sf_fake_stdout
 .rodata._global_impure_ptr
                0x00000000080097d0        0x4 /home/fossa/opt/xPacks/@xpack-dev-tools/arm-none-eabi-gcc/9.3.1-1.4.1/.content/bin/../lib/gcc/arm-none-eabi/9.3.1/../../../../arm-none-eabi/lib/thumb/v7-m/nofp/libg_nano.a(lib_a-impure.o)
                0x00000000080097d0                _global_impure_ptr
 .rodata._printf_float.str1.1
                0x00000000080097d4       0x12 /home/fossa/opt/xPacks/@xpack-dev-tools/arm-none-eabi-gcc/9.3.1-1.4.1/.content/bin/../lib/gcc/arm-none-eabi/9.3.1/../../../../arm-none-eabi/lib/thumb/v7-m/nofp/libg_nano.a(lib_a-nano-vfprintf_float.o)
 .rodata._printf_i.str1.1
                0x00000000080097e6       0x22 /home/fossa/opt/xPacks/@xpack-dev-tools/arm-none-eabi-gcc/9.3.1-1.4.1/.content/bin/../lib/gcc/arm-none-eabi/9.3.1/../../../../arm-none-eabi/lib/thumb/v7-m/nofp/libg_nano.a(lib_a-nano-vfprintf_i.o)
 .rodata._dtoa_r.str1.1
                0x0000000008009808       0x8e /home/fossa/opt/xPacks/@xpack-dev-tools/arm-none-eabi-gcc/9.3.1-1.4.1/.content/bin/../lib/gcc/arm-none-eabi/9.3.1/../../../../arm-none-eabi/lib/thumb/v7-m/nofp/libg_nano.a(lib_a-dtoa.o)
                                         0x90 (size before relaxing)
 .rodata._setlocale_r.str1.1
                0x0000000008009896        0x8 /home/fossa/opt/xPacks/@xpack-dev-tools/arm-none-eabi-gcc/9.3.1-1.4.1/.content/bin/../lib/gcc/arm-none-eabi/9.3.1/../../../../arm-none-eabi/lib/thumb/v7-m/nofp/libg_nano.a(lib_a-locale.o)
                                          0x9 (size before relaxing)
 .rodata.str1.1
                0x000000000800989e        0x2 /home/fossa/opt/xPacks/@xpack-dev-tools/arm-none-eabi-gcc/9.3.1-1.4.1/.content/bin/../lib/gcc/arm-none-eabi/9.3.1/../../../../arm-none-eabi/lib/thumb/v7-m/nofp/libg_nano.a(lib_a-locale.o)
 .rodata._Balloc.str1.1
                0x00000000080098a0       0x5a /home/fossa/opt/xPacks/@xpack-dev-tools/arm-none-eabi-gcc/9.3.1-1.4.1/.content/bin/../lib/gcc/arm-none-eabi/9.3.1/../../../../arm-none-eabi/lib/thumb/v7-m/nofp/libg_nano.a(lib_a-mprec.o)
                                         0x71 (size before relaxing)
 .rodata.__multadd.str1.1
                0x00000000080098fa       0x11 /home/fossa/opt/xPacks/@xpack-dev-tools/arm-none-eabi-gcc/9.3.1-1.4.1/.content/bin/../lib/gcc/arm-none-eabi/9.3.1/../../../../arm-none-eabi/lib/thumb/v7-m/nofp/libg_nano.a(lib_a-mprec.o)
 *fill*         0x00000000080098fa        0x6 
 .rodata.__mprec_bigtens
                0x0000000008009900       0x28 /home/fossa/opt/xPacks/@xpack-dev-tools/arm-none-eabi-gcc/9.3.1-1.4.1/.content/bin/../lib/gcc/arm-none-eabi/9.3.1/../../../../arm-none-eabi/lib/thumb/v7-m/nofp/libg_nano.a(lib_a-mprec.o)
                0x0000000008009900                __mprec_bigtens
 .rodata.__mprec_tens
                0x0000000008009928       0xc8 /home/fossa/opt/xPacks/@xpack-dev-tools/arm-none-eabi-gcc/9.3.1-1.4.1/.content/bin/../lib/gcc/arm-none-eabi/9.3.1/../../../../arm-none-eabi/lib/thumb/v7-m/nofp/libg_nano.a(lib_a-mprec.o)
                0x0000000008009928                __mprec_tens
 .rodata.p05.6150
                0x00000000080099f0        0xc /home/fossa/opt/xPacks/@xpack-dev-tools/arm-none-eabi-gcc/9.3.1-1.4.1/.content/bin/../lib/gcc/arm-none-eabi/9.3.1/../../../../arm-none-eabi/lib/thumb/v7-m/nofp/libg_nano.a(lib_a-mprec.o)
 .rodata._svfprintf_r.str1.1
                0x00000000080099fc       0x11 /home/fossa/opt/xPacks/@xpack-dev-tools/arm-none-eabi-gcc/9.3.1-1.4.1/.content/bin/../lib/gcc/arm-none-eabi/9.3.1/../../../../arm-none-eabi/lib/thumb/v7-m/nofp/libg_nano.a(lib_a-nano-svfprintf.o)
 *(vtable)
 *(.eh_frame*)
 *fill*         0x0000000008009a0d        0x3 
 .eh_frame      0x0000000008009a10        0x0 /home/fossa/opt/xPacks/@xpack-dev-tools/arm-none-eabi-gcc/9.3.1-1.4.1/.content/bin/../lib/gcc/arm-none-eabi/9.3.1/thumb/v7-m/nofp/crtbegin.o
 .eh_frame      0x0000000008009a10        0x4 /home/fossa/opt/xPacks/@xpack-dev-tools/arm-none-eabi-gcc/9.3.1-1.4.1/.content/bin/../lib/gcc/arm-none-eabi/9.3.1/thumb/v7-m/nofp/crtend.o
 *(.glue_7)
 .glue_7        0x0000000008009a14        0x0 linker stubs
 *(.glue_7t)
 .glue_7t       0x0000000008009a14        0x0 linker stubs

.vfp11_veneer   0x0000000008009a14        0x0
 .vfp11_veneer  0x0000000008009a14        0x0 linker stubs

.v4_bx          0x0000000008009a14        0x0
 .v4_bx         0x0000000008009a14        0x0 linker stubs

.iplt           0x0000000008009a14        0x0
 .iplt          0x0000000008009a14        0x0 /home/fossa/opt/xPacks/@xpack-dev-tools/arm-none-eabi-gcc/9.3.1-1.4.1/.content/bin/../lib/gcc/arm-none-eabi/9.3.1/thumb/v7-m/nofp/crtbegin.o

.ARM.extab
 *(.ARM.extab* .gnu.linkonce.armextab.*)
                0x0000000008009a14                . = ALIGN (0x4)
                0x0000000008009a14                __exidx_start = .

.ARM.exidx      0x0000000008009a14        0x8
 *(.ARM.exidx* .gnu.linkonce.armexidx.*)
 .ARM.exidx     0x0000000008009a14        0x8 /home/fossa/opt/xPacks/@xpack-dev-tools/arm-none-eabi-gcc/9.3.1-1.4.1/.content/bin/../lib/gcc/arm-none-eabi/9.3.1/../../../../arm-none-eabi/lib/thumb/v7-m/nofp/crt0.o
                                         0x10 (size before relaxing)
 .ARM.exidx.text.floor
                0x0000000008009a1c        0x0 /home/fossa/opt/xPacks/@xpack-dev-tools/arm-none-eabi-gcc/9.3.1-1.4.1/.content/bin/../lib/gcc/arm-none-eabi/9.3.1/../../../../arm-none-eabi/lib/thumb/v7-m/nofp/libm.a(lib_a-s_floor.o)
                                          0x8 (size before relaxing)
                0x0000000008009a1c                __exidx_end = .

.rel.dyn        0x0000000008009a1c        0x0
 .rel.iplt      0x0000000008009a1c        0x0 /home/fossa/opt/xPacks/@xpack-dev-tools/arm-none-eabi-gcc/9.3.1-1.4.1/.content/bin/../lib/gcc/arm-none-eabi/9.3.1/thumb/v7-m/nofp/crtbegin.o
                0x0000000008009a1c                . = ALIGN (0x4)
                0x0000000008009a1c                _etext = .
                0x0000000008009a1c                __etext = .

.data_CCMRAM    0x0000000000000000        0x0 load address 0x0000000008009a1c
 FILL mask 0xff
 *(.data.CCMRAM .data.CCMRAM.*)
                0x0000000000000000                . = ALIGN (0x4)
                0x0000000008009a1c                _sidata = LOADADDR (.data)

.data           0x0000000020000000      0x204 load address 0x0000000008009a1c
 FILL mask 0xff
                0x0000000020000000                _sdata = .
                0x0000000020000000                __data_start__ = .
 *(.data_begin .data_begin.*)
 *(.data .data.*)
 .data.SystemCoreClock
                0x0000000020000000        0x4 /tmp/Yiff-HL.elf.onDgT1.ltrans0.ltrans.o
 .data.tx_off_bits
                0x0000000020000004       0x18 /tmp/Yiff-HL.elf.onDgT1.ltrans0.ltrans.o
 .data.tx_on_bits
                0x000000002000001c       0x18 /tmp/Yiff-HL.elf.onDgT1.ltrans0.ltrans.o
 .data._impure_ptr
                0x0000000020000034        0x4 /home/fossa/opt/xPacks/@xpack-dev-tools/arm-none-eabi-gcc/9.3.1-1.4.1/.content/bin/../lib/gcc/arm-none-eabi/9.3.1/../../../../arm-none-eabi/lib/thumb/v7-m/nofp/libg_nano.a(lib_a-impure.o)
                0x0000000020000034                _impure_ptr
 .data.impure_data
                0x0000000020000038       0x60 /home/fossa/opt/xPacks/@xpack-dev-tools/arm-none-eabi-gcc/9.3.1-1.4.1/.content/bin/../lib/gcc/arm-none-eabi/9.3.1/../../../../arm-none-eabi/lib/thumb/v7-m/nofp/libg_nano.a(lib_a-impure.o)
 .data.__global_locale
                0x0000000020000098      0x16c /home/fossa/opt/xPacks/@xpack-dev-tools/arm-none-eabi-gcc/9.3.1-1.4.1/.content/bin/../lib/gcc/arm-none-eabi/9.3.1/../../../../arm-none-eabi/lib/thumb/v7-m/nofp/libg_nano.a(lib_a-locale.o)
                0x0000000020000098                __global_locale
 *(.data_end .data_end.*)
                0x0000000020000204                . = ALIGN (0x4)
                0x0000000020000204                _edata = .
                0x0000000020000204                __data_end__ = .

.igot.plt       0x0000000020000204        0x0 load address 0x0000000008009c20
 .igot.plt      0x0000000020000204        0x0 /home/fossa/opt/xPacks/@xpack-dev-tools/arm-none-eabi-gcc/9.3.1-1.4.1/.content/bin/../lib/gcc/arm-none-eabi/9.3.1/thumb/v7-m/nofp/crtbegin.o

.bss_CCMRAM     0x0000000000000000        0x0
 *(.bss.CCMRAM .bss.CCMRAM.*)

.bss            0x0000000020000204     0x22ac
                0x0000000020000204                __bss_start__ = .
                0x0000000020000204                _sbss = .
 *(.bss_begin .bss_begin.*)
 *(.bss .bss.*)
 .bss.completed.8914
                0x0000000020000204        0x1 /home/fossa/opt/xPacks/@xpack-dev-tools/arm-none-eabi-gcc/9.3.1-1.4.1/.content/bin/../lib/gcc/arm-none-eabi/9.3.1/thumb/v7-m/nofp/crtbegin.o
 *fill*         0x0000000020000205        0x3 
 .bss.object.8919
                0x0000000020000208       0x18 /home/fossa/opt/xPacks/@xpack-dev-tools/arm-none-eabi-gcc/9.3.1-1.4.1/.content/bin/../lib/gcc/arm-none-eabi/9.3.1/thumb/v7-m/nofp/crtbegin.o
 .bss.CurrentDate
                0x0000000020000220        0x4 /tmp/Yiff-HL.elf.onDgT1.ltrans0.ltrans.o
 .bss.CurrentTime
                0x0000000020000224        0x3 /tmp/Yiff-HL.elf.onDgT1.ltrans0.ltrans.o
 *fill*         0x0000000020000227        0x1 
 .bss.EndingToneStartTime
                0x0000000020000228        0x3 /tmp/Yiff-HL.elf.onDgT1.ltrans0.ltrans.o
 *fill*         0x000000002000022b        0x1 
 .bss.FMGL_FontTerminusRegular12
                0x000000002000022c        0xc /tmp/Yiff-HL.elf.onDgT1.ltrans0.ltrans.o
 .bss.FoxState  0x0000000020000238       0x4c /tmp/Yiff-HL.elf.onDgT1.ltrans0.ltrans.o
 .bss.GsmEndTime
                0x0000000020000284        0x3 /tmp/Yiff-HL.elf.onDgT1.ltrans0.ltrans.o
 *fill*         0x0000000020000287        0x1 
 .bss.GsmStartTime
                0x0000000020000288        0x3 /tmp/Yiff-HL.elf.onDgT1.ltrans0.ltrans.o
 *fill*         0x000000002000028b        0x1 
 .bss.I2C_Display
                0x000000002000028c       0x54 /tmp/Yiff-HL.elf.onDgT1.ltrans0.ltrans.o
 .bss.I2C_Other
                0x00000000200002e0       0x54 /tmp/Yiff-HL.elf.onDgT1.ltrans0.ltrans.o
 .bss.L2HAL_SSD1327_Context
                0x0000000020000334     0x200c /tmp/Yiff-HL.elf.onDgT1.ltrans0.ltrans.o
 .bss.L2HAL_SysTick_Context
                0x0000000020002340        0x8 /tmp/Yiff-HL.elf.onDgT1.ltrans0.ltrans.o
 .bss.LeftButton
                0x0000000020002348       0x12 /tmp/Yiff-HL.elf.onDgT1.ltrans0.ltrans.o
 *fill*         0x000000002000235a        0x2 
 .bss.MorseCurrentElement
                0x000000002000235c        0x4 /tmp/Yiff-HL.elf.onDgT1.ltrans0.ltrans.o
 .bss.MorsePlayerCurrentInterval
                0x0000000020002360        0x2 /tmp/Yiff-HL.elf.onDgT1.ltrans0.ltrans.o
 .bss.MorsePlayerState
                0x0000000020002362        0x1 /tmp/Yiff-HL.elf.onDgT1.ltrans0.ltrans.o
 *fill*         0x0000000020002363        0x1 
 .bss.MorseSequenceToPlay
                0x0000000020002364        0x4 /tmp/Yiff-HL.elf.onDgT1.ltrans0.ltrans.o
 .bss.OffColor  0x0000000020002368        0x3 /tmp/Yiff-HL.elf.onDgT1.ltrans0.ltrans.o
 *fill*         0x000000002000236b        0x1 
 .bss.OnColor   0x000000002000236c        0x3 /tmp/Yiff-HL.elf.onDgT1.ltrans0.ltrans.o
 .bss.PreviousSecond
                0x000000002000236f        0x1 /tmp/Yiff-HL.elf.onDgT1.ltrans0.ltrans.o
 .bss.RightButton
                0x0000000020002370       0x12 /tmp/Yiff-HL.elf.onDgT1.ltrans0.ltrans.o
 *fill*         0x0000000020002382        0x2 
 .bss.RtcHandle
                0x0000000020002384       0x14 /tmp/Yiff-HL.elf.onDgT1.ltrans0.ltrans.o
 .bss.RtcListeners
                0x0000000020002398        0x4 /tmp/Yiff-HL.elf.onDgT1.ltrans0.ltrans.o
 .bss.RtcListenersCount
                0x000000002000239c        0x1 /tmp/Yiff-HL.elf.onDgT1.ltrans0.ltrans.o
 *fill*         0x000000002000239d        0x3 
 .bss.buf.5729  0x00000000200023a0       0x80 /tmp/Yiff-HL.elf.onDgT1.ltrans0.ltrans.o
 .bss.commonFont
                0x0000000020002420       0x18 /tmp/Yiff-HL.elf.onDgT1.ltrans0.ltrans.o
 .bss.current_heap_end.4485
                0x0000000020002438        0x4 /tmp/Yiff-HL.elf.onDgT1.ltrans0.ltrans.o
 .bss.fmglContext
                0x000000002000243c       0x28 /tmp/Yiff-HL.elf.onDgT1.ltrans0.ltrans.o
 .bss.frequencyFont
                0x0000000020002464       0x18 /tmp/Yiff-HL.elf.onDgT1.ltrans0.ltrans.o
 .bss.invertedCommonFont
                0x000000002000247c       0x18 /tmp/Yiff-HL.elf.onDgT1.ltrans0.ltrans.o
 .bss.uwTick    0x0000000020002494        0x4 /tmp/Yiff-HL.elf.onDgT1.ltrans0.ltrans.o
 .bss.__malloc_free_list
                0x0000000020002498        0x4 /home/fossa/opt/xPacks/@xpack-dev-tools/arm-none-eabi-gcc/9.3.1-1.4.1/.content/bin/../lib/gcc/arm-none-eabi/9.3.1/../../../../arm-none-eabi/lib/thumb/v7-m/nofp/libg_nano.a(lib_a-nano-mallocr.o)
                0x0000000020002498                __malloc_free_list
 .bss.__malloc_sbrk_start
                0x000000002000249c        0x4 /home/fossa/opt/xPacks/@xpack-dev-tools/arm-none-eabi-gcc/9.3.1-1.4.1/.content/bin/../lib/gcc/arm-none-eabi/9.3.1/../../../../arm-none-eabi/lib/thumb/v7-m/nofp/libg_nano.a(lib_a-nano-mallocr.o)
                0x000000002000249c                __malloc_sbrk_start
 *(COMMON)
 COMMON         0x00000000200024a0        0x4 /tmp/Yiff-HL.elf.onDgT1.ltrans0.ltrans.o
                0x00000000200024a0                errno
 COMMON         0x00000000200024a4        0x9 /home/fossa/opt/xPacks/@xpack-dev-tools/arm-none-eabi-gcc/9.3.1-1.4.1/.content/bin/../lib/gcc/arm-none-eabi/9.3.1/../../../../arm-none-eabi/lib/thumb/v7-m/nofp/libg_nano.a(lib_a-lock.o)
                0x00000000200024a4                __lock___atexit_recursive_mutex
                0x00000000200024a5                __lock___arc4random_mutex
                0x00000000200024a6                __lock___env_recursive_mutex
                0x00000000200024a7                __lock___sinit_recursive_mutex
                0x00000000200024a8                __lock___malloc_recursive_mutex
                0x00000000200024a9                __lock___at_quick_exit_mutex
                0x00000000200024aa                __lock___dd_hash_mutex
                0x00000000200024ab                __lock___tz_mutex
                0x00000000200024ac                __lock___sfp_recursive_mutex
 *(.bss_end .bss_end.*)
                0x00000000200024b0                . = ALIGN (0x4)
 *fill*         0x00000000200024ad        0x3 
                0x00000000200024b0                __bss_end__ = .
                0x00000000200024b0                _ebss = .

.noinit_CCMRAM
 *(.noinit.CCMRAM .noinit.CCMRAM.*)

.noinit         0x00000000200024b0        0x0
                0x00000000200024b0                _noinit = .
 *(.noinit .noinit.*)
                0x00000000200024b0                . = ALIGN (0x4)
                0x00000000200024b0                _end_noinit = .
                [!provide]                        PROVIDE (end = _end_noinit)
                [!provide]                        PROVIDE (_end = _end_noinit)
                [!provide]                        PROVIDE (__end = _end_noinit)
                [!provide]                        PROVIDE (__end__ = _end_noinit)

._check_stack   0x00000000200024b0      0x100
                0x00000000200025b0                . = (. + _Minimum_Stack_Size)
 *fill*         0x00000000200024b0      0x100 

.b1text
 *(.b1text)
 *(.b1rodata)
 *(.b1rodata.*)

.eb0text
 *(.eb0text)
 *(.eb0rodata)
 *(.eb0rodata.*)

.eb1text
 *(.eb1text)
 *(.eb1rodata)
 *(.eb1rodata.*)

.eb2text
 *(.eb2text)
 *(.eb2rodata)
 *(.eb2rodata.*)

.eb3text
 *(.eb3text)
 *(.eb3rodata)
 *(.eb3rodata.*)

.stab
 *(.stab)

.stabstr
 *(.stabstr)

.stab.excl
 *(.stab.excl)

.stab.exclstr
 *(.stab.exclstr)

.stab.index
 *(.stab.index)

.stab.indexstr
 *(.stab.indexstr)

.comment        0x0000000000000000       0x43
 *(.comment)
 .comment       0x0000000000000000       0x43 /tmp/Yiff-HL.elf.onDgT1.ltrans0.ltrans.o
                                         0x44 (size before relaxing)

.ARM.attributes
                0x0000000000000000       0x29
 .ARM.attributes
                0x0000000000000000       0x1d /home/fossa/opt/xPacks/@xpack-dev-tools/arm-none-eabi-gcc/9.3.1-1.4.1/.content/bin/../lib/gcc/arm-none-eabi/9.3.1/thumb/v7-m/nofp/crti.o
 .ARM.attributes
                0x000000000000001d       0x2d /home/fossa/opt/xPacks/@xpack-dev-tools/arm-none-eabi-gcc/9.3.1-1.4.1/.content/bin/../lib/gcc/arm-none-eabi/9.3.1/thumb/v7-m/nofp/crtbegin.o
 .ARM.attributes
                0x000000000000004a       0x1b /home/fossa/opt/xPacks/@xpack-dev-tools/arm-none-eabi-gcc/9.3.1-1.4.1/.content/bin/../lib/gcc/arm-none-eabi/9.3.1/../../../../arm-none-eabi/lib/thumb/v7-m/nofp/crt0.o
 .ARM.attributes
                0x0000000000000065       0x2b /tmp/Yiff-HL.elf.onDgT1.ltrans0.ltrans.o
 .ARM.attributes
                0x0000000000000090       0x21 ./system/src/cmsis/startup_stm32f103xb.o
 .ARM.attributes
                0x00000000000000b1       0x2d /home/fossa/opt/xPacks/@xpack-dev-tools/arm-none-eabi-gcc/9.3.1-1.4.1/.content/bin/../lib/gcc/arm-none-eabi/9.3.1/../../../../arm-none-eabi/lib/thumb/v7-m/nofp/libm.a(lib_a-s_floor.o)
 .ARM.attributes
                0x00000000000000de       0x1d /home/fossa/opt/xPacks/@xpack-dev-tools/arm-none-eabi-gcc/9.3.1-1.4.1/.content/bin/../lib/gcc/arm-none-eabi/9.3.1/thumb/v7-m/nofp/libgcc.a(_arm_addsubdf3.o)
 .ARM.attributes
                0x00000000000000fb       0x1d /home/fossa/opt/xPacks/@xpack-dev-tools/arm-none-eabi-gcc/9.3.1-1.4.1/.content/bin/../lib/gcc/arm-none-eabi/9.3.1/thumb/v7-m/nofp/libgcc.a(_arm_cmpdf2.o)
 .ARM.attributes
                0x0000000000000118       0x1d /home/fossa/opt/xPacks/@xpack-dev-tools/arm-none-eabi-gcc/9.3.1-1.4.1/.content/bin/../lib/gcc/arm-none-eabi/9.3.1/thumb/v7-m/nofp/libgcc.a(_arm_fixunsdfsi.o)
 .ARM.attributes
                0x0000000000000135       0x1d /home/fossa/opt/xPacks/@xpack-dev-tools/arm-none-eabi-gcc/9.3.1-1.4.1/.content/bin/../lib/gcc/arm-none-eabi/9.3.1/thumb/v7-m/nofp/libgcc.a(_arm_addsubsf3.o)
 .ARM.attributes
                0x0000000000000152       0x1d /home/fossa/opt/xPacks/@xpack-dev-tools/arm-none-eabi-gcc/9.3.1-1.4.1/.content/bin/../lib/gcc/arm-none-eabi/9.3.1/thumb/v7-m/nofp/libgcc.a(_arm_muldivsf3.o)
 .ARM.attributes
                0x000000000000016f       0x1d /home/fossa/opt/xPacks/@xpack-dev-tools/arm-none-eabi-gcc/9.3.1-1.4.1/.content/bin/../lib/gcc/arm-none-eabi/9.3.1/thumb/v7-m/nofp/libgcc.a(_arm_cmpsf2.o)
 .ARM.attributes
                0x000000000000018c       0x2d /home/fossa/opt/xPacks/@xpack-dev-tools/arm-none-eabi-gcc/9.3.1-1.4.1/.content/bin/../lib/gcc/arm-none-eabi/9.3.1/../../../../arm-none-eabi/lib/thumb/v7-m/nofp/libg_nano.a(lib_a-ctype_.o)
 .ARM.attributes
                0x00000000000001b9       0x2d /home/fossa/opt/xPacks/@xpack-dev-tools/arm-none-eabi-gcc/9.3.1-1.4.1/.content/bin/../lib/gcc/arm-none-eabi/9.3.1/../../../../arm-none-eabi/lib/thumb/v7-m/nofp/libg_nano.a(lib_a-errno.o)
 .ARM.attributes
                0x00000000000001e6       0x2d /home/fossa/opt/xPacks/@xpack-dev-tools/arm-none-eabi-gcc/9.3.1-1.4.1/.content/bin/../lib/gcc/arm-none-eabi/9.3.1/../../../../arm-none-eabi/lib/thumb/v7-m/nofp/libg_nano.a(lib_a-exit.o)
 .ARM.attributes
                0x0000000000000213       0x2d /home/fossa/opt/xPacks/@xpack-dev-tools/arm-none-eabi-gcc/9.3.1-1.4.1/.content/bin/../lib/gcc/arm-none-eabi/9.3.1/../../../../arm-none-eabi/lib/thumb/v7-m/nofp/libg_nano.a(lib_a-findfp.o)
 .ARM.attributes
                0x0000000000000240       0x2d /home/fossa/opt/xPacks/@xpack-dev-tools/arm-none-eabi-gcc/9.3.1-1.4.1/.content/bin/../lib/gcc/arm-none-eabi/9.3.1/../../../../arm-none-eabi/lib/thumb/v7-m/nofp/libg_nano.a(lib_a-impure.o)
 .ARM.attributes
                0x000000000000026d       0x2d /home/fossa/opt/xPacks/@xpack-dev-tools/arm-none-eabi-gcc/9.3.1-1.4.1/.content/bin/../lib/gcc/arm-none-eabi/9.3.1/../../../../arm-none-eabi/lib/thumb/v7-m/nofp/libg_nano.a(lib_a-init.o)
 .ARM.attributes
                0x000000000000029a       0x2d /home/fossa/opt/xPacks/@xpack-dev-tools/arm-none-eabi-gcc/9.3.1-1.4.1/.content/bin/../lib/gcc/arm-none-eabi/9.3.1/../../../../arm-none-eabi/lib/thumb/v7-m/nofp/libg_nano.a(lib_a-lock.o)
 .ARM.attributes
                0x00000000000002c7       0x2d /home/fossa/opt/xPacks/@xpack-dev-tools/arm-none-eabi-gcc/9.3.1-1.4.1/.content/bin/../lib/gcc/arm-none-eabi/9.3.1/../../../../arm-none-eabi/lib/thumb/v7-m/nofp/libg_nano.a(lib_a-memset.o)
 .ARM.attributes
                0x00000000000002f4       0x2d /home/fossa/opt/xPacks/@xpack-dev-tools/arm-none-eabi-gcc/9.3.1-1.4.1/.content/bin/../lib/gcc/arm-none-eabi/9.3.1/../../../../arm-none-eabi/lib/thumb/v7-m/nofp/libg_nano.a(lib_a-nano-mallocr.o)
 .ARM.attributes
                0x0000000000000321       0x2d /home/fossa/opt/xPacks/@xpack-dev-tools/arm-none-eabi-gcc/9.3.1-1.4.1/.content/bin/../lib/gcc/arm-none-eabi/9.3.1/../../../../arm-none-eabi/lib/thumb/v7-m/nofp/libg_nano.a(lib_a-nano-vfprintf_float.o)
 .ARM.attributes
                0x000000000000034e       0x2d /home/fossa/opt/xPacks/@xpack-dev-tools/arm-none-eabi-gcc/9.3.1-1.4.1/.content/bin/../lib/gcc/arm-none-eabi/9.3.1/../../../../arm-none-eabi/lib/thumb/v7-m/nofp/libg_nano.a(lib_a-nano-vfprintf_i.o)
 .ARM.attributes
                0x000000000000037b       0x2d /home/fossa/opt/xPacks/@xpack-dev-tools/arm-none-eabi-gcc/9.3.1-1.4.1/.content/bin/../lib/gcc/arm-none-eabi/9.3.1/../../../../arm-none-eabi/lib/thumb/v7-m/nofp/libg_nano.a(lib_a-sbrkr.o)
 .ARM.attributes
                0x00000000000003a8       0x17 /home/fossa/opt/xPacks/@xpack-dev-tools/arm-none-eabi-gcc/9.3.1-1.4.1/.content/bin/../lib/gcc/arm-none-eabi/9.3.1/../../../../arm-none-eabi/lib/thumb/v7-m/nofp/libg_nano.a(lib_a-strlen.o)
 .ARM.attributes
                0x00000000000003bf       0x2d /home/fossa/opt/xPacks/@xpack-dev-tools/arm-none-eabi-gcc/9.3.1-1.4.1/.content/bin/../lib/gcc/arm-none-eabi/9.3.1/../../../../arm-none-eabi/lib/thumb/v7-m/nofp/libg_nano.a(lib_a-dtoa.o)
 .ARM.attributes
                0x00000000000003ec       0x2d /home/fossa/opt/xPacks/@xpack-dev-tools/arm-none-eabi-gcc/9.3.1-1.4.1/.content/bin/../lib/gcc/arm-none-eabi/9.3.1/../../../../arm-none-eabi/lib/thumb/v7-m/nofp/libg_nano.a(lib_a-localeconv.o)
 .ARM.attributes
                0x0000000000000419       0x2d /home/fossa/opt/xPacks/@xpack-dev-tools/arm-none-eabi-gcc/9.3.1-1.4.1/.content/bin/../lib/gcc/arm-none-eabi/9.3.1/../../../../arm-none-eabi/lib/thumb/v7-m/nofp/libg_nano.a(lib_a-locale.o)
 .ARM.attributes
                0x0000000000000446       0x2d /home/fossa/opt/xPacks/@xpack-dev-tools/arm-none-eabi-gcc/9.3.1-1.4.1/.content/bin/../lib/gcc/arm-none-eabi/9.3.1/../../../../arm-none-eabi/lib/thumb/v7-m/nofp/libg_nano.a(lib_a-malloc.o)
 .ARM.attributes
                0x0000000000000473       0x2d /home/fossa/opt/xPacks/@xpack-dev-tools/arm-none-eabi-gcc/9.3.1-1.4.1/.content/bin/../lib/gcc/arm-none-eabi/9.3.1/../../../../arm-none-eabi/lib/thumb/v7-m/nofp/libg_nano.a(lib_a-mbtowc_r.o)
 .ARM.attributes
                0x00000000000004a0       0x2d /home/fossa/opt/xPacks/@xpack-dev-tools/arm-none-eabi-gcc/9.3.1-1.4.1/.content/bin/../lib/gcc/arm-none-eabi/9.3.1/../../../../arm-none-eabi/lib/thumb/v7-m/nofp/libg_nano.a(lib_a-memchr-stub.o)
 .ARM.attributes
                0x00000000000004cd       0x2d /home/fossa/opt/xPacks/@xpack-dev-tools/arm-none-eabi-gcc/9.3.1-1.4.1/.content/bin/../lib/gcc/arm-none-eabi/9.3.1/../../../../arm-none-eabi/lib/thumb/v7-m/nofp/libg_nano.a(lib_a-memcpy-stub.o)
 .ARM.attributes
                0x00000000000004fa       0x2d /home/fossa/opt/xPacks/@xpack-dev-tools/arm-none-eabi-gcc/9.3.1-1.4.1/.content/bin/../lib/gcc/arm-none-eabi/9.3.1/../../../../arm-none-eabi/lib/thumb/v7-m/nofp/libg_nano.a(lib_a-mlock.o)
 .ARM.attributes
                0x0000000000000527       0x2d /home/fossa/opt/xPacks/@xpack-dev-tools/arm-none-eabi-gcc/9.3.1-1.4.1/.content/bin/../lib/gcc/arm-none-eabi/9.3.1/../../../../arm-none-eabi/lib/thumb/v7-m/nofp/libg_nano.a(lib_a-mprec.o)
 .ARM.attributes
                0x0000000000000554       0x2d /home/fossa/opt/xPacks/@xpack-dev-tools/arm-none-eabi-gcc/9.3.1-1.4.1/.content/bin/../lib/gcc/arm-none-eabi/9.3.1/../../../../arm-none-eabi/lib/thumb/v7-m/nofp/libg_nano.a(lib_a-nano-callocr.o)
 .ARM.attributes
                0x0000000000000581       0x2d /home/fossa/opt/xPacks/@xpack-dev-tools/arm-none-eabi-gcc/9.3.1-1.4.1/.content/bin/../lib/gcc/arm-none-eabi/9.3.1/../../../../arm-none-eabi/lib/thumb/v7-m/nofp/libg_nano.a(lib_a-nano-freer.o)
 .ARM.attributes
                0x00000000000005ae       0x2d /home/fossa/opt/xPacks/@xpack-dev-tools/arm-none-eabi-gcc/9.3.1-1.4.1/.content/bin/../lib/gcc/arm-none-eabi/9.3.1/../../../../arm-none-eabi/lib/thumb/v7-m/nofp/libg_nano.a(lib_a-wctomb_r.o)
 .ARM.attributes